- Testing dbstore now() -
1
-- The schema change below should fail --
[ALTER TABLE t1 { tag ondisk { int i datetime t dbstore={now()} } }] failed with rc 240 column must be nullable to use a function as its default value
-- The schema change below should fail, too --
[ALTER TABLE t1 { tag ondisk { int i datetime t dbstore="CURRENT_TIMESTAMP" } }] failed with rc 240 column must be nullable to use a function as its default value
-- The schema change below should succeed, instantly --
-- The schema change below should succeed instantly, too --
1
-- Verify records --
1
-- Verify records again after rebuild --
1
-- The schema change below should succeed. dta is untouched but a new index is built --
1
-- Verify records --
1
-- Verify records again after full rebuild --
1
