(rows inserted=1)
(rows inserted=1)
[SELECT * FROM t4; -- data will be inserted but can't select bc have bad tz] failed with rc 113 failed to convert sqlite to client datetime for field "a"
[INSERT INTO t4 VALUES (NOW())] failed with rc 304  unable to add record rc = -1
[INSERT INTO t4 VALUES ("2023-12-12 America/New_York")] failed with rc 304  unable to add record rc = -1
(rows inserted=1)
(rows inserted=1)
[SELECT * FROM t4; -- data will be inserted but can't select bc have bad tz] failed with rc 113 failed to convert sqlite to client datetime for field "a"
[INSERT INTO t4 VALUES (NOW())] failed with rc 304  unable to add record rc = -1
[INSERT INTO t4 VALUES ("2023-12-12 America/New_York")] failed with rc 304  unable to add record rc = -1
