(version='1')
(rows inserted=1)
(rows inserted=1)
(rows inserted=1)
(rows inserted=1)
(rows updated=4)
(rows deleted=4)
(old=NULL, new='{"a":1}')
(old=NULL, new='{"a":nan}')
(old=NULL, new='{"a":-inf}')
(old=NULL, new='{"a":inf}')
(old='{"a":1}', new='{"a":1}')
(old='{"a":nan}', new='{"a":nan}')
(old='{"a":-inf}', new='{"a":-inf}')
(old='{"a":inf}', new='{"a":inf}')
(old='{"a":1}', new=NULL)
(old='{"a":nan}', new=NULL)
(old='{"a":-inf}', new=NULL)
(old='{"a":inf}', new=NULL)
(version='1')
(rows inserted=1)
(rows inserted=1)
(rows inserted=1)
(rows inserted=1)
(rows updated=4)
(rows deleted=4)
(old=NULL, new='{"a":1}')
(old=NULL, new='{"a":"nan"}')
(old=NULL, new='{"a":"-inf"}')
(old=NULL, new='{"a":"inf"}')
(old='{"a":1}', new='{"a":1}')
(old='{"a":"nan"}', new='{"a":"nan"}')
(old='{"a":"-inf"}', new='{"a":"-inf"}')
(old='{"a":"inf"}', new='{"a":"inf"}')
(old='{"a":"nan"}', new=NULL)
(old='{"a":"-inf"}', new=NULL)
(old='{"a":"inf"}', new=NULL)
(old='{"a":1}', new=NULL)
