(fingerprint='07790336d7a9c788dea2e269c35a7758', normalized_sql='SELECT?+?+?+?+?+?+?+?+?+?;', task='cdb2sql', qcount=1, cost=0, rows=1)
(fingerprint='8d2a66837262d1dfda51584c688d02b7', normalized_sql='SELECT?+?+?+?+?+?+?+?+?;', task='cdb2sql', qcount=1, cost=0, rows=1)
(fingerprint='84c0e107abfb90ff626250c9298a6d10', normalized_sql='SELECT?+?+?+?+?+?+?+?;', task='cdb2sql', qcount=1, cost=0, rows=1)
(fingerprint='85a298c60c49db457752b85286f88a90', normalized_sql='SELECT?+?+?+?+?+?+?;', task='cdb2sql', qcount=1, cost=0, rows=1)
(fingerprint='e6a7c48da155c4d43169892dc83d34e4', normalized_sql='SELECT?+?+?+?+?+?;', task='cdb2sql', qcount=1, cost=0, rows=1)
(fingerprint='d9c583aa63e58193e29a9963f472acb0', normalized_sql='SELECT?+?+?+?+?;', task='cdb2sql', qcount=1, cost=0, rows=1)
(fingerprint='542a619b69c1d9d779c053eb768ddd5b', normalized_sql='SELECT?+?+?+?;', task='cdb2sql', qcount=1, cost=0, rows=1)
(fingerprint='786cc49d023ab390f05efa16804083f2', normalized_sql='SELECT?+?+?;', task='cdb2sql', qcount=1, cost=0, rows=1)
(fingerprint='a8aba85dbb41e02489b5aa47de3b8a0a', normalized_sql='SELECT?+?;', task='cdb2sql', qcount=1, cost=0, rows=1)
(fingerprint='4f16a8ec9db90f803e406659938b2602', normalized_sql='SELECT?;', task='cdb2sql', qcount=1, cost=0, rows=1)
