(part='---------------------------------- PART #01 ----------------------------------')
(rows inserted=2)
(i=1)
(i=1)
(part='---------------------------------- PART #02 ----------------------------------')
[INSERT INTO t1 VALUES(1), (1)] failed with rc 299 add key constraint duplicate key 'COMDB2_PK' on table 't1' index 0
(part='---------------------------------- PART #03 ----------------------------------')
(rows inserted=1)
(rows inserted=1)
(i=0, j=1)
(i=1, j=1)
(part='---------------------------------- PART #04 ----------------------------------')
(rows inserted=1)
(rows inserted=1)
(i=0, j=1)
(part='---------------------------------- PART #05 ----------------------------------')
(rows inserted=1)
(rows inserted=1)
(i=1, j=1)
(part='---------------------------------- PART #06 ----------------------------------')
(rows inserted=1)
(rows inserted=1)
[INSERT INTO t2 VALUES(1,1)] failed with rc 299 add key constraint duplicate key 'COMDB2_PK' on table 't2' index 0
(rows inserted=3)
(i=1, j=1)
(i=2, j=2)
(i=3, j=3)
(part='---------------------------------- PART #07 ----------------------------------')
(rows inserted=1)
(rows inserted=1)
(rows inserted=1)
(i=1, j=2, k=0)
(part='---------------------------------- PART #08 ----------------------------------')
(rows inserted=1)
(rows inserted=1)
(i=1, j=3, k=0)
(part='---------------------------------- PART #09 ----------------------------------')
(part='---------------------------------- PART #10 ----------------------------------')
(rows inserted=1)
(rows inserted=1)
[INSERT INTO t1 VALUEs(0,1,2)] failed with rc 299 add key constraint duplicate key 'COMDB2_PK' on table 't1' index 0
[INSERT INTO t1 VALUEs(0,1,2) ON CONFLICT (i) DO UPDATE SET z=z+1] failed with rc -3 no such column: z
[INSERT INTO t1 VALUEs(0,1,2) ON CONFLICT (i) DO UPDATE SET k=z+1] failed with rc -3 no such column: z
[INSERT INTO t1 VALUEs(0,1,2) ON CONFLICT (i) DO UPDATE SET k=k+1] failed with rc 299 add key constraint duplicate key '$KEY_697548A5' on table 't1' index 1
(rows inserted=0)
(rows inserted=1)
(i=0, j=2, k=0)
(i=1, j=0, k=1)
(i=2, j=1, k=3)
(part='---------------------------------- PART #11 ----------------------------------')
(rows inserted=2)
(rows inserted=1)
(a=1, b=8, c=1)
(a=2, b=11, c=0)
(a=3, b=4, c=0)
(part='---------------------------------- PART #12 ----------------------------------')
(rows inserted=1)
(part='---------------------------------- PART #13 ----------------------------------')
(rows inserted=1)
(x=1, y=2)
(rows inserted=0)
(x=1, y=1)
(part='---------------------------------- PART #14 ----------------------------------')
(rows inserted=1)
(rows inserted=2)
(a=7, b=8, c=0)
(part='---------------------------------- PART #15 ----------------------------------')
[INSERT INTO t1(a,b) VALUES(8,7),(9,6) ON CONFLICT(a) DO NOTHING] failed with rc 299 add key constraint duplicate key 'IDX1' on table 't1' index 1
(a=7, b=8, c=0)
(part='---------------------------------- PART #16 ----------------------------------')
(rows inserted=1)
[INSERT INTO t1 VALUES(1,1,1,1)] failed with rc 299 add key constraint duplicate key 'COMDB2_PK' on table 't1' index 0
(rows inserted=1)
[INSERT INTO t1 VALUES(1,1,1,1) ON CONFLICT(i) DO NOTHING] failed with rc 299 add key constraint duplicate key '$KEY_1E727833' on table 't1' index 1
[INSERT INTO t1 VALUES(1,1,1,1) ON CONFLICT(j) DO NOTHING] failed with rc 299 add key constraint duplicate key 'COMDB2_PK' on table 't1' index 0
[INSERT INTO t1 VALUES(1,1,1,1) ON CONFLICT(k) DO NOTHING] failed with rc -3 ON CONFLICT clause does not match any PRIMARY KEY or UNIQUE constraint
[INSERT INTO t1 VALUES(1,1,1,1) ON CONFLICT(l) DO NOTHING] failed with rc 299 add key constraint duplicate key 'COMDB2_PK' on table 't1' index 0
[INSERT INTO t1 VALUES(1,1,1,1) ON CONFLICT(m) DO NOTHING] failed with rc -3 no such column: m
(i=1, j=1, k=1, l=1)
(part='---------------------------------- PART #17 ----------------------------------')
[INSERT INTO t1 VALUES(2,1,1,1) ON CONFLICT(j) DO NOTHING] failed with rc 299 add key constraint duplicate key '$KEY_F711DD06' on table 't1' index 2
(rows inserted=1)
(i=1, j=1, k=1, l=1)
(part='---------------------------------- PART #18 ----------------------------------')
(rows inserted=1)
(i=1, j=1, k=1, l=1)
(part='---------------------------------- PART #19 ----------------------------------')
(rows inserted=1)
(i=1, j=1, k=1, l=1)
(i=99, j=99, k=1, l=99)
(part='---------------------------------- PART #20 ----------------------------------')
(rows inserted=1)
[INSERT INTO t1 VALUES(1, 11)] failed with rc 299 add key constraint duplicate key 'IDX1' on table 't1' index 0
(i=1, j=10)
(part='---------------------------------- PART #21 ----------------------------------')
(rows inserted=1)
(i=1, j=4)
(i=1, j=10)
(part='---------------------------------- PART #22 ----------------------------------')
(rows inserted=1)
(i=1, j=4)
(i=1, j=4)
(i=1, j=10)
(part='---------------------------------- PART #23 ----------------------------------')
(rows inserted=1)
(rows inserted=1)
(rows inserted=1)
(rows inserted=1)
(COUNT(*)=4=1)
(i=NULL)
(i=NULL)
(i=NULL)
(i=1)
(part='---------------------------------- PART #24 ----------------------------------')
(rows inserted=1)
(tbl='t1', i=1, j=1)
(part='---------------------------------- PART #25 ----------------------------------')
(rows inserted=1)
(rows inserted=1)
[COMMIT] failed with rc 3 verify key constraint cannot cascade update table 'c' rc 2
(tbl='p', i=1)
(tbl='c', i=1)
('-- DRQS 143875590 --'='-- DRQS 143875590 --')
(rows inserted=1)
(rows inserted=1)
(c1='aaa', c2=7)
(c1='aaa', c2=3)
[INSERT INTO t1 VALUES('aaa', 3)] failed with rc 299 add key constraint duplicate key 'IDX' on table 't1' index 0
(rows inserted=1)
(test='---- CHECK CONSTRAINT & UPSERT ----')
[INSERT INTO t1 VALUES(1)] failed with rc 403 CHECK constraint violation CHECK constraint failed for '$CONSTRAINT_A91B9811' unable to add record rc = 320
(rows inserted=1)
[INSERT INTO t1 VALUES(11)] failed with rc 299 add key constraint duplicate key '$KEY_877B2989' on table 't1' index 0
(rows inserted=1)
(i=11)
[INSERT INTO t1 VALUES(11) ON CONFLICT(i) DO UPDATE SET i = 1] failed with rc 403 CHECK constraint violation CHECK constraint failed for '$CONSTRAINT_A91B9811' unable to update record rc = 320
(i=11)
(rows inserted=0)
(i=12)
