(part='---------------------------------- PART #01 ----------------------------------')
Number of rows affected 0
Number of rows selected 1
Number of rows deleted 0
Number of rows updated 0
Number of rows inserted 0
[SELECT '---------------------------------- PART #01 ----------------------------------' AS part] rc 0
Number of rows affected 0
Number of rows selected 0
Number of rows deleted 0
Number of rows updated 0
Number of rows inserted 0
[CREATE TABLE t1(i INT PRIMARY KEY, j INT UNIQUE)] rc 0
(rows inserted=1)
Number of rows affected 1
Number of rows selected 0
Number of rows deleted 0
Number of rows updated 0
Number of rows inserted 1
[INSERT INTO t1 VALUES(1,1) ON CONFLICT DO NOTHING] rc 0
(rows inserted=1)
Number of rows affected 0
Number of rows selected 0
Number of rows deleted 0
Number of rows updated 0
Number of rows inserted 0
[INSERT INTO t1 VALUES(1,1) ON CONFLICT DO NOTHING] rc 0
(i=1, j=1)
Number of rows affected 0
Number of rows selected 1
Number of rows deleted 0
Number of rows updated 0
Number of rows inserted 0
[SELECT * FROM t1 ORDER BY i] rc 0
Number of rows affected 0
Number of rows selected 0
Number of rows deleted 0
Number of rows updated 0
Number of rows inserted 0
[DROP TABLE t1] rc 0
(part='---------------------------------- PART #02 ----------------------------------')
Number of rows affected 0
Number of rows selected 1
Number of rows deleted 0
Number of rows updated 0
Number of rows inserted 0
[SELECT '---------------------------------- PART #02 ----------------------------------' AS part] rc 0
Number of rows affected 0
Number of rows selected 0
Number of rows deleted 0
Number of rows updated 0
Number of rows inserted 0
[CREATE TABLE t1(i INT PRIMARY KEY, j INT UNIQUE)] rc 0
(rows inserted=1)
Number of rows affected 1
Number of rows selected 0
Number of rows deleted 0
Number of rows updated 0
Number of rows inserted 1
[INSERT INTO t1 VALUES(0,1)] rc 0
(rows inserted=1)
Number of rows affected 2
Number of rows selected 0
Number of rows deleted 1
Number of rows updated 0
Number of rows inserted 1
[REPLACE INTO t1 VALUES(1,1)] rc 0
(i=1, j=1)
Number of rows affected 0
Number of rows selected 1
Number of rows deleted 0
Number of rows updated 0
Number of rows inserted 0
[SELECT * FROM t1 ORDER BY i] rc 0
Number of rows affected 0
Number of rows selected 0
Number of rows deleted 0
Number of rows updated 0
Number of rows inserted 0
[DROP TABLE t1] rc 0
(part='---------------------------------- PART #03 ----------------------------------')
Number of rows affected 0
Number of rows selected 1
Number of rows deleted 0
Number of rows updated 0
Number of rows inserted 0
[SELECT '---------------------------------- PART #03 ----------------------------------' AS part] rc 0
Number of rows affected 0
Number of rows selected 0
Number of rows deleted 0
Number of rows updated 0
Number of rows inserted 0
[CREATE TABLE t1(i INT PRIMARY KEY, j INT UNIQUE)] rc 0
(rows inserted=1)
Number of rows affected 1
Number of rows selected 0
Number of rows deleted 0
Number of rows updated 0
Number of rows inserted 1
[INSERT INTO t1 VALUES(0,1)] rc 0
(rows inserted=1)
Number of rows affected 1
Number of rows selected 0
Number of rows deleted 0
Number of rows updated 0
Number of rows inserted 1
[INSERT INTO t1 VALUES(1,2)] rc 0
(rows inserted=1)
Number of rows affected 1
Number of rows selected 0
Number of rows deleted 0
Number of rows updated 0
Number of rows inserted 1
[INSERT INTO t1 VALUES(2,3)] rc 0
(rows inserted=3)
Number of rows affected 6
Number of rows selected 0
Number of rows deleted 3
Number of rows updated 0
Number of rows inserted 3
[REPLACE INTO t1 VALUES(1,1), (2,2), (3,3)] rc 0
(i=1, j=1)
(i=2, j=2)
(i=3, j=3)
Number of rows affected 0
Number of rows selected 3
Number of rows deleted 0
Number of rows updated 0
Number of rows inserted 0
[SELECT * FROM t1 ORDER BY i,j] rc 0
Number of rows affected 0
Number of rows selected 0
Number of rows deleted 0
Number of rows updated 0
Number of rows inserted 0
[DROP TABLE t1] rc 0
(part='---------------------------------- PART #04 ----------------------------------')
Number of rows affected 0
Number of rows selected 1
Number of rows deleted 0
Number of rows updated 0
Number of rows inserted 0
[SELECT '---------------------------------- PART #04 ----------------------------------' AS part] rc 0
Number of rows affected 0
Number of rows selected 0
Number of rows deleted 0
Number of rows updated 0
Number of rows inserted 0
[CREATE TABLE t1(i INT PRIMARY KEY, j INT, k INT UNIQUE)] rc 0
(rows inserted=1)
Number of rows affected 1
Number of rows selected 0
Number of rows deleted 0
Number of rows updated 0
Number of rows inserted 1
[INSERT INTO t1 VALUES(0,1,0)] rc 0
(rows inserted=1)
Number of rows affected 1
Number of rows selected 0
Number of rows deleted 0
Number of rows updated 0
Number of rows inserted 1
[INSERT INTO t1 VALUES(1,0,1)] rc 0
(rows inserted=0)
Number of rows affected 1
Number of rows selected 0
Number of rows deleted 0
Number of rows updated 1
Number of rows inserted 0
[INSERT INTO t1 VALUES(0,1,2) ON CONFLICT (i) DO UPDATE SET j=j+1] rc 0
(i=0, j=2, k=0)
(i=1, j=0, k=1)
Number of rows affected 0
Number of rows selected 2
Number of rows deleted 0
Number of rows updated 0
Number of rows inserted 0
[SELECT * FROM t1 ORDER BY i, j, k] rc 0
Number of rows affected 0
Number of rows selected 0
Number of rows deleted 0
Number of rows updated 0
Number of rows inserted 0
[DROP TABLE t1] rc 0
