(test='---- ignored upsert skips constraints ----')
(rows inserted=1)
(rows inserted=1)
(test='-- 1. conflict on all indexes, child points at missing parent --')
(rows inserted=1)
(i=1, j=1)
(test='-- 2. conflict on target index, child points at missing parent --')
(rows inserted=1)
(i=1, j=1)
(test='-- 3. multiple ignored upserts in one txn --')
(i=1, j=1)
(test='-- 4. ignored upsert + fk-violating insert must fail --')
[COMMIT] failed with rc 3 Transaction violates foreign key constraint c(j) -> p(i): key value does not exist in parent table
(i=1, j=1)
(test='-- 5. fk-violating insert + ignored upsert must fail --')
[COMMIT] failed with rc 3 Transaction violates foreign key constraint c(j) -> p(i): key value does not exist in parent table
(i=1, j=1)
(test='-- 6. ignored upsert + valid insert succeeds --')
(i=1, j=1)
(i=2, j=1)
(test='-- 7. ignored upsert + delete of referenced parent must fail --')
[COMMIT] failed with rc 3 Transaction violates foreign key constraint c(j) -> p(i): key value is still referenced from child table
(i=1)
(test='-- 8. ignored upsert + dup inserts in same txn must fail --')
[COMMIT] failed with rc 299 add key constraint duplicate key '$KEY_90B78064' on table 'c' index 0
(i=1, j=1)
(i=2, j=1)
(test='-- 9. ignored upsert + update and delete succeed --')
(i=3, j=1)
(test='-- 10. ignored upsert on target index, conflict on other index must fail --')
[INSERT INTO c VALUES(4, 1) ON CONFLICT(i) DO NOTHING] failed with rc 299 add key constraint duplicate key 'C_J' on table 'c' index 2
(i=3, j=1)
(test='-- 11. ignored upsert + upsert that inserts --')
(rows inserted=1)
(i=3, j=1)
(i=5, j=2)
(test='-- 12. ignored upsert + upsert that inserts with missing parent must fail --')
[COMMIT] failed with rc 3 Transaction violates foreign key constraint c(j) -> p(i): key value does not exist in parent table
(i=3, j=1)
(i=5, j=2)
