(tablename='sqlite_stat1', tagname='.ONDISK_CLIENT', ixnum=0, size=0, numcolumns=3, sqlitekeyname='', keyname='', numblobs=0, numindexes=0)
(tablename='sqlite_stat1', tagname='0', ixnum=0, size=0, numcolumns=2, sqlitekeyname='', keyname='', numblobs=0, numindexes=0)
(tablename='sqlite_stat1', tagname='.ONDISK', ixnum=0, size=4224, numcolumns=3, sqlitekeyname='', keyname='', numblobs=0, numindexes=1)
(tablename='sqlite_stat1', tagname='.ONDISK.VER.1', ixnum=0, size=4224, numcolumns=3, sqlitekeyname='', keyname='', numblobs=0, numindexes=0)
(tablename='sqlite_stat1', tagname='.ONDISK_CLIENT_IX_0', ixnum=0, size=0, numcolumns=2, sqlitekeyname='', keyname='', numblobs=0, numindexes=0)
(tablename='sqlite_stat1', tagname='.ONDISK_ix_0', ixnum=0, size=0, numcolumns=2, sqlitekeyname='', keyname='0', numblobs=0, numindexes=0)
(tablename='sqlite_stat4', tagname='.ONDISK_CLIENT', ixnum=0, size=0, numcolumns=4, sqlitekeyname='', keyname='', numblobs=0, numindexes=0)
(tablename='sqlite_stat4', tagname='0', ixnum=0, size=0, numcolumns=2, sqlitekeyname='', keyname='', numblobs=0, numindexes=0)
(tablename='sqlite_stat4', tagname='.ONDISK', ixnum=0, size=1158, numcolumns=4, sqlitekeyname='', keyname='', numblobs=0, numindexes=1)
(tablename='sqlite_stat4', tagname='.ONDISK.VER.1', ixnum=0, size=1158, numcolumns=4, sqlitekeyname='', keyname='', numblobs=0, numindexes=0)
(tablename='sqlite_stat4', tagname='.ONDISK_CLIENT_IX_0', ixnum=0, size=0, numcolumns=2, sqlitekeyname='', keyname='', numblobs=0, numindexes=0)
(tablename='sqlite_stat4', tagname='.ONDISK_ix_0', ixnum=0, size=0, numcolumns=2, sqlitekeyname='', keyname='0', numblobs=0, numindexes=0)
(tablename='t4', tagname='.ONDISK_CLIENT', ixnum=0, size=0, numcolumns=18, sqlitekeyname='', keyname='', numblobs=0, numindexes=0)
(tablename='t4', tagname='.DEFAULT', ixnum=0, size=304, numcolumns=8, sqlitekeyname='', keyname='', numblobs=0, numindexes=12)
(tablename='t4', tagname='.ONDISK_CLIENT_IX_10', ixnum=0, size=0, numcolumns=3, sqlitekeyname='', keyname='', numblobs=0, numindexes=0)
(tablename='t4', tagname='.ONDISK_CLIENT_IX_11', ixnum=0, size=0, numcolumns=3, sqlitekeyname='', keyname='', numblobs=0, numindexes=0)
(tablename='t4', tagname='all', ixnum=0, size=384, numcolumns=17, sqlitekeyname='', keyname='', numblobs=0, numindexes=0)
(tablename='t4', tagname='KEY_1', ixnum=0, size=0, numcolumns=1, sqlitekeyname='', keyname='', numblobs=0, numindexes=0)
(tablename='t4', tagname='all_v1', ixnum=0, size=384, numcolumns=18, sqlitekeyname='', keyname='', numblobs=0, numindexes=0)
(tablename='t4', tagname='.ONDISK', ixnum=0, size=139, numcolumns=18, sqlitekeyname='', keyname='', numblobs=0, numindexes=12)
(tablename='t4', tagname='.DEFAULT_ix_0', ixnum=0, size=0, numcolumns=1, sqlitekeyname='', keyname='', numblobs=0, numindexes=0)
(tablename='t4', tagname='.ONDISK.VER.1', ixnum=0, size=139, numcolumns=18, sqlitekeyname='', keyname='', numblobs=0, numindexes=12)
(tablename='t4', tagname='.ONDISK_CLIENT_IX_0', ixnum=0, size=0, numcolumns=1, sqlitekeyname='', keyname='', numblobs=0, numindexes=0)
(tablename='t4', tagname='.ONDISK_CLIENT_IX_1', ixnum=0, size=0, numcolumns=2, sqlitekeyname='', keyname='', numblobs=0, numindexes=0)
(tablename='t4', tagname='.ONDISK_CLIENT_IX_2', ixnum=0, size=0, numcolumns=2, sqlitekeyname='', keyname='', numblobs=0, numindexes=0)
(tablename='t4', tagname='.ONDISK_CLIENT_IX_3', ixnum=0, size=0, numcolumns=2, sqlitekeyname='', keyname='', numblobs=0, numindexes=0)
(tablename='t4', tagname='.ONDISK_CLIENT_IX_4', ixnum=0, size=0, numcolumns=3, sqlitekeyname='', keyname='', numblobs=0, numindexes=0)
(tablename='t4', tagname='.ONDISK_CLIENT_IX_5', ixnum=0, size=0, numcolumns=3, sqlitekeyname='', keyname='', numblobs=0, numindexes=0)
(tablename='t4', tagname='.ONDISK_CLIENT_IX_6', ixnum=0, size=0, numcolumns=2, sqlitekeyname='', keyname='', numblobs=0, numindexes=0)
(tablename='t4', tagname='.ONDISK_CLIENT_IX_7', ixnum=0, size=0, numcolumns=2, sqlitekeyname='', keyname='', numblobs=0, numindexes=0)
(tablename='t4', tagname='.ONDISK_CLIENT_IX_8', ixnum=0, size=0, numcolumns=2, sqlitekeyname='', keyname='', numblobs=0, numindexes=0)
(tablename='t4', tagname='.ONDISK_CLIENT_IX_9', ixnum=0, size=0, numcolumns=3, sqlitekeyname='', keyname='', numblobs=0, numindexes=0)
(tablename='t4', tagname='.ONDISK_ix_0', ixnum=0, size=0, numcolumns=1, sqlitekeyname='$KEY_1_F9759DC5', keyname='KEY_1', numblobs=0, numindexes=0)
(tablename='t4', tagname='KEY_2', ixnum=1, size=0, numcolumns=2, sqlitekeyname='', keyname='', numblobs=0, numindexes=0)
(tablename='t4', tagname='.DEFAULT_ix_1', ixnum=1, size=0, numcolumns=2, sqlitekeyname='', keyname='', numblobs=0, numindexes=0)
(tablename='t4', tagname='.ONDISK_ix_1', ixnum=1, size=0, numcolumns=2, sqlitekeyname='$KEY_2_8AACC053', keyname='KEY_2', numblobs=0, numindexes=0)
(tablename='t4', tagname='KEY_3', ixnum=2, size=0, numcolumns=2, sqlitekeyname='', keyname='', numblobs=0, numindexes=0)
(tablename='t4', tagname='.DEFAULT_ix_2', ixnum=2, size=0, numcolumns=2, sqlitekeyname='', keyname='', numblobs=0, numindexes=0)
(tablename='t4', tagname='.ONDISK_ix_2', ixnum=2, size=0, numcolumns=2, sqlitekeyname='$KEY_3_88CA4941', keyname='KEY_3', numblobs=0, numindexes=0)
(tablename='t4', tagname='KEY_4', ixnum=3, size=0, numcolumns=2, sqlitekeyname='', keyname='', numblobs=0, numindexes=0)
(tablename='t4', tagname='.DEFAULT_ix_3', ixnum=3, size=0, numcolumns=2, sqlitekeyname='', keyname='', numblobs=0, numindexes=0)
(tablename='t4', tagname='.ONDISK_ix_3', ixnum=3, size=0, numcolumns=2, sqlitekeyname='$KEY_4_176CB6D5', keyname='KEY_4', numblobs=0, numindexes=0)
(tablename='t4', tagname='KEY_5', ixnum=4, size=0, numcolumns=3, sqlitekeyname='', keyname='', numblobs=0, numindexes=0)
(tablename='t4', tagname='.ONDISK_ix_4', ixnum=4, size=0, numcolumns=3, sqlitekeyname='$KEY_5_2FD961B8', keyname='KEY_5', numblobs=0, numindexes=0)
(tablename='t4', tagname='KEY_6', ixnum=5, size=0, numcolumns=3, sqlitekeyname='', keyname='', numblobs=0, numindexes=0)
(tablename='t4', tagname='.ONDISK_ix_5', ixnum=5, size=0, numcolumns=3, sqlitekeyname='$KEY_6_B20E5901', keyname='KEY_6', numblobs=0, numindexes=0)
(tablename='t4', tagname='KEY_7', ixnum=6, size=0, numcolumns=2, sqlitekeyname='', keyname='', numblobs=0, numindexes=0)
(tablename='t4', tagname='.ONDISK_ix_6', ixnum=6, size=0, numcolumns=2, sqlitekeyname='$KEY_7_C03B633A', keyname='KEY_7', numblobs=0, numindexes=0)
(tablename='t4', tagname='KEY_8', ixnum=7, size=0, numcolumns=2, sqlitekeyname='', keyname='', numblobs=0, numindexes=0)
(tablename='t4', tagname='.ONDISK_ix_7', ixnum=7, size=0, numcolumns=2, sqlitekeyname='$KEY_8_5DEC5B83', keyname='KEY_8', numblobs=0, numindexes=0)
(tablename='t4', tagname='KEY_9', ixnum=8, size=0, numcolumns=2, sqlitekeyname='', keyname='', numblobs=0, numindexes=0)
(tablename='t4', tagname='.ONDISK_ix_8', ixnum=8, size=0, numcolumns=2, sqlitekeyname='$KEY_9_E5503CE6', keyname='KEY_9', numblobs=0, numindexes=0)
(tablename='t4', tagname='KEY_10', ixnum=9, size=0, numcolumns=3, sqlitekeyname='', keyname='', numblobs=0, numindexes=0)
(tablename='t4', tagname='.ONDISK_ix_9', ixnum=9, size=0, numcolumns=3, sqlitekeyname='$KEY_10_976506DD', keyname='KEY_10', numblobs=0, numindexes=0)
(tablename='t4', tagname='KEY_11', ixnum=10, size=0, numcolumns=3, sqlitekeyname='', keyname='', numblobs=0, numindexes=0)
(tablename='t4', tagname='.ONDISK_ix_10', ixnum=10, size=0, numcolumns=3, sqlitekeyname='$KEY_11_36CC55BB', keyname='KEY_11', numblobs=0, numindexes=0)
(tablename='t4', tagname='KEY_12', ixnum=11, size=0, numcolumns=3, sqlitekeyname='', keyname='', numblobs=0, numindexes=0)
(tablename='t4', tagname='.ONDISK_ix_11', ixnum=11, size=0, numcolumns=3, sqlitekeyname='$KEY_12_E485B21D', keyname='KEY_12', numblobs=0, numindexes=0)
(tablename='sqlite_stat1', tagname='.ONDISK', name='tbl', indx=0, type=104, offset=0, length=64, datalength=0, flags=2, expr=0, defaultvalue=NULL, dbload=NULL, conversionflags=0, conversiondbpad=0, conversionstep=0, blobindx=-1)
(tablename='sqlite_stat1', tagname='.ONDISK', name='idx', indx=1, type=104, offset=64, length=64, datalength=0, flags=0, expr=0, defaultvalue=NULL, dbload=NULL, conversionflags=0, conversiondbpad=0, conversionstep=0, blobindx=-1)
(tablename='sqlite_stat1', tagname='.ONDISK', name='stat', indx=2, type=104, offset=128, length=4096, datalength=0, flags=2, expr=0, defaultvalue=NULL, dbload=NULL, conversionflags=0, conversiondbpad=0, conversionstep=0, blobindx=-1)
(tablename='sqlite_stat1', tagname='.ONDISK.VER.1', name='tbl', indx=0, type=104, offset=0, length=64, datalength=0, flags=2, expr=0, defaultvalue=NULL, dbload=NULL, conversionflags=0, conversiondbpad=0, conversionstep=0, blobindx=-1)
(tablename='sqlite_stat1', tagname='.ONDISK.VER.1', name='idx', indx=1, type=104, offset=64, length=64, datalength=0, flags=0, expr=0, defaultvalue=NULL, dbload=NULL, conversionflags=0, conversiondbpad=0, conversionstep=0, blobindx=-1)
(tablename='sqlite_stat1', tagname='.ONDISK.VER.1', name='stat', indx=2, type=104, offset=128, length=4096, datalength=0, flags=2, expr=0, defaultvalue=NULL, dbload=NULL, conversionflags=0, conversiondbpad=0, conversionstep=0, blobindx=-1)
(tablename='sqlite_stat1', tagname='.ONDISK_CLIENT', name='tbl', indx=0, type=4, offset=0, length=64, datalength=0, flags=2, expr=0, defaultvalue=NULL, dbload=NULL, conversionflags=0, conversiondbpad=0, conversionstep=0, blobindx=-1)
(tablename='sqlite_stat1', tagname='.ONDISK_CLIENT', name='idx', indx=1, type=4, offset=64, length=64, datalength=0, flags=0, expr=0, defaultvalue=NULL, dbload=NULL, conversionflags=0, conversiondbpad=0, conversionstep=0, blobindx=-1)
(tablename='sqlite_stat1', tagname='.ONDISK_CLIENT', name='stat', indx=2, type=4, offset=128, length=4096, datalength=0, flags=2, expr=0, defaultvalue=NULL, dbload=NULL, conversionflags=0, conversiondbpad=0, conversionstep=0, blobindx=-1)
(tablename='sqlite_stat1', tagname='.ONDISK_CLIENT_IX_0', name='tbl', indx=0, type=4, offset=0, length=64, datalength=0, flags=0, expr=0, defaultvalue=NULL, dbload=NULL, conversionflags=0, conversiondbpad=0, conversionstep=0, blobindx=0)
(tablename='sqlite_stat1', tagname='.ONDISK_CLIENT_IX_0', name='idx', indx=1, type=4, offset=64, length=64, datalength=0, flags=0, expr=0, defaultvalue=NULL, dbload=NULL, conversionflags=0, conversiondbpad=0, conversionstep=0, blobindx=0)
(tablename='sqlite_stat1', tagname='.ONDISK_ix_0', name='tbl', indx=0, type=104, offset=0, length=64, datalength=0, flags=0, expr=0, defaultvalue=NULL, dbload=NULL, conversionflags=0, conversiondbpad=0, conversionstep=0, blobindx=0)
(tablename='sqlite_stat1', tagname='.ONDISK_ix_0', name='idx', indx=1, type=104, offset=64, length=64, datalength=0, flags=0, expr=0, defaultvalue=NULL, dbload=NULL, conversionflags=0, conversiondbpad=0, conversionstep=0, blobindx=0)
(tablename='sqlite_stat1', tagname='0', name='tbl', indx=0, type=104, offset=0, length=64, datalength=0, flags=0, expr=0, defaultvalue=NULL, dbload=NULL, conversionflags=0, conversiondbpad=0, conversionstep=0, blobindx=0)
(tablename='sqlite_stat1', tagname='0', name='idx', indx=1, type=104, offset=64, length=64, datalength=0, flags=0, expr=0, defaultvalue=NULL, dbload=NULL, conversionflags=0, conversiondbpad=0, conversionstep=0, blobindx=0)
(tablename='sqlite_stat4', tagname='.ONDISK', name='tbl', indx=0, type=104, offset=0, length=64, datalength=0, flags=2, expr=0, defaultvalue=NULL, dbload=NULL, conversionflags=0, conversiondbpad=0, conversionstep=0, blobindx=-1)
(tablename='sqlite_stat4', tagname='.ONDISK', name='idx', indx=1, type=104, offset=64, length=64, datalength=0, flags=2, expr=0, defaultvalue=NULL, dbload=NULL, conversionflags=0, conversiondbpad=0, conversionstep=0, blobindx=-1)
(tablename='sqlite_stat4', tagname='.ONDISK', name='samplelen', indx=2, type=102, offset=128, length=5, datalength=0, flags=2, expr=0, defaultvalue=NULL, dbload=NULL, conversionflags=0, conversiondbpad=0, conversionstep=0, blobindx=-1)
(tablename='sqlite_stat4', tagname='.ONDISK', name='sample', indx=3, type=105, offset=133, length=1025, datalength=0, flags=2, expr=0, defaultvalue=NULL, dbload=NULL, conversionflags=0, conversiondbpad=0, conversionstep=0, blobindx=-1)
(tablename='sqlite_stat4', tagname='.ONDISK.VER.1', name='tbl', indx=0, type=104, offset=0, length=64, datalength=0, flags=2, expr=0, defaultvalue=NULL, dbload=NULL, conversionflags=0, conversiondbpad=0, conversionstep=0, blobindx=-1)
(tablename='sqlite_stat4', tagname='.ONDISK.VER.1', name='idx', indx=1, type=104, offset=64, length=64, datalength=0, flags=2, expr=0, defaultvalue=NULL, dbload=NULL, conversionflags=0, conversiondbpad=0, conversionstep=0, blobindx=-1)
(tablename='sqlite_stat4', tagname='.ONDISK.VER.1', name='samplelen', indx=2, type=102, offset=128, length=5, datalength=0, flags=2, expr=0, defaultvalue=NULL, dbload=NULL, conversionflags=0, conversiondbpad=0, conversionstep=0, blobindx=-1)
(tablename='sqlite_stat4', tagname='.ONDISK.VER.1', name='sample', indx=3, type=105, offset=133, length=1025, datalength=0, flags=2, expr=0, defaultvalue=NULL, dbload=NULL, conversionflags=0, conversiondbpad=0, conversionstep=0, blobindx=-1)
(tablename='sqlite_stat4', tagname='.ONDISK_CLIENT', name='tbl', indx=0, type=4, offset=0, length=64, datalength=0, flags=2, expr=0, defaultvalue=NULL, dbload=NULL, conversionflags=0, conversiondbpad=0, conversionstep=0, blobindx=-1)
(tablename='sqlite_stat4', tagname='.ONDISK_CLIENT', name='idx', indx=1, type=4, offset=64, length=64, datalength=0, flags=2, expr=0, defaultvalue=NULL, dbload=NULL, conversionflags=0, conversiondbpad=0, conversionstep=0, blobindx=-1)
(tablename='sqlite_stat4', tagname='.ONDISK_CLIENT', name='samplelen', indx=2, type=2, offset=128, length=4, datalength=0, flags=2, expr=0, defaultvalue=NULL, dbload=NULL, conversionflags=0, conversiondbpad=0, conversionstep=0, blobindx=-1)
(tablename='sqlite_stat4', tagname='.ONDISK_CLIENT', name='sample', indx=3, type=6, offset=132, length=1024, datalength=0, flags=2, expr=0, defaultvalue=NULL, dbload=NULL, conversionflags=0, conversiondbpad=0, conversionstep=0, blobindx=-1)
(tablename='sqlite_stat4', tagname='.ONDISK_CLIENT_IX_0', name='tbl', indx=0, type=4, offset=0, length=64, datalength=0, flags=0, expr=0, defaultvalue=NULL, dbload=NULL, conversionflags=0, conversiondbpad=0, conversionstep=0, blobindx=0)
(tablename='sqlite_stat4', tagname='.ONDISK_CLIENT_IX_0', name='idx', indx=1, type=4, offset=64, length=64, datalength=0, flags=0, expr=0, defaultvalue=NULL, dbload=NULL, conversionflags=0, conversiondbpad=0, conversionstep=0, blobindx=0)
(tablename='sqlite_stat4', tagname='.ONDISK_ix_0', name='tbl', indx=0, type=104, offset=0, length=64, datalength=0, flags=0, expr=0, defaultvalue=NULL, dbload=NULL, conversionflags=0, conversiondbpad=0, conversionstep=0, blobindx=0)
(tablename='sqlite_stat4', tagname='.ONDISK_ix_0', name='idx', indx=1, type=104, offset=64, length=64, datalength=0, flags=0, expr=0, defaultvalue=NULL, dbload=NULL, conversionflags=0, conversiondbpad=0, conversionstep=0, blobindx=0)
(tablename='sqlite_stat4', tagname='0', name='tbl', indx=0, type=104, offset=0, length=64, datalength=0, flags=0, expr=0, defaultvalue=NULL, dbload=NULL, conversionflags=0, conversiondbpad=0, conversionstep=0, blobindx=0)
(tablename='sqlite_stat4', tagname='0', name='idx', indx=1, type=104, offset=64, length=64, datalength=0, flags=0, expr=0, defaultvalue=NULL, dbload=NULL, conversionflags=0, conversiondbpad=0, conversionstep=0, blobindx=0)
(tablename='t4', tagname='.DEFAULT', name='c1', indx=0, type=2, offset=0, length=4, datalength=0, flags=2, expr=0, defaultvalue=NULL, dbload=NULL, conversionflags=0, conversiondbpad=0, conversionstep=0, blobindx=-1)
(tablename='t4', tagname='.DEFAULT', name='c2', indx=1, type=6, offset=4, length=8, datalength=0, flags=2, expr=0, defaultvalue=NULL, dbload=NULL, conversionflags=0, conversiondbpad=0, conversionstep=0, blobindx=-1)
(tablename='t4', tagname='.DEFAULT', name='c3', indx=2, type=9, offset=12, length=76, datalength=0, flags=2, expr=0, defaultvalue=NULL, dbload=NULL, conversionflags=0, conversiondbpad=0, conversionstep=0, blobindx=-1)
(tablename='t4', tagname='.DEFAULT', name='c4', indx=3, type=9, offset=88, length=76, datalength=0, flags=2, expr=0, defaultvalue=NULL, dbload=NULL, conversionflags=0, conversiondbpad=0, conversionstep=0, blobindx=-1)
(tablename='t4', tagname='.DEFAULT', name='c5', indx=4, type=9, offset=164, length=76, datalength=0, flags=2, expr=0, defaultvalue=NULL, dbload=NULL, conversionflags=0, conversiondbpad=0, conversionstep=0, blobindx=-1)
(tablename='t4', tagname='.DEFAULT', name='c6', indx=5, type=3, offset=240, length=8, datalength=0, flags=2, expr=0, defaultvalue=NULL, dbload=NULL, conversionflags=0, conversiondbpad=0, conversionstep=0, blobindx=-1)
(tablename='t4', tagname='.DEFAULT', name='c7', indx=6, type=3, offset=248, length=8, datalength=0, flags=2, expr=0, defaultvalue=NULL, dbload=NULL, conversionflags=0, conversiondbpad=0, conversionstep=0, blobindx=-1)
(tablename='t4', tagname='.DEFAULT', name='c8', indx=7, type=3, offset=256, length=8, datalength=0, flags=2, expr=0, defaultvalue=NULL, dbload=NULL, conversionflags=0, conversiondbpad=0, conversionstep=0, blobindx=-1)
(tablename='t4', tagname='.DEFAULT_ix_0', name='c1', indx=0, type=2, offset=0, length=4, datalength=0, flags=0, expr=0, defaultvalue=NULL, dbload=NULL, conversionflags=0, conversiondbpad=0, conversionstep=0, blobindx=0)
(tablename='t4', tagname='.DEFAULT_ix_1', name='c2', indx=0, type=6, offset=0, length=8, datalength=0, flags=0, expr=0, defaultvalue=NULL, dbload=NULL, conversionflags=0, conversiondbpad=0, conversionstep=0, blobindx=0)
(tablename='t4', tagname='.DEFAULT_ix_1', name='c3', indx=1, type=9, offset=8, length=76, datalength=0, flags=0, expr=0, defaultvalue=NULL, dbload=NULL, conversionflags=0, conversiondbpad=0, conversionstep=0, blobindx=0)
(tablename='t4', tagname='.DEFAULT_ix_2', name='c2', indx=0, type=6, offset=0, length=8, datalength=0, flags=0, expr=0, defaultvalue=NULL, dbload=NULL, conversionflags=0, conversiondbpad=0, conversionstep=0, blobindx=0)
(tablename='t4', tagname='.DEFAULT_ix_2', name='c5', indx=1, type=9, offset=8, length=76, datalength=0, flags=0, expr=0, defaultvalue=NULL, dbload=NULL, conversionflags=0, conversiondbpad=0, conversionstep=0, blobindx=0)
(tablename='t4', tagname='.DEFAULT_ix_3', name='c3', indx=0, type=9, offset=0, length=76, datalength=0, flags=0, expr=0, defaultvalue=NULL, dbload=NULL, conversionflags=0, conversiondbpad=0, conversionstep=0, blobindx=0)
(tablename='t4', tagname='.DEFAULT_ix_3', name='c2', indx=1, type=6, offset=76, length=8, datalength=0, flags=0, expr=0, defaultvalue=NULL, dbload=NULL, conversionflags=0, conversiondbpad=0, conversionstep=0, blobindx=0)
(tablename='t4', tagname='.ONDISK', name='c1', indx=0, type=102, offset=0, length=5, datalength=0, flags=2, expr=0, defaultvalue=NULL, dbload=NULL, conversionflags=0, conversiondbpad=0, conversionstep=0, blobindx=-1)
(tablename='t4', tagname='.ONDISK', name='c2', indx=1, type=105, offset=5, length=9, datalength=0, flags=2, expr=0, defaultvalue=NULL, dbload=NULL, conversionflags=0, conversiondbpad=0, conversionstep=0, blobindx=-1)
(tablename='t4', tagname='.ONDISK', name='c3', indx=2, type=107, offset=14, length=11, datalength=0, flags=2, expr=0, defaultvalue=NULL, dbload=NULL, conversionflags=0, conversiondbpad=0, conversionstep=0, blobindx=-1)
(tablename='t4', tagname='.ONDISK', name='c4', indx=3, type=107, offset=25, length=11, datalength=0, flags=2, expr=0, defaultvalue=NULL, dbload=NULL, conversionflags=0, conversiondbpad=0, conversionstep=0, blobindx=-1)
(tablename='t4', tagname='.ONDISK', name='c5', indx=4, type=107, offset=36, length=11, datalength=0, flags=2, expr=0, defaultvalue=NULL, dbload=NULL, conversionflags=0, conversiondbpad=0, conversionstep=0, blobindx=-1)
(tablename='t4', tagname='.ONDISK', name='c6', indx=5, type=103, offset=47, length=9, datalength=0, flags=2, expr=0, defaultvalue=NULL, dbload=NULL, conversionflags=0, conversiondbpad=0, conversionstep=0, blobindx=-1)
(tablename='t4', tagname='.ONDISK', name='c7', indx=6, type=103, offset=56, length=9, datalength=0, flags=2, expr=0, defaultvalue=NULL, dbload=NULL, conversionflags=0, conversiondbpad=0, conversionstep=0, blobindx=-1)
(tablename='t4', tagname='.ONDISK', name='c8', indx=7, type=103, offset=65, length=9, datalength=0, flags=2, expr=0, defaultvalue=NULL, dbload=NULL, conversionflags=0, conversiondbpad=0, conversionstep=0, blobindx=-1)
(tablename='t4', tagname='.ONDISK', name='c9', indx=8, type=103, offset=74, length=9, datalength=0, flags=0, expr=0, defaultvalue=NULL, dbload=NULL, conversionflags=0, conversiondbpad=0, conversionstep=0, blobindx=-1)
(tablename='t4', tagname='.ONDISK', name='c10', indx=9, type=103, offset=83, length=9, datalength=0, flags=2, expr=0, defaultvalue=NULL, dbload=NULL, conversionflags=0, conversiondbpad=0, conversionstep=0, blobindx=-1)
(tablename='t4', tagname='.ONDISK', name='c11', indx=10, type=103, offset=92, length=9, datalength=0, flags=2, expr=0, defaultvalue=NULL, dbload=NULL, conversionflags=0, conversiondbpad=0, conversionstep=0, blobindx=-1)
(tablename='t4', tagname='.ONDISK', name='c12', indx=11, type=103, offset=101, length=9, datalength=0, flags=2, expr=0, defaultvalue=NULL, dbload=NULL, conversionflags=0, conversiondbpad=0, conversionstep=0, blobindx=-1)
(tablename='t4', tagname='.ONDISK', name='c13', indx=12, type=103, offset=110, length=9, datalength=0, flags=2, expr=0, defaultvalue=NULL, dbload=NULL, conversionflags=0, conversiondbpad=0, conversionstep=0, blobindx=-1)
(tablename='t4', tagname='.ONDISK', name='c14', indx=13, type=102, offset=119, length=3, datalength=0, flags=2, expr=0, defaultvalue=NULL, dbload=NULL, conversionflags=0, conversiondbpad=0, conversionstep=0, blobindx=-1)
(tablename='t4', tagname='.ONDISK', name='c15', indx=14, type=104, offset=122, length=2, datalength=0, flags=2, expr=0, defaultvalue=NULL, dbload=NULL, conversionflags=0, conversiondbpad=0, conversionstep=0, blobindx=-1)
(tablename='t4', tagname='.ONDISK', name='c16', indx=15, type=102, offset=124, length=3, datalength=0, flags=2, expr=0, defaultvalue='0', dbload=NULL, conversionflags=0, conversiondbpad=0, conversionstep=0, blobindx=-1)
(tablename='t4', tagname='.ONDISK', name='c17', indx=16, type=102, offset=127, length=3, datalength=0, flags=2, expr=0, defaultvalue='0', dbload=NULL, conversionflags=0, conversiondbpad=0, conversionstep=0, blobindx=-1)
(tablename='t4', tagname='.ONDISK', name='c18', indx=17, type=103, offset=130, length=9, datalength=0, flags=2, expr=0, defaultvalue='-999998.000000', dbload=NULL, conversionflags=0, conversiondbpad=0, conversionstep=0, blobindx=-1)
(tablename='t4', tagname='.ONDISK.VER.1', name='c1', indx=0, type=102, offset=0, length=5, datalength=0, flags=2, expr=0, defaultvalue=NULL, dbload=NULL, conversionflags=0, conversiondbpad=0, conversionstep=0, blobindx=-1)
(tablename='t4', tagname='.ONDISK.VER.1', name='c2', indx=1, type=105, offset=5, length=9, datalength=0, flags=2, expr=0, defaultvalue=NULL, dbload=NULL, conversionflags=0, conversiondbpad=0, conversionstep=0, blobindx=-1)
(tablename='t4', tagname='.ONDISK.VER.1', name='c3', indx=2, type=107, offset=14, length=11, datalength=0, flags=2, expr=0, defaultvalue=NULL, dbload=NULL, conversionflags=0, conversiondbpad=0, conversionstep=0, blobindx=-1)
(tablename='t4', tagname='.ONDISK.VER.1', name='c4', indx=3, type=107, offset=25, length=11, datalength=0, flags=2, expr=0, defaultvalue=NULL, dbload=NULL, conversionflags=0, conversiondbpad=0, conversionstep=0, blobindx=-1)
(tablename='t4', tagname='.ONDISK.VER.1', name='c5', indx=4, type=107, offset=36, length=11, datalength=0, flags=2, expr=0, defaultvalue=NULL, dbload=NULL, conversionflags=0, conversiondbpad=0, conversionstep=0, blobindx=-1)
(tablename='t4', tagname='.ONDISK.VER.1', name='c6', indx=5, type=103, offset=47, length=9, datalength=0, flags=2, expr=0, defaultvalue=NULL, dbload=NULL, conversionflags=0, conversiondbpad=0, conversionstep=0, blobindx=-1)
(tablename='t4', tagname='.ONDISK.VER.1', name='c7', indx=6, type=103, offset=56, length=9, datalength=0, flags=2, expr=0, defaultvalue=NULL, dbload=NULL, conversionflags=0, conversiondbpad=0, conversionstep=0, blobindx=-1)
(tablename='t4', tagname='.ONDISK.VER.1', name='c8', indx=7, type=103, offset=65, length=9, datalength=0, flags=2, expr=0, defaultvalue=NULL, dbload=NULL, conversionflags=0, conversiondbpad=0, conversionstep=0, blobindx=-1)
(tablename='t4', tagname='.ONDISK.VER.1', name='c9', indx=8, type=103, offset=74, length=9, datalength=0, flags=0, expr=0, defaultvalue=NULL, dbload=NULL, conversionflags=0, conversiondbpad=0, conversionstep=0, blobindx=-1)
(tablename='t4', tagname='.ONDISK.VER.1', name='c10', indx=9, type=103, offset=83, length=9, datalength=0, flags=2, expr=0, defaultvalue=NULL, dbload=NULL, conversionflags=0, conversiondbpad=0, conversionstep=0, blobindx=-1)
(tablename='t4', tagname='.ONDISK.VER.1', name='c11', indx=10, type=103, offset=92, length=9, datalength=0, flags=2, expr=0, defaultvalue=NULL, dbload=NULL, conversionflags=0, conversiondbpad=0, conversionstep=0, blobindx=-1)
(tablename='t4', tagname='.ONDISK.VER.1', name='c12', indx=11, type=103, offset=101, length=9, datalength=0, flags=2, expr=0, defaultvalue=NULL, dbload=NULL, conversionflags=0, conversiondbpad=0, conversionstep=0, blobindx=-1)
(tablename='t4', tagname='.ONDISK.VER.1', name='c13', indx=12, type=103, offset=110, length=9, datalength=0, flags=2, expr=0, defaultvalue=NULL, dbload=NULL, conversionflags=0, conversiondbpad=0, conversionstep=0, blobindx=-1)
(tablename='t4', tagname='.ONDISK.VER.1', name='c14', indx=13, type=102, offset=119, length=3, datalength=0, flags=2, expr=0, defaultvalue=NULL, dbload=NULL, conversionflags=0, conversiondbpad=0, conversionstep=0, blobindx=-1)
(tablename='t4', tagname='.ONDISK.VER.1', name='c15', indx=14, type=104, offset=122, length=2, datalength=0, flags=2, expr=0, defaultvalue=NULL, dbload=NULL, conversionflags=0, conversiondbpad=0, conversionstep=0, blobindx=-1)
(tablename='t4', tagname='.ONDISK.VER.1', name='c16', indx=15, type=102, offset=124, length=3, datalength=0, flags=2, expr=0, defaultvalue='0', dbload=NULL, conversionflags=0, conversiondbpad=0, conversionstep=0, blobindx=-1)
(tablename='t4', tagname='.ONDISK.VER.1', name='c17', indx=16, type=102, offset=127, length=3, datalength=0, flags=2, expr=0, defaultvalue='0', dbload=NULL, conversionflags=0, conversiondbpad=0, conversionstep=0, blobindx=-1)
(tablename='t4', tagname='.ONDISK.VER.1', name='c18', indx=17, type=103, offset=130, length=9, datalength=0, flags=2, expr=0, defaultvalue='-999998.000000', dbload=NULL, conversionflags=0, conversiondbpad=0, conversionstep=0, blobindx=-1)
(tablename='t4', tagname='.ONDISK_CLIENT', name='c1', indx=0, type=2, offset=0, length=4, datalength=0, flags=2, expr=0, defaultvalue=NULL, dbload=NULL, conversionflags=0, conversiondbpad=0, conversionstep=0, blobindx=-1)
(tablename='t4', tagname='.ONDISK_CLIENT', name='c2', indx=1, type=6, offset=4, length=8, datalength=0, flags=2, expr=0, defaultvalue=NULL, dbload=NULL, conversionflags=0, conversiondbpad=0, conversionstep=0, blobindx=-1)
(tablename='t4', tagname='.ONDISK_CLIENT', name='c3', indx=2, type=9, offset=12, length=76, datalength=0, flags=2, expr=0, defaultvalue=NULL, dbload=NULL, conversionflags=0, conversiondbpad=0, conversionstep=0, blobindx=-1)
(tablename='t4', tagname='.ONDISK_CLIENT', name='c4', indx=3, type=9, offset=88, length=76, datalength=0, flags=2, expr=0, defaultvalue=NULL, dbload=NULL, conversionflags=0, conversiondbpad=0, conversionstep=0, blobindx=-1)
(tablename='t4', tagname='.ONDISK_CLIENT', name='c5', indx=4, type=9, offset=164, length=76, datalength=0, flags=2, expr=0, defaultvalue=NULL, dbload=NULL, conversionflags=0, conversiondbpad=0, conversionstep=0, blobindx=-1)
(tablename='t4', tagname='.ONDISK_CLIENT', name='c6', indx=5, type=3, offset=240, length=8, datalength=0, flags=2, expr=0, defaultvalue=NULL, dbload=NULL, conversionflags=0, conversiondbpad=0, conversionstep=0, blobindx=-1)
(tablename='t4', tagname='.ONDISK_CLIENT', name='c7', indx=6, type=3, offset=248, length=8, datalength=0, flags=2, expr=0, defaultvalue=NULL, dbload=NULL, conversionflags=0, conversiondbpad=0, conversionstep=0, blobindx=-1)
(tablename='t4', tagname='.ONDISK_CLIENT', name='c8', indx=7, type=3, offset=256, length=8, datalength=0, flags=2, expr=0, defaultvalue=NULL, dbload=NULL, conversionflags=0, conversiondbpad=0, conversionstep=0, blobindx=-1)
(tablename='t4', tagname='.ONDISK_CLIENT', name='c9', indx=8, type=3, offset=264, length=8, datalength=0, flags=0, expr=0, defaultvalue=NULL, dbload=NULL, conversionflags=0, conversiondbpad=0, conversionstep=0, blobindx=-1)
(tablename='t4', tagname='.ONDISK_CLIENT', name='c10', indx=9, type=3, offset=272, length=8, datalength=0, flags=2, expr=0, defaultvalue=NULL, dbload=NULL, conversionflags=0, conversiondbpad=0, conversionstep=0, blobindx=-1)
(tablename='t4', tagname='.ONDISK_CLIENT', name='c11', indx=10, type=3, offset=280, length=8, datalength=0, flags=2, expr=0, defaultvalue=NULL, dbload=NULL, conversionflags=0, conversiondbpad=0, conversionstep=0, blobindx=-1)
(tablename='t4', tagname='.ONDISK_CLIENT', name='c12', indx=11, type=3, offset=288, length=8, datalength=0, flags=2, expr=0, defaultvalue=NULL, dbload=NULL, conversionflags=0, conversiondbpad=0, conversionstep=0, blobindx=-1)
(tablename='t4', tagname='.ONDISK_CLIENT', name='c13', indx=12, type=3, offset=296, length=8, datalength=0, flags=2, expr=0, defaultvalue=NULL, dbload=NULL, conversionflags=0, conversiondbpad=0, conversionstep=0, blobindx=-1)
(tablename='t4', tagname='.ONDISK_CLIENT', name='c14', indx=13, type=2, offset=304, length=2, datalength=0, flags=2, expr=0, defaultvalue=NULL, dbload=NULL, conversionflags=0, conversiondbpad=0, conversionstep=0, blobindx=-1)
(tablename='t4', tagname='.ONDISK_CLIENT', name='c15', indx=14, type=4, offset=306, length=2, datalength=0, flags=2, expr=0, defaultvalue=NULL, dbload=NULL, conversionflags=0, conversiondbpad=0, conversionstep=0, blobindx=-1)
(tablename='t4', tagname='.ONDISK_CLIENT', name='c16', indx=15, type=2, offset=308, length=2, datalength=0, flags=2, expr=0, defaultvalue=NULL, dbload=NULL, conversionflags=0, conversiondbpad=0, conversionstep=0, blobindx=-1)
(tablename='t4', tagname='.ONDISK_CLIENT', name='c17', indx=16, type=2, offset=310, length=2, datalength=0, flags=2, expr=0, defaultvalue=NULL, dbload=NULL, conversionflags=0, conversiondbpad=0, conversionstep=0, blobindx=-1)
(tablename='t4', tagname='.ONDISK_CLIENT', name='c18', indx=17, type=3, offset=312, length=8, datalength=0, flags=2, expr=0, defaultvalue=NULL, dbload=NULL, conversionflags=0, conversiondbpad=0, conversionstep=0, blobindx=-1)
(tablename='t4', tagname='.ONDISK_CLIENT_IX_0', name='c1', indx=0, type=2, offset=0, length=4, datalength=0, flags=0, expr=0, defaultvalue=NULL, dbload=NULL, conversionflags=0, conversiondbpad=0, conversionstep=0, blobindx=0)
(tablename='t4', tagname='.ONDISK_CLIENT_IX_1', name='c2', indx=0, type=6, offset=0, length=8, datalength=0, flags=0, expr=0, defaultvalue=NULL, dbload=NULL, conversionflags=0, conversiondbpad=0, conversionstep=0, blobindx=0)
(tablename='t4', tagname='.ONDISK_CLIENT_IX_1', name='c3', indx=1, type=9, offset=8, length=76, datalength=0, flags=0, expr=0, defaultvalue=NULL, dbload=NULL, conversionflags=0, conversiondbpad=0, conversionstep=0, blobindx=0)
(tablename='t4', tagname='.ONDISK_CLIENT_IX_10', name='c3', indx=0, type=9, offset=0, length=76, datalength=0, flags=0, expr=0, defaultvalue=NULL, dbload=NULL, conversionflags=0, conversiondbpad=0, conversionstep=0, blobindx=0)
(tablename='t4', tagname='.ONDISK_CLIENT_IX_10', name='c16', indx=1, type=2, offset=76, length=2, datalength=0, flags=0, expr=0, defaultvalue=NULL, dbload=NULL, conversionflags=0, conversiondbpad=0, conversionstep=0, blobindx=0)
(tablename='t4', tagname='.ONDISK_CLIENT_IX_10', name='c2', indx=2, type=6, offset=78, length=8, datalength=0, flags=0, expr=0, defaultvalue=NULL, dbload=NULL, conversionflags=0, conversiondbpad=0, conversionstep=0, blobindx=0)
(tablename='t4', tagname='.ONDISK_CLIENT_IX_11', name='c3', indx=0, type=9, offset=0, length=76, datalength=0, flags=0, expr=0, defaultvalue=NULL, dbload=NULL, conversionflags=0, conversiondbpad=0, conversionstep=0, blobindx=0)
(tablename='t4', tagname='.ONDISK_CLIENT_IX_11', name='c4', indx=1, type=9, offset=76, length=76, datalength=0, flags=0, expr=0, defaultvalue=NULL, dbload=NULL, conversionflags=0, conversiondbpad=0, conversionstep=0, blobindx=0)
(tablename='t4', tagname='.ONDISK_CLIENT_IX_11', name='c16', indx=2, type=2, offset=152, length=2, datalength=0, flags=0, expr=0, defaultvalue=NULL, dbload=NULL, conversionflags=0, conversiondbpad=0, conversionstep=0, blobindx=0)
(tablename='t4', tagname='.ONDISK_CLIENT_IX_2', name='c2', indx=0, type=6, offset=0, length=8, datalength=0, flags=0, expr=0, defaultvalue=NULL, dbload=NULL, conversionflags=0, conversiondbpad=0, conversionstep=0, blobindx=0)
(tablename='t4', tagname='.ONDISK_CLIENT_IX_2', name='c5', indx=1, type=9, offset=8, length=76, datalength=0, flags=0, expr=0, defaultvalue=NULL, dbload=NULL, conversionflags=0, conversiondbpad=0, conversionstep=0, blobindx=0)
(tablename='t4', tagname='.ONDISK_CLIENT_IX_3', name='c3', indx=0, type=9, offset=0, length=76, datalength=0, flags=0, expr=0, defaultvalue=NULL, dbload=NULL, conversionflags=0, conversiondbpad=0, conversionstep=0, blobindx=0)
(tablename='t4', tagname='.ONDISK_CLIENT_IX_3', name='c2', indx=1, type=6, offset=76, length=8, datalength=0, flags=0, expr=0, defaultvalue=NULL, dbload=NULL, conversionflags=0, conversiondbpad=0, conversionstep=0, blobindx=0)
(tablename='t4', tagname='.ONDISK_CLIENT_IX_4', name='c2', indx=0, type=6, offset=0, length=8, datalength=0, flags=0, expr=0, defaultvalue=NULL, dbload=NULL, conversionflags=0, conversiondbpad=0, conversionstep=0, blobindx=0)
(tablename='t4', tagname='.ONDISK_CLIENT_IX_4', name='c4', indx=1, type=9, offset=8, length=76, datalength=0, flags=0, expr=0, defaultvalue=NULL, dbload=NULL, conversionflags=0, conversiondbpad=0, conversionstep=0, blobindx=0)
(tablename='t4', tagname='.ONDISK_CLIENT_IX_4', name='c16', indx=2, type=2, offset=84, length=2, datalength=0, flags=0, expr=0, defaultvalue=NULL, dbload=NULL, conversionflags=0, conversiondbpad=0, conversionstep=0, blobindx=0)
(tablename='t4', tagname='.ONDISK_CLIENT_IX_5', name='c2', indx=0, type=6, offset=0, length=8, datalength=0, flags=0, expr=0, defaultvalue=NULL, dbload=NULL, conversionflags=0, conversiondbpad=0, conversionstep=0, blobindx=0)
(tablename='t4', tagname='.ONDISK_CLIENT_IX_5', name='c3', indx=1, type=9, offset=8, length=76, datalength=0, flags=0, expr=0, defaultvalue=NULL, dbload=NULL, conversionflags=0, conversiondbpad=0, conversionstep=0, blobindx=0)
(tablename='t4', tagname='.ONDISK_CLIENT_IX_5', name='c16', indx=2, type=2, offset=84, length=2, datalength=0, flags=0, expr=0, defaultvalue=NULL, dbload=NULL, conversionflags=0, conversiondbpad=0, conversionstep=0, blobindx=0)
(tablename='t4', tagname='.ONDISK_CLIENT_IX_6', name='c3', indx=0, type=9, offset=0, length=76, datalength=0, flags=0, expr=0, defaultvalue=NULL, dbload=NULL, conversionflags=0, conversiondbpad=0, conversionstep=0, blobindx=0)
(tablename='t4', tagname='.ONDISK_CLIENT_IX_6', name='c16', indx=1, type=2, offset=76, length=2, datalength=0, flags=0, expr=0, defaultvalue=NULL, dbload=NULL, conversionflags=0, conversiondbpad=0, conversionstep=0, blobindx=0)
(tablename='t4', tagname='.ONDISK_CLIENT_IX_7', name='c4', indx=0, type=9, offset=0, length=76, datalength=0, flags=0, expr=0, defaultvalue=NULL, dbload=NULL, conversionflags=0, conversiondbpad=0, conversionstep=0, blobindx=0)
(tablename='t4', tagname='.ONDISK_CLIENT_IX_7', name='c16', indx=1, type=2, offset=76, length=2, datalength=0, flags=0, expr=0, defaultvalue=NULL, dbload=NULL, conversionflags=0, conversiondbpad=0, conversionstep=0, blobindx=0)
(tablename='t4', tagname='.ONDISK_CLIENT_IX_8', name='c5', indx=0, type=9, offset=0, length=76, datalength=0, flags=0, expr=0, defaultvalue=NULL, dbload=NULL, conversionflags=0, conversiondbpad=0, conversionstep=0, blobindx=0)
(tablename='t4', tagname='.ONDISK_CLIENT_IX_8', name='c16', indx=1, type=2, offset=76, length=2, datalength=0, flags=0, expr=0, defaultvalue=NULL, dbload=NULL, conversionflags=0, conversiondbpad=0, conversionstep=0, blobindx=0)
(tablename='t4', tagname='.ONDISK_CLIENT_IX_9', name='c2', indx=0, type=6, offset=0, length=8, datalength=0, flags=0, expr=0, defaultvalue=NULL, dbload=NULL, conversionflags=0, conversiondbpad=0, conversionstep=0, blobindx=0)
(tablename='t4', tagname='.ONDISK_CLIENT_IX_9', name='c5', indx=1, type=9, offset=8, length=76, datalength=0, flags=0, expr=0, defaultvalue=NULL, dbload=NULL, conversionflags=0, conversiondbpad=0, conversionstep=0, blobindx=0)
(tablename='t4', tagname='.ONDISK_CLIENT_IX_9', name='c16', indx=2, type=2, offset=84, length=2, datalength=0, flags=0, expr=0, defaultvalue=NULL, dbload=NULL, conversionflags=0, conversiondbpad=0, conversionstep=0, blobindx=0)
(tablename='t4', tagname='.ONDISK_ix_0', name='c1', indx=0, type=102, offset=0, length=5, datalength=0, flags=0, expr=0, defaultvalue=NULL, dbload=NULL, conversionflags=0, conversiondbpad=0, conversionstep=0, blobindx=0)
(tablename='t4', tagname='.ONDISK_ix_1', name='c2', indx=0, type=105, offset=0, length=9, datalength=0, flags=0, expr=0, defaultvalue=NULL, dbload=NULL, conversionflags=0, conversiondbpad=0, conversionstep=0, blobindx=0)
(tablename='t4', tagname='.ONDISK_ix_1', name='c3', indx=1, type=107, offset=9, length=11, datalength=0, flags=0, expr=0, defaultvalue=NULL, dbload=NULL, conversionflags=0, conversiondbpad=0, conversionstep=0, blobindx=0)
(tablename='t4', tagname='.ONDISK_ix_10', name='c3', indx=0, type=107, offset=0, length=11, datalength=0, flags=0, expr=0, defaultvalue=NULL, dbload=NULL, conversionflags=0, conversiondbpad=0, conversionstep=0, blobindx=0)
(tablename='t4', tagname='.ONDISK_ix_10', name='c16', indx=1, type=102, offset=11, length=3, datalength=0, flags=0, expr=0, defaultvalue='0', dbload=NULL, conversionflags=0, conversiondbpad=0, conversionstep=0, blobindx=0)
(tablename='t4', tagname='.ONDISK_ix_10', name='c2', indx=2, type=105, offset=14, length=9, datalength=0, flags=0, expr=0, defaultvalue=NULL, dbload=NULL, conversionflags=0, conversiondbpad=0, conversionstep=0, blobindx=0)
(tablename='t4', tagname='.ONDISK_ix_11', name='c3', indx=0, type=107, offset=0, length=11, datalength=0, flags=0, expr=0, defaultvalue=NULL, dbload=NULL, conversionflags=0, conversiondbpad=0, conversionstep=0, blobindx=0)
(tablename='t4', tagname='.ONDISK_ix_11', name='c4', indx=1, type=107, offset=11, length=11, datalength=0, flags=0, expr=0, defaultvalue=NULL, dbload=NULL, conversionflags=0, conversiondbpad=0, conversionstep=0, blobindx=0)
(tablename='t4', tagname='.ONDISK_ix_11', name='c16', indx=2, type=102, offset=22, length=3, datalength=0, flags=0, expr=0, defaultvalue='0', dbload=NULL, conversionflags=0, conversiondbpad=0, conversionstep=0, blobindx=0)
(tablename='t4', tagname='.ONDISK_ix_2', name='c2', indx=0, type=105, offset=0, length=9, datalength=0, flags=0, expr=0, defaultvalue=NULL, dbload=NULL, conversionflags=0, conversiondbpad=0, conversionstep=0, blobindx=0)
(tablename='t4', tagname='.ONDISK_ix_2', name='c5', indx=1, type=107, offset=9, length=11, datalength=0, flags=0, expr=0, defaultvalue=NULL, dbload=NULL, conversionflags=0, conversiondbpad=0, conversionstep=0, blobindx=0)
(tablename='t4', tagname='.ONDISK_ix_3', name='c3', indx=0, type=107, offset=0, length=11, datalength=0, flags=0, expr=0, defaultvalue=NULL, dbload=NULL, conversionflags=0, conversiondbpad=0, conversionstep=0, blobindx=0)
(tablename='t4', tagname='.ONDISK_ix_3', name='c2', indx=1, type=105, offset=11, length=9, datalength=0, flags=0, expr=0, defaultvalue=NULL, dbload=NULL, conversionflags=0, conversiondbpad=0, conversionstep=0, blobindx=0)
(tablename='t4', tagname='.ONDISK_ix_4', name='c2', indx=0, type=105, offset=0, length=9, datalength=0, flags=0, expr=0, defaultvalue=NULL, dbload=NULL, conversionflags=0, conversiondbpad=0, conversionstep=0, blobindx=0)
(tablename='t4', tagname='.ONDISK_ix_4', name='c4', indx=1, type=107, offset=9, length=11, datalength=0, flags=0, expr=0, defaultvalue=NULL, dbload=NULL, conversionflags=0, conversiondbpad=0, conversionstep=0, blobindx=0)
(tablename='t4', tagname='.ONDISK_ix_4', name='c16', indx=2, type=102, offset=20, length=3, datalength=0, flags=0, expr=0, defaultvalue='0', dbload=NULL, conversionflags=0, conversiondbpad=0, conversionstep=0, blobindx=0)
(tablename='t4', tagname='.ONDISK_ix_5', name='c2', indx=0, type=105, offset=0, length=9, datalength=0, flags=0, expr=0, defaultvalue=NULL, dbload=NULL, conversionflags=0, conversiondbpad=0, conversionstep=0, blobindx=0)
(tablename='t4', tagname='.ONDISK_ix_5', name='c3', indx=1, type=107, offset=9, length=11, datalength=0, flags=0, expr=0, defaultvalue=NULL, dbload=NULL, conversionflags=0, conversiondbpad=0, conversionstep=0, blobindx=0)
(tablename='t4', tagname='.ONDISK_ix_5', name='c16', indx=2, type=102, offset=20, length=3, datalength=0, flags=0, expr=0, defaultvalue='0', dbload=NULL, conversionflags=0, conversiondbpad=0, conversionstep=0, blobindx=0)
(tablename='t4', tagname='.ONDISK_ix_6', name='c3', indx=0, type=107, offset=0, length=11, datalength=0, flags=0, expr=0, defaultvalue=NULL, dbload=NULL, conversionflags=0, conversiondbpad=0, conversionstep=0, blobindx=0)
(tablename='t4', tagname='.ONDISK_ix_6', name='c16', indx=1, type=102, offset=11, length=3, datalength=0, flags=0, expr=0, defaultvalue='0', dbload=NULL, conversionflags=0, conversiondbpad=0, conversionstep=0, blobindx=0)
(tablename='t4', tagname='.ONDISK_ix_7', name='c4', indx=0, type=107, offset=0, length=11, datalength=0, flags=0, expr=0, defaultvalue=NULL, dbload=NULL, conversionflags=0, conversiondbpad=0, conversionstep=0, blobindx=0)
(tablename='t4', tagname='.ONDISK_ix_7', name='c16', indx=1, type=102, offset=11, length=3, datalength=0, flags=0, expr=0, defaultvalue='0', dbload=NULL, conversionflags=0, conversiondbpad=0, conversionstep=0, blobindx=0)
(tablename='t4', tagname='.ONDISK_ix_8', name='c5', indx=0, type=107, offset=0, length=11, datalength=0, flags=0, expr=0, defaultvalue=NULL, dbload=NULL, conversionflags=0, conversiondbpad=0, conversionstep=0, blobindx=0)
(tablename='t4', tagname='.ONDISK_ix_8', name='c16', indx=1, type=102, offset=11, length=3, datalength=0, flags=0, expr=0, defaultvalue='0', dbload=NULL, conversionflags=0, conversiondbpad=0, conversionstep=0, blobindx=0)
(tablename='t4', tagname='.ONDISK_ix_9', name='c2', indx=0, type=105, offset=0, length=9, datalength=0, flags=0, expr=0, defaultvalue=NULL, dbload=NULL, conversionflags=0, conversiondbpad=0, conversionstep=0, blobindx=0)
(tablename='t4', tagname='.ONDISK_ix_9', name='c5', indx=1, type=107, offset=9, length=11, datalength=0, flags=0, expr=0, defaultvalue=NULL, dbload=NULL, conversionflags=0, conversiondbpad=0, conversionstep=0, blobindx=0)
(tablename='t4', tagname='.ONDISK_ix_9', name='c16', indx=2, type=102, offset=20, length=3, datalength=0, flags=0, expr=0, defaultvalue='0', dbload=NULL, conversionflags=0, conversiondbpad=0, conversionstep=0, blobindx=0)
(tablename='t4', tagname='KEY_1', name='c1', indx=0, type=102, offset=0, length=5, datalength=0, flags=0, expr=0, defaultvalue=NULL, dbload=NULL, conversionflags=0, conversiondbpad=0, conversionstep=0, blobindx=0)
(tablename='t4', tagname='KEY_10', name='c2', indx=0, type=105, offset=0, length=9, datalength=0, flags=0, expr=0, defaultvalue=NULL, dbload=NULL, conversionflags=0, conversiondbpad=0, conversionstep=0, blobindx=0)
(tablename='t4', tagname='KEY_10', name='c5', indx=1, type=107, offset=9, length=11, datalength=0, flags=0, expr=0, defaultvalue=NULL, dbload=NULL, conversionflags=0, conversiondbpad=0, conversionstep=0, blobindx=0)
(tablename='t4', tagname='KEY_10', name='c16', indx=2, type=102, offset=20, length=3, datalength=0, flags=0, expr=0, defaultvalue='0', dbload=NULL, conversionflags=0, conversiondbpad=0, conversionstep=0, blobindx=0)
(tablename='t4', tagname='KEY_11', name='c3', indx=0, type=107, offset=0, length=11, datalength=0, flags=0, expr=0, defaultvalue=NULL, dbload=NULL, conversionflags=0, conversiondbpad=0, conversionstep=0, blobindx=0)
(tablename='t4', tagname='KEY_11', name='c16', indx=1, type=102, offset=11, length=3, datalength=0, flags=0, expr=0, defaultvalue='0', dbload=NULL, conversionflags=0, conversiondbpad=0, conversionstep=0, blobindx=0)
(tablename='t4', tagname='KEY_11', name='c2', indx=2, type=105, offset=14, length=9, datalength=0, flags=0, expr=0, defaultvalue=NULL, dbload=NULL, conversionflags=0, conversiondbpad=0, conversionstep=0, blobindx=0)
(tablename='t4', tagname='KEY_12', name='c3', indx=0, type=107, offset=0, length=11, datalength=0, flags=0, expr=0, defaultvalue=NULL, dbload=NULL, conversionflags=0, conversiondbpad=0, conversionstep=0, blobindx=0)
(tablename='t4', tagname='KEY_12', name='c4', indx=1, type=107, offset=11, length=11, datalength=0, flags=0, expr=0, defaultvalue=NULL, dbload=NULL, conversionflags=0, conversiondbpad=0, conversionstep=0, blobindx=0)
(tablename='t4', tagname='KEY_12', name='c16', indx=2, type=102, offset=22, length=3, datalength=0, flags=0, expr=0, defaultvalue='0', dbload=NULL, conversionflags=0, conversiondbpad=0, conversionstep=0, blobindx=0)
(tablename='t4', tagname='KEY_2', name='c2', indx=0, type=105, offset=0, length=9, datalength=0, flags=0, expr=0, defaultvalue=NULL, dbload=NULL, conversionflags=0, conversiondbpad=0, conversionstep=0, blobindx=0)
(tablename='t4', tagname='KEY_2', name='c3', indx=1, type=107, offset=9, length=11, datalength=0, flags=0, expr=0, defaultvalue=NULL, dbload=NULL, conversionflags=0, conversiondbpad=0, conversionstep=0, blobindx=0)
(tablename='t4', tagname='KEY_3', name='c2', indx=0, type=105, offset=0, length=9, datalength=0, flags=0, expr=0, defaultvalue=NULL, dbload=NULL, conversionflags=0, conversiondbpad=0, conversionstep=0, blobindx=0)
(tablename='t4', tagname='KEY_3', name='c5', indx=1, type=107, offset=9, length=11, datalength=0, flags=0, expr=0, defaultvalue=NULL, dbload=NULL, conversionflags=0, conversiondbpad=0, conversionstep=0, blobindx=0)
(tablename='t4', tagname='KEY_4', name='c3', indx=0, type=107, offset=0, length=11, datalength=0, flags=0, expr=0, defaultvalue=NULL, dbload=NULL, conversionflags=0, conversiondbpad=0, conversionstep=0, blobindx=0)
(tablename='t4', tagname='KEY_4', name='c2', indx=1, type=105, offset=11, length=9, datalength=0, flags=0, expr=0, defaultvalue=NULL, dbload=NULL, conversionflags=0, conversiondbpad=0, conversionstep=0, blobindx=0)
(tablename='t4', tagname='KEY_5', name='c2', indx=0, type=105, offset=0, length=9, datalength=0, flags=0, expr=0, defaultvalue=NULL, dbload=NULL, conversionflags=0, conversiondbpad=0, conversionstep=0, blobindx=0)
(tablename='t4', tagname='KEY_5', name='c4', indx=1, type=107, offset=9, length=11, datalength=0, flags=0, expr=0, defaultvalue=NULL, dbload=NULL, conversionflags=0, conversiondbpad=0, conversionstep=0, blobindx=0)
(tablename='t4', tagname='KEY_5', name='c16', indx=2, type=102, offset=20, length=3, datalength=0, flags=0, expr=0, defaultvalue='0', dbload=NULL, conversionflags=0, conversiondbpad=0, conversionstep=0, blobindx=0)
(tablename='t4', tagname='KEY_6', name='c2', indx=0, type=105, offset=0, length=9, datalength=0, flags=0, expr=0, defaultvalue=NULL, dbload=NULL, conversionflags=0, conversiondbpad=0, conversionstep=0, blobindx=0)
(tablename='t4', tagname='KEY_6', name='c3', indx=1, type=107, offset=9, length=11, datalength=0, flags=0, expr=0, defaultvalue=NULL, dbload=NULL, conversionflags=0, conversiondbpad=0, conversionstep=0, blobindx=0)
(tablename='t4', tagname='KEY_6', name='c16', indx=2, type=102, offset=20, length=3, datalength=0, flags=0, expr=0, defaultvalue='0', dbload=NULL, conversionflags=0, conversiondbpad=0, conversionstep=0, blobindx=0)
(tablename='t4', tagname='KEY_7', name='c3', indx=0, type=107, offset=0, length=11, datalength=0, flags=0, expr=0, defaultvalue=NULL, dbload=NULL, conversionflags=0, conversiondbpad=0, conversionstep=0, blobindx=0)
(tablename='t4', tagname='KEY_7', name='c16', indx=1, type=102, offset=11, length=3, datalength=0, flags=0, expr=0, defaultvalue='0', dbload=NULL, conversionflags=0, conversiondbpad=0, conversionstep=0, blobindx=0)
(tablename='t4', tagname='KEY_8', name='c4', indx=0, type=107, offset=0, length=11, datalength=0, flags=0, expr=0, defaultvalue=NULL, dbload=NULL, conversionflags=0, conversiondbpad=0, conversionstep=0, blobindx=0)
(tablename='t4', tagname='KEY_8', name='c16', indx=1, type=102, offset=11, length=3, datalength=0, flags=0, expr=0, defaultvalue='0', dbload=NULL, conversionflags=0, conversiondbpad=0, conversionstep=0, blobindx=0)
(tablename='t4', tagname='KEY_9', name='c5', indx=0, type=107, offset=0, length=11, datalength=0, flags=0, expr=0, defaultvalue=NULL, dbload=NULL, conversionflags=0, conversiondbpad=0, conversionstep=0, blobindx=0)
(tablename='t4', tagname='KEY_9', name='c16', indx=1, type=102, offset=11, length=3, datalength=0, flags=0, expr=0, defaultvalue='0', dbload=NULL, conversionflags=0, conversiondbpad=0, conversionstep=0, blobindx=0)
(tablename='t4', tagname='all', name='c1', indx=0, type=2, offset=0, length=4, datalength=0, flags=2, expr=0, defaultvalue=NULL, dbload=NULL, conversionflags=0, conversiondbpad=0, conversionstep=0, blobindx=-1)
(tablename='t4', tagname='all', name='c2', indx=1, type=6, offset=4, length=8, datalength=0, flags=2, expr=0, defaultvalue=NULL, dbload=NULL, conversionflags=0, conversiondbpad=0, conversionstep=0, blobindx=-1)
(tablename='t4', tagname='all', name='c3', indx=2, type=9, offset=12, length=76, datalength=0, flags=2, expr=0, defaultvalue=NULL, dbload=NULL, conversionflags=0, conversiondbpad=0, conversionstep=0, blobindx=-1)
(tablename='t4', tagname='all', name='c4', indx=3, type=9, offset=88, length=76, datalength=0, flags=2, expr=0, defaultvalue=NULL, dbload=NULL, conversionflags=0, conversiondbpad=0, conversionstep=0, blobindx=-1)
(tablename='t4', tagname='all', name='c5', indx=4, type=9, offset=164, length=76, datalength=0, flags=2, expr=0, defaultvalue=NULL, dbload=NULL, conversionflags=0, conversiondbpad=0, conversionstep=0, blobindx=-1)
(tablename='t4', tagname='all', name='c6', indx=5, type=3, offset=240, length=8, datalength=0, flags=2, expr=0, defaultvalue=NULL, dbload=NULL, conversionflags=0, conversiondbpad=0, conversionstep=0, blobindx=-1)
(tablename='t4', tagname='all', name='c7', indx=6, type=3, offset=248, length=8, datalength=0, flags=2, expr=0, defaultvalue=NULL, dbload=NULL, conversionflags=0, conversiondbpad=0, conversionstep=0, blobindx=-1)
(tablename='t4', tagname='all', name='c8', indx=7, type=3, offset=256, length=8, datalength=0, flags=2, expr=0, defaultvalue=NULL, dbload=NULL, conversionflags=0, conversiondbpad=0, conversionstep=0, blobindx=-1)
(tablename='t4', tagname='all', name='c9', indx=8, type=3, offset=264, length=8, datalength=0, flags=2, expr=0, defaultvalue=NULL, dbload=NULL, conversionflags=0, conversiondbpad=0, conversionstep=0, blobindx=-1)
(tablename='t4', tagname='all', name='c10', indx=9, type=3, offset=272, length=8, datalength=0, flags=2, expr=0, defaultvalue=NULL, dbload=NULL, conversionflags=0, conversiondbpad=0, conversionstep=0, blobindx=-1)
(tablename='t4', tagname='all', name='c11', indx=10, type=3, offset=280, length=8, datalength=0, flags=2, expr=0, defaultvalue=NULL, dbload=NULL, conversionflags=0, conversiondbpad=0, conversionstep=0, blobindx=-1)
(tablename='t4', tagname='all', name='c12', indx=11, type=3, offset=288, length=8, datalength=0, flags=2, expr=0, defaultvalue=NULL, dbload=NULL, conversionflags=0, conversiondbpad=0, conversionstep=0, blobindx=-1)
(tablename='t4', tagname='all', name='c13', indx=12, type=3, offset=296, length=8, datalength=0, flags=2, expr=0, defaultvalue=NULL, dbload=NULL, conversionflags=0, conversiondbpad=0, conversionstep=0, blobindx=-1)
(tablename='t4', tagname='all', name='c14', indx=13, type=2, offset=304, length=2, datalength=0, flags=2, expr=0, defaultvalue=NULL, dbload=NULL, conversionflags=0, conversiondbpad=0, conversionstep=0, blobindx=-1)
(tablename='t4', tagname='all', name='c15', indx=14, type=4, offset=306, length=2, datalength=0, flags=2, expr=0, defaultvalue=NULL, dbload=NULL, conversionflags=0, conversiondbpad=0, conversionstep=0, blobindx=-1)
(tablename='t4', tagname='all', name='c16', indx=15, type=2, offset=308, length=2, datalength=0, flags=2, expr=0, defaultvalue=NULL, dbload=NULL, conversionflags=0, conversiondbpad=0, conversionstep=0, blobindx=-1)
(tablename='t4', tagname='all', name='c17', indx=16, type=2, offset=310, length=2, datalength=0, flags=2, expr=0, defaultvalue=NULL, dbload=NULL, conversionflags=0, conversiondbpad=0, conversionstep=0, blobindx=-1)
(tablename='t4', tagname='all_v1', name='c1', indx=0, type=2, offset=0, length=4, datalength=0, flags=2, expr=0, defaultvalue=NULL, dbload=NULL, conversionflags=0, conversiondbpad=0, conversionstep=0, blobindx=-1)
(tablename='t4', tagname='all_v1', name='c2', indx=1, type=6, offset=4, length=8, datalength=0, flags=2, expr=0, defaultvalue=NULL, dbload=NULL, conversionflags=0, conversiondbpad=0, conversionstep=0, blobindx=-1)
(tablename='t4', tagname='all_v1', name='c3', indx=2, type=9, offset=12, length=76, datalength=0, flags=2, expr=0, defaultvalue=NULL, dbload=NULL, conversionflags=0, conversiondbpad=0, conversionstep=0, blobindx=-1)
(tablename='t4', tagname='all_v1', name='c4', indx=3, type=9, offset=88, length=76, datalength=0, flags=2, expr=0, defaultvalue=NULL, dbload=NULL, conversionflags=0, conversiondbpad=0, conversionstep=0, blobindx=-1)
(tablename='t4', tagname='all_v1', name='c5', indx=4, type=9, offset=164, length=76, datalength=0, flags=2, expr=0, defaultvalue=NULL, dbload=NULL, conversionflags=0, conversiondbpad=0, conversionstep=0, blobindx=-1)
(tablename='t4', tagname='all_v1', name='c6', indx=5, type=3, offset=240, length=8, datalength=0, flags=2, expr=0, defaultvalue=NULL, dbload=NULL, conversionflags=0, conversiondbpad=0, conversionstep=0, blobindx=-1)
(tablename='t4', tagname='all_v1', name='c7', indx=6, type=3, offset=248, length=8, datalength=0, flags=2, expr=0, defaultvalue=NULL, dbload=NULL, conversionflags=0, conversiondbpad=0, conversionstep=0, blobindx=-1)
(tablename='t4', tagname='all_v1', name='c8', indx=7, type=3, offset=256, length=8, datalength=0, flags=2, expr=0, defaultvalue=NULL, dbload=NULL, conversionflags=0, conversiondbpad=0, conversionstep=0, blobindx=-1)
(tablename='t4', tagname='all_v1', name='c9', indx=8, type=3, offset=264, length=8, datalength=0, flags=2, expr=0, defaultvalue=NULL, dbload=NULL, conversionflags=0, conversiondbpad=0, conversionstep=0, blobindx=-1)
(tablename='t4', tagname='all_v1', name='c10', indx=9, type=3, offset=272, length=8, datalength=0, flags=2, expr=0, defaultvalue=NULL, dbload=NULL, conversionflags=0, conversiondbpad=0, conversionstep=0, blobindx=-1)
(tablename='t4', tagname='all_v1', name='c11', indx=10, type=3, offset=280, length=8, datalength=0, flags=2, expr=0, defaultvalue=NULL, dbload=NULL, conversionflags=0, conversiondbpad=0, conversionstep=0, blobindx=-1)
(tablename='t4', tagname='all_v1', name='c12', indx=11, type=3, offset=288, length=8, datalength=0, flags=2, expr=0, defaultvalue=NULL, dbload=NULL, conversionflags=0, conversiondbpad=0, conversionstep=0, blobindx=-1)
(tablename='t4', tagname='all_v1', name='c13', indx=12, type=3, offset=296, length=8, datalength=0, flags=2, expr=0, defaultvalue=NULL, dbload=NULL, conversionflags=0, conversiondbpad=0, conversionstep=0, blobindx=-1)
(tablename='t4', tagname='all_v1', name='c14', indx=13, type=2, offset=304, length=2, datalength=0, flags=2, expr=0, defaultvalue=NULL, dbload=NULL, conversionflags=0, conversiondbpad=0, conversionstep=0, blobindx=-1)
(tablename='t4', tagname='all_v1', name='c15', indx=14, type=4, offset=306, length=2, datalength=0, flags=2, expr=0, defaultvalue=NULL, dbload=NULL, conversionflags=0, conversiondbpad=0, conversionstep=0, blobindx=-1)
(tablename='t4', tagname='all_v1', name='c16', indx=15, type=2, offset=308, length=2, datalength=0, flags=2, expr=0, defaultvalue=NULL, dbload=NULL, conversionflags=0, conversiondbpad=0, conversionstep=0, blobindx=-1)
(tablename='t4', tagname='all_v1', name='c17', indx=16, type=2, offset=310, length=2, datalength=0, flags=2, expr=0, defaultvalue=NULL, dbload=NULL, conversionflags=0, conversiondbpad=0, conversionstep=0, blobindx=-1)
(tablename='t4', tagname='all_v1', name='c18', indx=17, type=3, offset=312, length=8, datalength=0, flags=2, expr=0, defaultvalue=NULL, dbload=NULL, conversionflags=0, conversiondbpad=0, conversionstep=0, blobindx=-1)
(out='TABLE sqlite_stat1')
(out='.ONDISK_CLIENT:')
(out='   dta     1 tbl type=CLIENT_CSTR offset=0 len=64 idx=-1 nulls_ok=no in_default=NULL out_default=NULL')
(out='   dta     2 idx type=CLIENT_CSTR offset=64 len=64 idx=-1 nulls_ok=yes in_default=NULL out_default=NULL')
(out='   dta     3 stat type=CLIENT_CSTR offset=128 len=4096 idx=-1 nulls_ok=no in_default=NULL out_default=NULL')
(out='.ONDISK:')
(out='   dta     1 tbl type=SERVER_BCSTR offset=0 len=64 idx=-1 nulls_ok=no in_default=NULL out_default=NULL')
(out='   dta     2 idx type=SERVER_BCSTR offset=64 len=64 idx=-1 nulls_ok=yes in_default=NULL out_default=NULL')
(out='   dta     3 stat type=SERVER_BCSTR offset=128 len=4096 idx=-1 nulls_ok=no in_default=NULL out_default=NULL')
(out='   ix0     0 tbl type=SERVER_BCSTR offset=0 len=64 idx=0 ascending')
(out='   ix0     1 idx type=SERVER_BCSTR offset=64 len=64 idx=1 ascending')
(out='.ONDISK.VER.1:')
(out='   dta     1 tbl type=SERVER_BCSTR offset=0 len=64 idx=-1 nulls_ok=no in_default=NULL out_default=NULL')
(out='   dta     2 idx type=SERVER_BCSTR offset=64 len=64 idx=-1 nulls_ok=yes in_default=NULL out_default=NULL')
(out='   dta     3 stat type=SERVER_BCSTR offset=128 len=4096 idx=-1 nulls_ok=no in_default=NULL out_default=NULL')
(out='TABLE sqlite_stat4')
(out='.ONDISK_CLIENT:')
(out='   dta     1 tbl type=CLIENT_CSTR offset=0 len=64 idx=-1 nulls_ok=no in_default=NULL out_default=NULL')
(out='   dta     2 idx type=CLIENT_CSTR offset=64 len=64 idx=-1 nulls_ok=no in_default=NULL out_default=NULL')
(out='   dta     3 samplelen type=CLIENT_INT offset=128 len=4 idx=-1 nulls_ok=no in_default=NULL out_default=NULL')
(out='   dta     4 sample type=CLIENT_BYTEARRAY offset=132 len=1024 idx=-1 nulls_ok=no in_default=NULL out_default=NULL')
(out='.ONDISK:')
(out='   dta     1 tbl type=SERVER_BCSTR offset=0 len=64 idx=-1 nulls_ok=no in_default=NULL out_default=NULL')
(out='   dta     2 idx type=SERVER_BCSTR offset=64 len=64 idx=-1 nulls_ok=no in_default=NULL out_default=NULL')
(out='   dta     3 samplelen type=SERVER_BINT offset=128 len=5 idx=-1 nulls_ok=no in_default=NULL out_default=NULL')
(out='   dta     4 sample type=SERVER_BYTEARRAY offset=133 len=1025 idx=-1 nulls_ok=no in_default=NULL out_default=NULL')
(out='   ix0     0 tbl type=SERVER_BCSTR offset=0 len=64 idx=0 ascending')
(out='   ix0     1 idx type=SERVER_BCSTR offset=64 len=64 idx=1 ascending')
(out='.ONDISK.VER.1:')
(out='   dta     1 tbl type=SERVER_BCSTR offset=0 len=64 idx=-1 nulls_ok=no in_default=NULL out_default=NULL')
(out='   dta     2 idx type=SERVER_BCSTR offset=64 len=64 idx=-1 nulls_ok=no in_default=NULL out_default=NULL')
(out='   dta     3 samplelen type=SERVER_BINT offset=128 len=5 idx=-1 nulls_ok=no in_default=NULL out_default=NULL')
(out='   dta     4 sample type=SERVER_BYTEARRAY offset=133 len=1025 idx=-1 nulls_ok=no in_default=NULL out_default=NULL')
(out='TABLE t4')
(out='.ONDISK_CLIENT:')
(out='   dta     1 c1 type=CLIENT_INT offset=0 len=4 idx=-1 nulls_ok=no in_default=NULL out_default=NULL')
(out='   dta     2 c2 type=CLIENT_BYTEARRAY offset=4 len=8 idx=-1 nulls_ok=no in_default=NULL out_default=NULL')
(out='   dta     3 c3 type=CLIENT_DATETIME offset=12 len=76 idx=-1 nulls_ok=no in_default=NULL out_default=NULL')
(out='   dta     4 c4 type=CLIENT_DATETIME offset=88 len=76 idx=-1 nulls_ok=no in_default=NULL out_default=NULL')
(out='   dta     5 c5 type=CLIENT_DATETIME offset=164 len=76 idx=-1 nulls_ok=no in_default=NULL out_default=NULL')
(out='   dta     6 c6 type=CLIENT_REAL offset=240 len=8 idx=-1 nulls_ok=no in_default=NULL out_default=NULL')
(out='   dta     7 c7 type=CLIENT_REAL offset=248 len=8 idx=-1 nulls_ok=no in_default=NULL out_default=NULL')
(out='   dta     8 c8 type=CLIENT_REAL offset=256 len=8 idx=-1 nulls_ok=no in_default=NULL out_default=NULL')
(out='   dta     9 c9 type=CLIENT_REAL offset=264 len=8 idx=-1 nulls_ok=yes in_default=NULL out_default=NULL')
(out='   dta    10 c10 type=CLIENT_REAL offset=272 len=8 idx=-1 nulls_ok=no in_default=NULL out_default=NULL')
(out='   dta    11 c11 type=CLIENT_REAL offset=280 len=8 idx=-1 nulls_ok=no in_default=NULL out_default=NULL')
(out='   dta    12 c12 type=CLIENT_REAL offset=288 len=8 idx=-1 nulls_ok=no in_default=NULL out_default=NULL')
(out='   dta    13 c13 type=CLIENT_REAL offset=296 len=8 idx=-1 nulls_ok=no in_default=NULL out_default=NULL')
(out='   dta    14 c14 type=CLIENT_INT offset=304 len=2 idx=-1 nulls_ok=no in_default=NULL out_default=NULL')
(out='   dta    15 c15 type=CLIENT_CSTR offset=306 len=2 idx=-1 nulls_ok=no in_default=NULL out_default=NULL')
(out='   dta    16 c16 type=CLIENT_INT offset=308 len=2 idx=-1 nulls_ok=no in_default=NULL out_default=NULL')
(out='   dta    17 c17 type=CLIENT_INT offset=310 len=2 idx=-1 nulls_ok=no in_default=NULL out_default=NULL')
(out='   dta    18 c18 type=CLIENT_REAL offset=312 len=8 idx=-1 nulls_ok=no in_default=NULL out_default=NULL')
(out='.DEFAULT:')
(out='   dta     1 c1 type=CLIENT_INT offset=0 len=4 idx=-1 nulls_ok=no in_default=NULL out_default=NULL')
(out='   dta     2 c2 type=CLIENT_BYTEARRAY offset=4 len=8 idx=-1 nulls_ok=no in_default=NULL out_default=NULL')
(out='   dta     3 c3 type=CLIENT_DATETIME offset=12 len=76 idx=-1 nulls_ok=no in_default=NULL out_default=NULL')
(out='   dta     4 c4 type=CLIENT_DATETIME offset=88 len=76 idx=-1 nulls_ok=no in_default=NULL out_default=NULL')
(out='   dta     5 c5 type=CLIENT_DATETIME offset=164 len=76 idx=-1 nulls_ok=no in_default=NULL out_default=NULL')
(out='   dta     6 c6 type=CLIENT_REAL offset=240 len=8 idx=-1 nulls_ok=no in_default=NULL out_default=NULL')
(out='   dta     7 c7 type=CLIENT_REAL offset=248 len=8 idx=-1 nulls_ok=no in_default=NULL out_default=NULL')
(out='   dta     8 c8 type=CLIENT_REAL offset=256 len=8 idx=-1 nulls_ok=no in_default=NULL out_default=NULL')
(out='   ix0     0 c1 type=CLIENT_INT offset=0 len=4 idx=0 ascending')
(out='   ix1     0 c2 type=CLIENT_BYTEARRAY offset=0 len=8 idx=1 ascending')
(out='   ix1     1 c3 type=CLIENT_DATETIME offset=8 len=76 idx=2 ascending')
(out='   ix2     0 c2 type=CLIENT_BYTEARRAY offset=0 len=8 idx=1 ascending')
(out='   ix2     1 c5 type=CLIENT_DATETIME offset=8 len=76 idx=4 ascending')
(out='   ix3     0 c3 type=CLIENT_DATETIME offset=0 len=76 idx=2 ascending')
(out='   ix3     1 c2 type=CLIENT_BYTEARRAY offset=76 len=8 idx=1 ascending')
(out='   ix4     0 c2 type=CLIENT_BYTEARRAY offset=0 len=8 idx=1 ascending')
(out='   ix4     1 c4 type=CLIENT_DATETIME offset=8 len=76 idx=3 ascending')
(out='   ix4     2 c16 type=CLIENT_INT offset=308 len=2 idx=-1 ascending')
(out='   ix5     0 c2 type=CLIENT_BYTEARRAY offset=0 len=8 idx=1 ascending')
(out='   ix5     1 c3 type=CLIENT_DATETIME offset=8 len=76 idx=2 ascending')
(out='   ix5     2 c16 type=CLIENT_INT offset=308 len=2 idx=-1 ascending')
(out='   ix6     0 c3 type=CLIENT_DATETIME offset=0 len=76 idx=2 ascending')
(out='   ix6     1 c16 type=CLIENT_INT offset=308 len=2 idx=-1 ascending')
(out='   ix7     0 c4 type=CLIENT_DATETIME offset=0 len=76 idx=3 ascending')
(out='   ix7     1 c16 type=CLIENT_INT offset=308 len=2 idx=-1 ascending')
(out='   ix8     0 c5 type=CLIENT_DATETIME offset=0 len=76 idx=4 ascending')
(out='   ix8     1 c16 type=CLIENT_INT offset=308 len=2 idx=-1 ascending')
(out='   ix9     0 c2 type=CLIENT_BYTEARRAY offset=0 len=8 idx=1 ascending')
(out='   ix9     1 c5 type=CLIENT_DATETIME offset=8 len=76 idx=4 ascending')
(out='   ix9     2 c16 type=CLIENT_INT offset=308 len=2 idx=-1 ascending')
(out='   ix10    0 c3 type=CLIENT_DATETIME offset=0 len=76 idx=2 ascending')
(out='   ix10    1 c16 type=CLIENT_INT offset=308 len=2 idx=-1 ascending')
(out='   ix10    2 (null) type=??? offset=0 len=0 idx=0 ascending')
(out='   ix11    0 c3 type=CLIENT_DATETIME offset=0 len=76 idx=2 ascending')
(out='   ix11    1 c4 type=CLIENT_DATETIME offset=76 len=76 idx=3 ascending')
(out='   ix11    2 c16 type=CLIENT_INT offset=308 len=2 idx=-1 ascending')
(out='all:')
(out='   dta     1 c1 type=CLIENT_INT offset=0 len=4 idx=-1 nulls_ok=no in_default=NULL out_default=NULL')
(out='   dta     2 c2 type=CLIENT_BYTEARRAY offset=4 len=8 idx=-1 nulls_ok=no in_default=NULL out_default=NULL')
(out='   dta     3 c3 type=CLIENT_DATETIME offset=12 len=76 idx=-1 nulls_ok=no in_default=NULL out_default=NULL')
(out='   dta     4 c4 type=CLIENT_DATETIME offset=88 len=76 idx=-1 nulls_ok=no in_default=NULL out_default=NULL')
(out='   dta     5 c5 type=CLIENT_DATETIME offset=164 len=76 idx=-1 nulls_ok=no in_default=NULL out_default=NULL')
(out='   dta     6 c6 type=CLIENT_REAL offset=240 len=8 idx=-1 nulls_ok=no in_default=NULL out_default=NULL')
(out='   dta     7 c7 type=CLIENT_REAL offset=248 len=8 idx=-1 nulls_ok=no in_default=NULL out_default=NULL')
(out='   dta     8 c8 type=CLIENT_REAL offset=256 len=8 idx=-1 nulls_ok=no in_default=NULL out_default=NULL')
(out='   dta     9 c9 type=CLIENT_REAL offset=264 len=8 idx=-1 nulls_ok=no in_default=NULL out_default=NULL')
(out='   dta    10 c10 type=CLIENT_REAL offset=272 len=8 idx=-1 nulls_ok=no in_default=NULL out_default=NULL')
(out='   dta    11 c11 type=CLIENT_REAL offset=280 len=8 idx=-1 nulls_ok=no in_default=NULL out_default=NULL')
(out='   dta    12 c12 type=CLIENT_REAL offset=288 len=8 idx=-1 nulls_ok=no in_default=NULL out_default=NULL')
(out='   dta    13 c13 type=CLIENT_REAL offset=296 len=8 idx=-1 nulls_ok=no in_default=NULL out_default=NULL')
(out='   dta    14 c14 type=CLIENT_INT offset=304 len=2 idx=-1 nulls_ok=no in_default=NULL out_default=NULL')
(out='   dta    15 c15 type=CLIENT_CSTR offset=306 len=2 idx=-1 nulls_ok=no in_default=NULL out_default=NULL')
(out='   dta    16 c16 type=CLIENT_INT offset=308 len=2 idx=-1 nulls_ok=no in_default=NULL out_default=NULL')
(out='   dta    17 c17 type=CLIENT_INT offset=310 len=2 idx=-1 nulls_ok=no in_default=NULL out_default=NULL')
(out='all_v1:')
(out='   dta     1 c1 type=CLIENT_INT offset=0 len=4 idx=-1 nulls_ok=no in_default=NULL out_default=NULL')
(out='   dta     2 c2 type=CLIENT_BYTEARRAY offset=4 len=8 idx=-1 nulls_ok=no in_default=NULL out_default=NULL')
(out='   dta     3 c3 type=CLIENT_DATETIME offset=12 len=76 idx=-1 nulls_ok=no in_default=NULL out_default=NULL')
(out='   dta     4 c4 type=CLIENT_DATETIME offset=88 len=76 idx=-1 nulls_ok=no in_default=NULL out_default=NULL')
(out='   dta     5 c5 type=CLIENT_DATETIME offset=164 len=76 idx=-1 nulls_ok=no in_default=NULL out_default=NULL')
(out='   dta     6 c6 type=CLIENT_REAL offset=240 len=8 idx=-1 nulls_ok=no in_default=NULL out_default=NULL')
(out='   dta     7 c7 type=CLIENT_REAL offset=248 len=8 idx=-1 nulls_ok=no in_default=NULL out_default=NULL')
(out='   dta     8 c8 type=CLIENT_REAL offset=256 len=8 idx=-1 nulls_ok=no in_default=NULL out_default=NULL')
(out='   dta     9 c9 type=CLIENT_REAL offset=264 len=8 idx=-1 nulls_ok=no in_default=NULL out_default=NULL')
(out='   dta    10 c10 type=CLIENT_REAL offset=272 len=8 idx=-1 nulls_ok=no in_default=NULL out_default=NULL')
(out='   dta    11 c11 type=CLIENT_REAL offset=280 len=8 idx=-1 nulls_ok=no in_default=NULL out_default=NULL')
(out='   dta    12 c12 type=CLIENT_REAL offset=288 len=8 idx=-1 nulls_ok=no in_default=NULL out_default=NULL')
(out='   dta    13 c13 type=CLIENT_REAL offset=296 len=8 idx=-1 nulls_ok=no in_default=NULL out_default=NULL')
(out='   dta    14 c14 type=CLIENT_INT offset=304 len=2 idx=-1 nulls_ok=no in_default=NULL out_default=NULL')
(out='   dta    15 c15 type=CLIENT_CSTR offset=306 len=2 idx=-1 nulls_ok=no in_default=NULL out_default=NULL')
(out='   dta    16 c16 type=CLIENT_INT offset=308 len=2 idx=-1 nulls_ok=no in_default=NULL out_default=NULL')
(out='   dta    17 c17 type=CLIENT_INT offset=310 len=2 idx=-1 nulls_ok=no in_default=NULL out_default=NULL')
(out='   dta    18 c18 type=CLIENT_REAL offset=312 len=8 idx=-1 nulls_ok=no in_default=NULL out_default=NULL')
(out='.ONDISK:')
(out='   dta     1 c1 type=SERVER_BINT offset=0 len=5 idx=-1 nulls_ok=no in_default=NULL out_default=NULL')
(out='   dta     2 c2 type=SERVER_BYTEARRAY offset=5 len=9 idx=-1 nulls_ok=no in_default=NULL out_default=NULL')
(out='   dta     3 c3 type=SERVER_DATETIME offset=14 len=11 idx=-1 nulls_ok=no in_default=NULL out_default=NULL')
(out='   dta     4 c4 type=SERVER_DATETIME offset=25 len=11 idx=-1 nulls_ok=no in_default=NULL out_default=NULL')
(out='   dta     5 c5 type=SERVER_DATETIME offset=36 len=11 idx=-1 nulls_ok=no in_default=NULL out_default=NULL')
(out='   dta     6 c6 type=SERVER_BREAL offset=47 len=9 idx=-1 nulls_ok=no in_default=NULL out_default=NULL')
(out='   dta     7 c7 type=SERVER_BREAL offset=56 len=9 idx=-1 nulls_ok=no in_default=NULL out_default=NULL')
(out='   dta     8 c8 type=SERVER_BREAL offset=65 len=9 idx=-1 nulls_ok=no in_default=NULL out_default=NULL')
(out='   dta     9 c9 type=SERVER_BREAL offset=74 len=9 idx=-1 nulls_ok=yes in_default=NULL out_default=NULL')
(out='   dta    10 c10 type=SERVER_BREAL offset=83 len=9 idx=-1 nulls_ok=no in_default=NULL out_default=NULL')
(out='   dta    11 c11 type=SERVER_BREAL offset=92 len=9 idx=-1 nulls_ok=no in_default=NULL out_default=NULL')
(out='   dta    12 c12 type=SERVER_BREAL offset=101 len=9 idx=-1 nulls_ok=no in_default=NULL out_default=NULL')
(out='   dta    13 c13 type=SERVER_BREAL offset=110 len=9 idx=-1 nulls_ok=no in_default=NULL out_default=NULL')
(out='   dta    14 c14 type=SERVER_BINT offset=119 len=3 idx=-1 nulls_ok=no in_default=NULL out_default=NULL')
(out='   dta    15 c15 type=SERVER_BCSTR offset=122 len=2 idx=-1 nulls_ok=no in_default=NULL out_default=NULL')
(out='   dta    16 c16 type=SERVER_BINT offset=124 len=3 idx=-1 nulls_ok=no in_default=    0 out_default=NULL')
(out='   dta    17 c17 type=SERVER_BINT offset=127 len=3 idx=-1 nulls_ok=no in_default=    0 out_default=NULL')
(out='   dta    18 c18 type=SERVER_BREAL offset=130 len=9 idx=-1 nulls_ok=no in_default=    -999998.000000 out_default=NULL')
(out='   ix0     0 c1 type=SERVER_BINT offset=0 len=5 idx=0 ascending')
(out='   ix1     0 c2 type=SERVER_BYTEARRAY offset=0 len=9 idx=1 ascending')
(out='   ix1     1 c3 type=SERVER_DATETIME offset=9 len=11 idx=2 ascending')
(out='   ix2     0 c2 type=SERVER_BYTEARRAY offset=0 len=9 idx=1 ascending')
(out='   ix2     1 c5 type=SERVER_DATETIME offset=9 len=11 idx=4 ascending')
(out='   ix3     0 c3 type=SERVER_DATETIME offset=0 len=11 idx=2 ascending')
(out='   ix3     1 c2 type=SERVER_BYTEARRAY offset=11 len=9 idx=1 ascending')
(out='   ix4     0 c2 type=SERVER_BYTEARRAY offset=0 len=9 idx=1 ascending')
(out='   ix4     1 c4 type=SERVER_DATETIME offset=9 len=11 idx=3 ascending')
(out='   ix4     2 c16 type=SERVER_BINT offset=20 len=3 idx=15 ascending')
(out='   ix5     0 c2 type=SERVER_BYTEARRAY offset=0 len=9 idx=1 ascending')
(out='   ix5     1 c3 type=SERVER_DATETIME offset=9 len=11 idx=2 ascending')
(out='   ix5     2 c16 type=SERVER_BINT offset=20 len=3 idx=15 ascending')
(out='   ix6     0 c3 type=SERVER_DATETIME offset=0 len=11 idx=2 ascending')
(out='   ix6     1 c16 type=SERVER_BINT offset=11 len=3 idx=15 ascending')
(out='   ix7     0 c4 type=SERVER_DATETIME offset=0 len=11 idx=3 ascending')
(out='   ix7     1 c16 type=SERVER_BINT offset=11 len=3 idx=15 ascending')
(out='   ix8     0 c5 type=SERVER_DATETIME offset=0 len=11 idx=4 ascending')
(out='   ix8     1 c16 type=SERVER_BINT offset=11 len=3 idx=15 ascending')
(out='   ix9     0 c2 type=SERVER_BYTEARRAY offset=0 len=9 idx=1 ascending')
(out='   ix9     1 c5 type=SERVER_DATETIME offset=9 len=11 idx=4 ascending')
(out='   ix9     2 c16 type=SERVER_BINT offset=20 len=3 idx=15 ascending')
(out='   ix10    0 c3 type=SERVER_DATETIME offset=0 len=11 idx=2 ascending')
(out='   ix10    1 c16 type=SERVER_BINT offset=11 len=3 idx=15 ascending')
(out='   ix10    2 c2 type=SERVER_BYTEARRAY offset=14 len=9 idx=1 ascending')
(out='   ix11    0 c3 type=SERVER_DATETIME offset=0 len=11 idx=2 ascending')
(out='   ix11    1 c4 type=SERVER_DATETIME offset=11 len=11 idx=3 ascending')
(out='   ix11    2 c16 type=SERVER_BINT offset=22 len=3 idx=15 ascending')
(out='.ONDISK.VER.1:')
(out='   dta     1 c1 type=SERVER_BINT offset=0 len=5 idx=-1 nulls_ok=no in_default=NULL out_default=NULL')
(out='   dta     2 c2 type=SERVER_BYTEARRAY offset=5 len=9 idx=-1 nulls_ok=no in_default=NULL out_default=NULL')
(out='   dta     3 c3 type=SERVER_DATETIME offset=14 len=11 idx=-1 nulls_ok=no in_default=NULL out_default=NULL')
(out='   dta     4 c4 type=SERVER_DATETIME offset=25 len=11 idx=-1 nulls_ok=no in_default=NULL out_default=NULL')
(out='   dta     5 c5 type=SERVER_DATETIME offset=36 len=11 idx=-1 nulls_ok=no in_default=NULL out_default=NULL')
(out='   dta     6 c6 type=SERVER_BREAL offset=47 len=9 idx=-1 nulls_ok=no in_default=NULL out_default=NULL')
(out='   dta     7 c7 type=SERVER_BREAL offset=56 len=9 idx=-1 nulls_ok=no in_default=NULL out_default=NULL')
(out='   dta     8 c8 type=SERVER_BREAL offset=65 len=9 idx=-1 nulls_ok=no in_default=NULL out_default=NULL')
(out='   dta     9 c9 type=SERVER_BREAL offset=74 len=9 idx=-1 nulls_ok=yes in_default=NULL out_default=NULL')
(out='   dta    10 c10 type=SERVER_BREAL offset=83 len=9 idx=-1 nulls_ok=no in_default=NULL out_default=NULL')
(out='   dta    11 c11 type=SERVER_BREAL offset=92 len=9 idx=-1 nulls_ok=no in_default=NULL out_default=NULL')
(out='   dta    12 c12 type=SERVER_BREAL offset=101 len=9 idx=-1 nulls_ok=no in_default=NULL out_default=NULL')
(out='   dta    13 c13 type=SERVER_BREAL offset=110 len=9 idx=-1 nulls_ok=no in_default=NULL out_default=NULL')
(out='   dta    14 c14 type=SERVER_BINT offset=119 len=3 idx=-1 nulls_ok=no in_default=NULL out_default=NULL')
(out='   dta    15 c15 type=SERVER_BCSTR offset=122 len=2 idx=-1 nulls_ok=no in_default=NULL out_default=NULL')
(out='   dta    16 c16 type=SERVER_BINT offset=124 len=3 idx=-1 nulls_ok=no in_default=    0 out_default=NULL')
(out='   dta    17 c17 type=SERVER_BINT offset=127 len=3 idx=-1 nulls_ok=no in_default=    0 out_default=NULL')
(out='   dta    18 c18 type=SERVER_BREAL offset=130 len=9 idx=-1 nulls_ok=no in_default=    -999998.000000 out_default=NULL')
(out='   ix0     0 c1 type=SERVER_BINT offset=0 len=5 idx=0 ascending')
(out='   ix1     0 c2 type=SERVER_BYTEARRAY offset=0 len=9 idx=1 ascending')
(out='   ix1     1 c3 type=SERVER_DATETIME offset=9 len=11 idx=2 ascending')
(out='   ix2     0 c2 type=SERVER_BYTEARRAY offset=0 len=9 idx=1 ascending')
(out='   ix2     1 c5 type=SERVER_DATETIME offset=9 len=11 idx=4 ascending')
(out='   ix3     0 c3 type=SERVER_DATETIME offset=0 len=11 idx=2 ascending')
(out='   ix3     1 c2 type=SERVER_BYTEARRAY offset=11 len=9 idx=1 ascending')
(out='   ix4     0 c2 type=SERVER_BYTEARRAY offset=0 len=9 idx=1 ascending')
(out='   ix4     1 c4 type=SERVER_DATETIME offset=9 len=11 idx=3 ascending')
(out='   ix4     2 c16 type=SERVER_BINT offset=20 len=3 idx=15 ascending')
(out='   ix5     0 c2 type=SERVER_BYTEARRAY offset=0 len=9 idx=1 ascending')
(out='   ix5     1 c3 type=SERVER_DATETIME offset=9 len=11 idx=2 ascending')
(out='   ix5     2 c16 type=SERVER_BINT offset=20 len=3 idx=15 ascending')
(out='   ix6     0 c3 type=SERVER_DATETIME offset=0 len=11 idx=2 ascending')
(out='   ix6     1 c16 type=SERVER_BINT offset=11 len=3 idx=15 ascending')
(out='   ix7     0 c4 type=SERVER_DATETIME offset=0 len=11 idx=3 ascending')
(out='   ix7     1 c16 type=SERVER_BINT offset=11 len=3 idx=15 ascending')
(out='   ix8     0 c5 type=SERVER_DATETIME offset=0 len=11 idx=4 ascending')
(out='   ix8     1 c16 type=SERVER_BINT offset=11 len=3 idx=15 ascending')
(out='   ix9     0 c2 type=SERVER_BYTEARRAY offset=0 len=9 idx=1 ascending')
(out='   ix9     1 c5 type=SERVER_DATETIME offset=9 len=11 idx=4 ascending')
(out='   ix9     2 c16 type=SERVER_BINT offset=20 len=3 idx=15 ascending')
(out='   ix10    0 c3 type=SERVER_DATETIME offset=0 len=11 idx=2 ascending')
(out='   ix10    1 c16 type=SERVER_BINT offset=11 len=3 idx=15 ascending')
(out='   ix10    2 c2 type=SERVER_BYTEARRAY offset=14 len=9 idx=1 ascending')
(out='   ix11    0 c3 type=SERVER_DATETIME offset=0 len=11 idx=2 ascending')
(out='   ix11    1 c4 type=SERVER_DATETIME offset=11 len=11 idx=3 ascending')
(out='   ix11    2 c16 type=SERVER_BINT offset=22 len=3 idx=15 ascending')
