(rows deleted=5)
[exec procedure sys.cmd.load('DBDIR/agg1.csv', 't1')] failed with rc -3 [sys.load(db,csv,tbl,seperator,h...]:2: table t1 has no column named name:value:time in stmt: INSERT INTO "t1" ("name:value:time") VALUES (?)
(name='ab21cd', value='ef23sdss', time='k223')
(name='absdcd', value='ee1fsdss', time='kss')
(name='dfgjhk', value='efsdss', time='k23')
(name='dh42bcd', value='efsfsdss', time='k42')
(rows deleted=4)
(name='ab21cd', value='ef23sdss', time='k223')
(name='absdcd', value='ee1fsdss', time='kss')
(name='dfgjhk', value='efsdss', time='k23')
(name='dh42bcd', value='efsfsdss', time='k42')
(name='name', value='value', time='time')
