no such function - byte_me
[SELECT byte_me()] failed with rc -3 no such function: byte_me

create procedure, function - byte_me
udf

bad return value
udf
[SELECT byte_me()] failed with rc 300 bad number of return values

global var
udf
[SELECT byte_me()] failed with rc 300 [local function byte_me() return...]:1: Global variables not allowed.

good procedure
udf

bad args
[SELECT byte_me()] failed with rc 300 [string "local function byte_me(b, n) return b[n] en..."]:1: attempt to index local 'b' (a nil value)
[SELECT byte_me(x'deadbeef')] failed with rc 300 [local function byte_me(b, n) re...]:1: bad blob index
[SELECT byte_me(x'deadbeef', 'hi')] failed with rc 300 [local function byte_me(b, n) re...]:1: bad blob index
[SELECT byte_me(x'deadbeef', 0)] failed with rc 300 [local function byte_me(b, n) re...]:1: blob index out of range
[SELECT byte_me(x'deadbeef', 5)] failed with rc 300 [local function byte_me(b, n) re...]:1: blob index out of range

good args
x'de'
x'ad'
x'be'
x'ef'
