1
AUTOANALYZE: no
CONSIDER UPDATE OPS: no
MIN TIME BETWEEN RUNS: 7200secs (120mins)
MIN OPERATIONS TO TRIGGER: 100000
MIN PERCENT OF CHANGES TO TRIGGER: 20% (+300)
UPDATE COUNTERS EVERY: 180secs
SAVE COUNTERS FREQ: 1 
REQUEST MODE: no
Table t1, aa counter=1 (saved 0, new 1, percent of tbl 100.00), last run time=1969-12-31 19:00:00 (0)
