(rows inserted=1)
(rows inserted=1)
("datetime column less than blob"='datetime column less than blob')
(b=x'600dcafe', date="2007-10-01T000000.000 US/Eastern")
(b=x'', date="2007-10-01T000000.000 US/Eastern")
("datetime column equal to blob"='datetime column equal to blob')
("datetime column equal to empty blob"='datetime column equal to empty blob')
(b=x'600dcafe', date="2007-10-01T000000.000 US/Eastern")
(b=x'', date="2007-10-01T000000.000 US/Eastern")
("datetime column greater than blob"='datetime column greater than blob')
("blob column less than datetime"='blob column less than datetime')
("blob column equal to datetime"='blob column equal to datetime')
(b=x'', date="2007-10-01T000000.000 US/Eastern")
("blob column greater than datetime"='blob column greater than datetime')
(b=x'600dcafe', date="2007-10-01T000000.000 US/Eastern")
