(name='MAXBLOBLENGTH', description='Maximum blob length', limit=268435456)
(name='MAXBLOBS', description='Maximum number of blobs', limit=15)
(name='MAXCOLNAME', description='Maximum column name length', limit=99)
(name='MAXCOLUMNS', description='Maximum columns in a table', limit=1024)
(name='MAXCONSTRAINTS', description='Maximum number of constraint in a table', limit=32)
(name='MAXCONSUMERS', description='Maximum queue consumers', limit=32)
(name='MAXCUSTOPNAME', description='Maximum length of a custom operation name', limit=32)
(name='MAXDTASTRIPE', description='Maximum number of data stripes', limit=16)
(name='MAXINDEX', description='Maximum number of indices', limit=50)
(name='MAXKEYLEN', description='Maximum key length', limit=512)
(name='MAXLRL', description='Maximum data lrl size', limit=65536)
(name='MAXNETS', description='Maximum number of networks', limit=3)
(name='MAXNODES', description='Maximum number of nodes', limit=32768)
(name='MAXSIBLINGS', description='Maximum number of sibling nodes', limit=64)
(name='MAXTABLELEN', description='Maximum table name length', limit=32)
(name='MAXTAGLEN', description='Maximum tag name length', limit=64)
(name='MAX_DBNAME_LENGTH', description='Maximum length of database name', limit=64)
(name='MAX_QUEUE_HITS_PER_TRANS', description='Maximum number of queues that Comdb2 efficiently remember per transaction', limit=8)
(name='MAX_SPNAME', description='Maximum length of stored procedure', limit=32)
(name='MAX_SPVERSION_LEN', description='Maximum length of stored procedure version', limit=80)
(name='REPMAX', description='Maximum number of replicants', limit=32)
