(KEYWORDS_COUNT=182)
(RESERVED_KW=107)
(NONRESERVED_KW=75)
(name='ABORT', reserved='Y')
(name='ALL', reserved='Y')
(name='ALTER', reserved='Y')
(name='ANALYZE', reserved='Y')
(name='ANALYZESQLITE', reserved='Y')
(name='AND', reserved='Y')
(name='AS', reserved='Y')
(name='ASC', reserved='Y')
(name='ATTACH', reserved='Y')
(name='BEGIN', reserved='Y')
(name='BETWEEN', reserved='Y')
(name='BY', reserved='Y')
(name='CASE', reserved='Y')
(name='CAST', reserved='Y')
(name='CHECK', reserved='Y')
(name='COLLATE', reserved='Y')
(name='COMMIT', reserved='Y')
(name='COMMITSLEEP', reserved='Y')
(name='CONFLICT', reserved='Y')
(name='CONSTRAINT', reserved='Y')
(name='CONVERTSLEEP', reserved='Y')
(name='CREATE', reserved='Y')
(name='CROSS', reserved='Y')
(name='CURRENT_DATE', reserved='Y')
(name='CURRENT_TIME', reserved='Y')
(name='CURRENT_TIMESTAMP', reserved='Y')
(name='DATABASE', reserved='Y')
(name='DEFAULT', reserved='Y')
(name='DEFERRED', reserved='Y')
(name='DELETE', reserved='Y')
(name='DESC', reserved='Y')
(name='DETACH', reserved='Y')
(name='DISTINCT', reserved='Y')
(name='DROP', reserved='Y')
(name='DRYRUN', reserved='Y')
(name='ELSE', reserved='Y')
(name='END', reserved='Y')
(name='ESCAPE', reserved='Y')
(name='EXCEPT', reserved='Y')
(name='EXCLUSIVE', reserved='Y')
(name='EXISTS', reserved='Y')
(name='EXPLAIN', reserved='Y')
(name='FAIL', reserved='Y')
(name='FROM', reserved='Y')
(name='FULL', reserved='Y')
(name='GLOB', reserved='Y')
(name='GROUP', reserved='Y')
(name='HAVING', reserved='Y')
(name='IF', reserved='Y')
(name='IGNORE', reserved='Y')
(name='IMMEDIATE', reserved='Y')
(name='IN', reserved='Y')
(name='INDEX', reserved='Y')
(name='INDEXED', reserved='Y')
(name='INNER', reserved='Y')
(name='INSERT', reserved='Y')
(name='INTERSECT', reserved='Y')
(name='INTO', reserved='Y')
(name='IS', reserved='Y')
(name='ISNULL', reserved='Y')
(name='JOIN', reserved='Y')
(name='KEY', reserved='Y')
(name='LEFT', reserved='Y')
(name='LIKE', reserved='Y')
(name='LIMIT', reserved='Y')
(name='MATCH', reserved='Y')
(name='NATURAL', reserved='Y')
(name='NOT', reserved='Y')
(name='NOTNULL', reserved='Y')
(name='NULL', reserved='Y')
(name='OFFSET', reserved='Y')
(name='ON', reserved='Y')
(name='OR', reserved='Y')
(name='ORDER', reserved='Y')
(name='OUTER', reserved='Y')
(name='PLAN', reserved='Y')
(name='PRAGMA', reserved='Y')
(name='PRIMARY', reserved='Y')
(name='QUERY', reserved='Y')
(name='RECURSIVE', reserved='Y')
(name='REGEXP', reserved='Y')
(name='REINDEX', reserved='Y')
(name='RELEASE', reserved='Y')
(name='REPLACE', reserved='Y')
(name='RIGHT', reserved='Y')
(name='ROLLBACK', reserved='Y')
(name='SAVEPOINT', reserved='Y')
(name='SCHEMACHANGE', reserved='Y')
(name='SELECT', reserved='Y')
(name='SELECTV', reserved='Y')
(name='SET', reserved='Y')
(name='TABLE', reserved='Y')
(name='TEMP', reserved='Y')
(name='TEMPORARY', reserved='Y')
(name='THEN', reserved='Y')
(name='TO', reserved='Y')
(name='TRANSACTION', reserved='Y')
(name='UNION', reserved='Y')
(name='UNIQUE', reserved='Y')
(name='UPDATE', reserved='Y')
(name='USING', reserved='Y')
(name='VACUUM', reserved='Y')
(name='VALUES', reserved='Y')
(name='WHEN', reserved='Y')
(name='WHERE', reserved='Y')
(name='WITH', reserved='Y')
(name='WITHOUT', reserved='Y')
(name='ACTION', reserved='N')
(name='ADD', reserved='N')
(name='AFTER', reserved='N')
(name='AGGREGATE', reserved='N')
(name='ALIAS', reserved='N')
(name='AUTHENTICATION', reserved='N')
(name='BEFORE', reserved='N')
(name='BLOBFIELD', reserved='N')
(name='BULKIMPORT', reserved='N')
(name='CASCADE', reserved='N')
(name='COLUMN', reserved='N')
(name='CONSUMER', reserved='N')
(name='COVERAGE', reserved='N')
(name='CRLE', reserved='N')
(name='DATA', reserved='N')
(name='DATABLOB', reserved='N')
(name='DATACOPY', reserved='N')
(name='DBPAD', reserved='N')
(name='DDL', reserved='N')
(name='DEFERRABLE', reserved='N')
(name='DISABLE', reserved='N')
(name='EACH', reserved='N')
(name='ENABLE', reserved='N')
(name='FOR', reserved='N')
(name='FOREIGN', reserved='N')
(name='FUNCTION', reserved='N')
(name='GENID48', reserved='N')
(name='GET', reserved='N')
(name='GRANT', reserved='N')
(name='INITIALLY', reserved='N')
(name='INSTEAD', reserved='N')
(name='IPU', reserved='N')
(name='ISC', reserved='N')
(name='KW', reserved='N')
(name='LUA', reserved='N')
(name='LZ4', reserved='N')
(name='NO', reserved='N')
(name='NONE', reserved='N')
(name='ODH', reserved='N')
(name='OF', reserved='N')
(name='OFF', reserved='N')
(name='OP', reserved='N')
(name='OPTIONS', reserved='N')
(name='PARTITION', reserved='N')
(name='PASSWORD', reserved='N')
(name='PERIOD', reserved='N')
(name='PROCEDURE', reserved='N')
(name='PUT', reserved='N')
(name='RAISE', reserved='N')
(name='READ', reserved='N')
(name='REBUILD', reserved='N')
(name='REC', reserved='N')
(name='REFERENCES', reserved='N')
(name='RENAME', reserved='N')
(name='RESERVED', reserved='N')
(name='RESTRICT', reserved='N')
(name='RETENTION', reserved='N')
(name='REVOKE', reserved='N')
(name='RLE', reserved='N')
(name='ROW', reserved='N')
(name='ROWLOCKS', reserved='N')
(name='SCALAR', reserved='N')
(name='START', reserved='N')
(name='SUMMARIZE', reserved='N')
(name='THREADS', reserved='N')
(name='THRESHOLD', reserved='N')
(name='TIME', reserved='N')
(name='TRIGGER', reserved='N')
(name='TRUNCATE', reserved='N')
(name='USERSCHEMA', reserved='N')
(name='VERSION', reserved='N')
(name='VIEW', reserved='N')
(name='VIRTUAL', reserved='N')
(name='WRITE', reserved='N')
(name='ZLIB', reserved='N')
