[DROP TABLE t1] failed with rc -3 no such table: t1
[DROP TABLE t2] failed with rc -3 no such table: t2
(tablename='sqlite_stat1')
(tablename='sqlite_stat4')
(tablename='t1')
(tablename='t2')
(tablename='sqlite_stat1')
(tablename='sqlite_stat4')
(tablename='t1')
(tablename='t2')
(tablename='sqlite_stat1')
(tablename='sqlite_stat4')
(tablename='t1')
(tablename='t2')
(tablename='sqlite_stat1')
(tablename='sqlite_stat4')
(tablename='t1')
(tablename='t2')
unknown @ls sub-command foo
(name='comdb2_active_osqls')
(name='comdb2_appsock_handlers')
(name='comdb2_blkseq')
(name='comdb2_clientstats')
(name='comdb2_cluster')
(name='comdb2_columns')
(name='comdb2_completion')
(name='comdb2_connections')
(name='comdb2_constraints')
(name='comdb2_cron_events')
(name='comdb2_cron_schedulers')
(name='comdb2_fingerprints')
(name='comdb2_keycomponents')
(name='comdb2_keys')
(name='comdb2_keywords')
(name='comdb2_limits')
(name='comdb2_locks')
(name='comdb2_logical_operations')
(name='comdb2_metrics')
(name='comdb2_net_userfuncs')
(name='comdb2_opcode_handlers')
(name='comdb2_plugins')
(name='comdb2_procedures')
(name='comdb2_queues')
(name='comdb2_repl_stats')
(name='comdb2_replication_netqueue')
(name='comdb2_sc_status')
(name='comdb2_sql_client_stats')
(name='comdb2_sqlpool_queue')
(name='comdb2_systables')
(name='comdb2_tablepermissions')
(name='comdb2_tables')
(name='comdb2_tablesizes')
(name='comdb2_threadpools')
(name='comdb2_timepartevents')
(name='comdb2_timepartitions')
(name='comdb2_timepartshards')
(name='comdb2_timeseries')
(name='comdb2_transaction_logs')
(name='comdb2_triggers')
(name='comdb2_tunables')
(name='comdb2_type_samples')
(name='comdb2_users')
(name='comdb2_views')
(name='generate_series')
(name='json_each')
(name='json_tree')
table name required
table name required
Columns:
(column='i', type='int', size=5, sqltype='int', varinlinesize=NULL, defaultvalue=NULL, dbload=NULL, isnullable='N')

Keys:
(keyname='COMDB2_PK', isunique='Y', isdatacopy='N', isrecnum='N', condition=NULL)

Constraints:
(name='$CONSTRAINT_C6A17957', type='FOREIGN KEY', tablename='t2', keyname='COMDB2_PK', foreigntablename='t1', foreignkeyname='COMDB2_PK', iscascadingdelete='N', iscascadingupdate='N', expr=NULL)

CSC2:
(csc2='schema
	{
		int i 
	}
keys
	{
		uniqnulls "COMDB2_PK" = i 
	}
')
Columns:
(column='i', type='int', size=5, sqltype='int', varinlinesize=NULL, defaultvalue=NULL, dbload=NULL, isnullable='N')

Keys:
(keyname='COMDB2_PK', isunique='Y', isdatacopy='N', isrecnum='N', condition=NULL)

Constraints:
(name='$CONSTRAINT_C6A17957', type='FOREIGN KEY', tablename='t2', keyname='COMDB2_PK', foreigntablename='t1', foreignkeyname='COMDB2_PK', iscascadingdelete='N', iscascadingupdate='N', expr=NULL)

CSC2:
(csc2='schema
	{
		int i 
	}
keys
	{
		uniqnulls "COMDB2_PK" = i 
	}
constraints
	{
		"COMDB2_PK" -> <"t1":"COMDB2_PK"> 
	}
')
Columns:
(column='i', type='int', size=5, sqltype='int', varinlinesize=NULL, defaultvalue=NULL, dbload=NULL, isnullable='N')

Keys:
(keyname='COMDB2_PK', isunique='Y', isdatacopy='N', isrecnum='N', condition=NULL)

Constraints:
(name='$CONSTRAINT_C6A17957', type='FOREIGN KEY', tablename='t2', keyname='COMDB2_PK', foreigntablename='t1', foreignkeyname='COMDB2_PK', iscascadingdelete='N', iscascadingupdate='N', expr=NULL)

CSC2:
(csc2='schema
	{
		int i 
	}
keys
	{
		uniqnulls "COMDB2_PK" = i 
	}
constraints
	{
		"COMDB2_PK" -> <"t1":"COMDB2_PK"> 
	}
')
