[DROP TABLE t1] failed with rc -3 no such table: t1
+---+---+
| i | j |
+---+---+
+---------------+
| rows inserted |
+---------------+
| 1             |
+---------------+
+---------------+
| rows inserted |
+---------------+
| 1             |
+---------------+
+---+-----------+
| i | j         |
+---+-----------+
| 1 | 'foo'     |
| 2 | 'foo baz' |
+---+-----------+
