[DROP TABLE t1] failed with rc -3 no such table: t1
+---------------------+
| test                |
+---------------------+
| '---- test #1 ----' |
+---------------------+
+---+---+
| i | j |
+---+---+
+---------------+
| rows inserted |
+---------------+
| 1             |
+---------------+
+---------------+
| rows inserted |
+---------------+
| 1             |
+---------------+
+---+-----------+
| i | j         |
+---+-----------+
| 1 | 'foo'     |
| 2 | 'foo baz' |
+---+-----------+
+---------------------+
| test                |
+---------------------+
| '---- test #2 ----' |
+---------------------+
+---------------+
| rows inserted |
+---------------+
| 1             |
+---------------+
+------------------------------------------+
| d                                        |
+------------------------------------------+
| "1969-12-31T190001.000 America/New_York" |
+------------------------------------------+
