Cost: 0.00 NRows: 0

Cost: 0.00 NRows: 0

[create table t1(i int unique, j int)] rc 0
[create table t2(x int unique, y int)] rc 0
(rows inserted=10)
Cost: 0.00 NRows: 10

[insert into t1 select value, 1 from generate_series(1, 10)] rc 0
(rows inserted=10)
Cost: 0.00 NRows: 10

[insert into t2 select value, 2 from generate_series(1, 10)] rc 0
(comment='Subquery flattening optimization enabled')
Cost: 0.00 NRows: 1

Cost: 0.00 NRows: 0

[select 'Subquery flattening optimization enabled' as comment] rc 0
[put tunable enable_sq_flattening_optimization 1] rc 0
(i=1, j=1, x=NULL, y=NULL)
(i=2, j=1, x=NULL, y=NULL)
(i=3, j=1, x=NULL, y=NULL)
(i=4, j=1, x=NULL, y=NULL)
(i=5, j=1, x=NULL, y=NULL)
(i=6, j=1, x=NULL, y=NULL)
(i=7, j=1, x=NULL, y=NULL)
(i=8, j=1, x=NULL, y=NULL)
(i=9, j=1, x=NULL, y=NULL)
(i=10, j=1, x=NULL, y=NULL)
Cost: 220.00 NRows: 10
    table t1 finds 10
    index 0 on table t1 finds 1 next/prev 10
    index 0 on table t2 finds 10

[select i, j, a.x, a.y from t1 left join (select x,y from t2 where x=11) a on t1.i = a.x order by i asc] rc 0
(comment='Subquery flattening optimization disabled')
Cost: 0.00 NRows: 1

Cost: 0.00 NRows: 0

[select 'Subquery flattening optimization disabled' as comment] rc 0
[put tunable enable_sq_flattening_optimization 0] rc 0
(i=1, j=1, x=NULL, y=NULL)
(i=2, j=1, x=NULL, y=NULL)
(i=3, j=1, x=NULL, y=NULL)
(i=4, j=1, x=NULL, y=NULL)
(i=5, j=1, x=NULL, y=NULL)
(i=6, j=1, x=NULL, y=NULL)
(i=7, j=1, x=NULL, y=NULL)
(i=8, j=1, x=NULL, y=NULL)
(i=9, j=1, x=NULL, y=NULL)
(i=10, j=1, x=NULL, y=NULL)
Cost: 131.00 NRows: 10
    index 0 on table t2 finds 1
    table t1 finds 10
    index 0 on table t1 finds 1 next/prev 10
    temp index finds 10 

Cost: 0.00 NRows: 0

Cost: 0.00 NRows: 0

[select i, j, a.x, a.y from t1 left join (select x,y from t2 where x=11) a on t1.i = a.x order by i asc] rc 0
[drop table t2] rc 0
[drop table t1] rc 0
