[create table intvds(id int, a intervalds)] rc 0
[create table intvdsus(id int, a intervaldsus)] rc 0
(rows inserted=1)
[insert into intvds(id, a) values(1, "0 00:00:00")] rc 0
(rows inserted=1)
[insert into intvds(id, a) values(2, "0 00:00:00.000")] rc 0
(rows inserted=1)
[insert into intvds(id, a) values(3, "0 00:00:00.001")] rc 0
(rows inserted=1)
[insert into intvds(id, a) values(4, "0 00:00:01.001")] rc 0
(rows inserted=1)
[insert into intvds(id, a) values(5, "0 00:01:00.001")] rc 0
(rows inserted=1)
[insert into intvds(id, a) values(6, "0 00:00:00.001")] rc 0
(rows inserted=1)
[insert into intvds(id, a) values(7, "0 01:00:00.001")] rc 0
(rows inserted=1)
[insert into intvds(id, a) values(8, "1 00:00:00.001")] rc 0
(rows inserted=1)
[insert into intvds(id, a) values(9, "-0 00:00:00")] rc 0
(rows inserted=1)
[insert into intvds(id, a) values(10, "-0 00:00:00.000")] rc 0
(rows inserted=1)
[insert into intvds(id, a) values(11, "-0 00:00:00.001")] rc 0
(rows inserted=1)
[insert into intvds(id, a) values(12, "-0 00:00:01.001")] rc 0
(rows inserted=1)
[insert into intvds(id, a) values(13, "-0 00:01:00.001")] rc 0
(rows inserted=1)
[insert into intvds(id, a) values(14, "-0 01:00:00.001")] rc 0
(rows inserted=1)
[insert into intvds(id, a) values(15, "-1 00:00:00.001")] rc 0
(id=15, a="- 1 00:00:00.001")
(id=14, a="- 0 01:00:00.001")
(id=13, a="- 0 00:01:00.001")
(id=12, a="- 0 00:00:01.001")
(id=11, a="- 0 00:00:00.001")
(id=1, a="0 00:00:00.000")
(id=2, a="0 00:00:00.000")
(id=9, a="0 00:00:00.000")
(id=10, a="0 00:00:00.000")
(id=3, a="0 00:00:00.001")
(id=6, a="0 00:00:00.001")
(id=4, a="0 00:00:01.001")
(id=5, a="0 00:01:00.001")
(id=7, a="0 01:00:00.001")
(id=8, a="1 00:00:00.001")
[select * from intvds order by a, id] rc 0
(rows inserted=1)
[insert into intvdsus(id, a) values(1, "0 00:00:00")] rc 0
(rows inserted=1)
[insert into intvdsus(id, a) values(2, "0 00:00:00.000000")] rc 0
(rows inserted=1)
[insert into intvdsus(id, a) values(3, "0 00:00:00.000001")] rc 0
(rows inserted=1)
[insert into intvdsus(id, a) values(4, "0 00:00:01.000001")] rc 0
(rows inserted=1)
[insert into intvdsus(id, a) values(5, "0 00:01:00.000001")] rc 0
(rows inserted=1)
[insert into intvdsus(id, a) values(6, "0 00:00:00.000001")] rc 0
(rows inserted=1)
[insert into intvdsus(id, a) values(7, "0 01:00:00.000001")] rc 0
(rows inserted=1)
[insert into intvdsus(id, a) values(8, "1 00:00:00.000001")] rc 0
(rows inserted=1)
[insert into intvdsus(id, a) values(9, "-0 00:00:00")] rc 0
(rows inserted=1)
[insert into intvdsus(id, a) values(10, "-0 00:00:00.000000")] rc 0
(rows inserted=1)
[insert into intvdsus(id, a) values(11, "-0 00:00:00.000001")] rc 0
(rows inserted=1)
[insert into intvdsus(id, a) values(12, "-0 00:00:01.000001")] rc 0
(rows inserted=1)
[insert into intvdsus(id, a) values(13, "-0 00:01:00.000001")] rc 0
(rows inserted=1)
[insert into intvdsus(id, a) values(14, "-0 01:00:00.000001")] rc 0
(rows inserted=1)
[insert into intvdsus(id, a) values(15, "-1 00:00:00.000001")] rc 0
(id=15, a="- 1 00:00:00.000001")
(id=14, a="- 0 01:00:00.000001")
(id=13, a="- 0 00:01:00.000001")
(id=12, a="- 0 00:00:01.000001")
(id=11, a="- 0 00:00:00.000001")
(id=1, a="0 00:00:00.000000")
(id=2, a="0 00:00:00.000000")
(id=9, a="0 00:00:00.000000")
(id=10, a="0 00:00:00.000000")
(id=3, a="0 00:00:00.000001")
(id=6, a="0 00:00:00.000001")
(id=4, a="0 00:00:01.000001")
(id=5, a="0 00:01:00.000001")
(id=7, a="0 01:00:00.000001")
(id=8, a="1 00:00:00.000001")
[select * from intvdsus order by a, id] rc 0
