[exec procedure sys.cmd.send('stat help')] failed with rc -3 [local msg = sys.send(cmd)...]:10: User doesn't have access to run this command.
(out='[ERROR] bad stat command')
(out='Database status query commands:-')
(out='stat                       - basic status report')
(out='stat stax                  - dumps all tables and basic schema info')
(out='stat stal                  - thread status')
(out='stat long                  - request statistics')
(out='stat reql                  - dumps long request settings')
(out='stat appsock               - socket request statistics')
(out='stat fstblk                - fstblk statistics')
(out='stat blob                  - blob subsystems statistics')
(out='stat resources             - dump list of registered resources')
(out='stat signals               - signal handling setup')
(out='stat csc2vers <table>      - get current schema version for table')
(out='stat dumpcsc2 <table> #    - dump version # of schema for given table')
(out='stat rmtpol #              - remote policy for the given hostname')
(out='stat thr                   - dump all registered threads')
(out='stat dumpsql               - running sql statements')
(out='stat size                  - database ondisk size info')
(out='stat ixstat                - index usage stats')
(out='stat cursors               - cursor mode stats')
(out='stat sc                    - view status of current schema change')
(out='stat switch                - show switch statuses')
(out='stat clnt [#] [rates|totals]- show per client request stats')
(out='stat mtrap                 - show mtrap system stats')
(out='stat dohsql                - show distributed sql stats')
(out='stat oldfile               - dump oldfile hash')
(out='dmpl                       - dump threads')
(out='dmptrn                     - show long transaction stats')
(out='dmpcts                     - show table constraints')
