('make sure we can set in-range values'='make sure we can set in-range values')
('make sure we cant set out-of-range values'='make sure we cant set out-of-range values')
(out='[ERROR] Invalid negative value for 'test_tunable_int_limit'.')
(out='[ERROR] update_tunable: Failed to parse tunable')
(out='[ERROR] Invalid tunable value')
(out='[ERROR] Invalid negative value for 'test_tunable_int64_limit'.')
(out='[ERROR] update_tunable: Failed to parse tunable')
(out='[ERROR] Invalid tunable value')
(out='[ERROR] Invalid argument for 'test_tunable_int_limit'.')
(out='[ERROR] update_tunable: Failed to parse tunable')
(out='[ERROR] Invalid tunable value')
(out='[ERROR] Invalid argument for 'test_tunable_int64_limit'.')
(out='[ERROR] update_tunable: Failed to parse tunable')
(out='[ERROR] Invalid tunable value')
(out='[ERROR] Invalid argument for 'test_tunable_int_signed_limit'.')
(out='[ERROR] update_tunable: Failed to parse tunable')
(out='[ERROR] Invalid tunable value')
(out='[ERROR] Invalid argument for 'test_tunable_int64_signed_limit'.')
(out='[ERROR] update_tunable: Failed to parse tunable')
(out='[ERROR] Invalid tunable value')
(out='[ERROR] Invalid argument for 'test_tunable_int_signed_limit'.')
(out='[ERROR] update_tunable: Failed to parse tunable')
(out='[ERROR] Invalid tunable value')
(out='[ERROR] Invalid argument for 'test_tunable_int64_signed_limit'.')
(out='[ERROR] update_tunable: Failed to parse tunable')
(out='[ERROR] Invalid tunable value')
