(rows inserted=1)
(rows inserted=1)
(u=1)
(u=2)
[create table t2 { schema { u_longlong u } }] failed with rc 240 u_longlong is not supported
[alter table t1 { schema { u_longlong u int i null=yes } }] failed with rc 240 u_longlong is not supported
(u=1, i=NULL)
(u=2, i=NULL)
(sleep(5)=5)
(count(*)=2)
(rows inserted=2)
(u=3, i=3)
(u=4, i=5)
[insert into tlong values(18446744073709551615)] failed with rc 113 incompatible values from SQL real '18446744073709551616.000000' to buint8 field 'u' for table 'tlong'
(rows inserted=1)
