(rows inserted=1)
(i=4, b=NULL)
(new_i=4, old_i=NULL, new_b=NULL, old_b=NULL)
(new_i=4, old_i=NULL, new_b=NULL, old_b=NULL, new_c=NULL, old_c=NULL)
(rows inserted=1)
(sleep(1)=1)
(new_i=4, old_i=NULL, new_b=NULL, old_b=NULL, new_c=NULL, old_c=NULL)
(new_i=1, old_i=NULL, new_b=NULL, old_b=NULL, new_c=NULL, old_c=NULL)
