(out=' ix 0 missing key
(out=' ix 0 missing key
(out=' ix 0 missing key
(out=' ix 0 missing key
(out=' ix 0 missing key
(out=' ix 0 missing key
(out=' ix 0 missing key
(out=' ix 0 missing key
(out=' ix 0 missing key
(out=' ix 0 missing key
(out=' ix 0 missing key
(out=' ix 0 missing key
(out=' ix 0 missing key
(out=' ix 0 missing key
(out=' ix 0 missing key
(out=' ix 0 missing key
(out=' ix 0 missing key
(out=' ix 0 missing key
(out=' ix 0 missing key
(out=' ix 0 missing key
(out=' ix 0 missing key
(out=' ix 0 missing key
(out=' ix 0 missing key
(out=' ix 0 missing key
(out=' ix 0 missing key
(out=' ix 0 missing key
(out=' ix 0 missing key
(out=' ix 0 missing key
(out=' ix 0 missing key
(out=' ix 0 missing key
(out=' ix 0 missing key
(out=' ix 0 missing key
(out=' ix 0 missing key
(out=' ix 0 missing key
(out=' ix 0 missing key
(out=' ix 0 missing key
(out=' ix 0 missing key
(out=' ix 0 missing key
(out=' ix 0 missing key
(out=' ix 0 missing key
(out=' ix 0 missing key
(out=' ix 0 missing key
(out=' ix 0 missing key
(out=' ix 0 missing key
(out=' ix 0 missing key
(out=' ix 0 missing key
(out=' ix 0 missing key
(out=' ix 0 missing key
(out=' ix 0 missing key
(out=' ix 0 missing key
(out=' ix 0 missing key
(out=' ix 0 missing key
(out=' ix 0 missing key
(out=' ix 0 missing key
(out=' ix 0 missing key
(out=' ix 0 missing key
(out=' ix 0 missing key
(out=' ix 0 missing key
(out=' ix 0 missing key
(out=' ix 0 missing key
(out=' ix 0 missing key
(out=' ix 0 missing key
(out=' ix 0 missing key
(out=' ix 0 missing key
(out=' ix 0 missing key
(out=' ix 0 missing key
(out=' ix 0 missing key
(out=' ix 0 missing key
(out=' ix 0 missing key
(out=' ix 0 missing key
(out=' ix 0 missing key
(out=' ix 0 missing key
(out=' ix 0 missing key
(out=' ix 0 missing key
(out=' ix 0 missing key
(out=' ix 0 missing key
(out=' ix 0 missing key
(out=' ix 0 missing key
(out=' ix 0 missing key
(out=' ix 0 missing key
(out=' ix 0 missing key
(out=' ix 0 missing key
(out=' ix 0 missing key
(out=' ix 0 missing key
(out=' ix 0 missing key
(out=' ix 0 missing key
(out=' ix 0 missing key
(out=' ix 0 missing key
(out=' ix 0 missing key
(out=' ix 0 missing key
(out=' ix 0 missing key
(out=' ix 0 missing key
(out=' ix 0 missing key
(out=' ix 0 missing key
(out=' ix 0 missing key
(out=' ix 0 missing key
(out=' ix 0 missing key
(out=' ix 0 missing key
(out=' ix 0 missing key
(out=' ix 0 missing key
