(out=' ix 0 orphaned ')
(out=' ix 0 orphaned ')
(out=' ix 0 orphaned ')
(out=' ix 0 orphaned ')
(out=' ix 0 orphaned ')
(out=' ix 0 orphaned ')
(out=' ix 0 orphaned ')
(out=' ix 0 orphaned ')
(out=' ix 0 orphaned ')
(out=' ix 0 orphaned ')
(out=' ix 0 orphaned ')
(out=' ix 0 orphaned ')
(out=' ix 0 orphaned ')
(out=' ix 0 orphaned ')
(out=' ix 0 orphaned ')
(out=' ix 0 orphaned ')
(out=' ix 0 orphaned ')
(out=' ix 0 orphaned ')
(out=' ix 0 orphaned ')
(out=' ix 0 orphaned ')
(out=' ix 0 orphaned ')
(out=' ix 0 orphaned ')
(out=' ix 0 orphaned ')
(out=' ix 0 orphaned ')
(out=' ix 0 orphaned ')
(out=' ix 0 orphaned ')
(out=' ix 0 orphaned ')
(out=' ix 0 orphaned ')
(out=' ix 0 orphaned ')
(out=' ix 0 orphaned ')
(out=' ix 0 orphaned ')
(out=' ix 0 orphaned ')
(out=' ix 0 orphaned ')
(out=' ix 0 orphaned ')
(out=' ix 0 orphaned ')
(out=' ix 0 orphaned ')
(out=' ix 0 orphaned ')
(out=' ix 0 orphaned ')
(out=' ix 0 orphaned ')
(out=' ix 0 orphaned ')
(out=' ix 0 orphaned ')
(out=' ix 0 orphaned ')
(out=' ix 0 orphaned ')
(out=' ix 0 orphaned ')
(out=' ix 0 orphaned ')
(out=' ix 0 orphaned ')
(out=' ix 0 orphaned ')
(out=' ix 0 orphaned ')
(out=' ix 0 orphaned ')
(out=' ix 0 orphaned ')
(out=' ix 0 orphaned ')
(out=' ix 0 orphaned ')
(out=' ix 0 orphaned ')
(out=' ix 0 orphaned ')
(out=' ix 0 orphaned ')
(out=' ix 0 orphaned ')
(out=' ix 0 orphaned ')
(out=' ix 0 orphaned ')
(out=' ix 0 orphaned ')
(out=' ix 0 orphaned ')
(out=' ix 0 orphaned ')
(out=' ix 0 orphaned ')
(out=' ix 0 orphaned ')
(out=' ix 0 orphaned ')
(out=' ix 0 orphaned ')
(out=' ix 0 orphaned ')
(out=' ix 0 orphaned ')
(out=' ix 0 orphaned ')
(out=' ix 0 orphaned ')
(out=' ix 0 orphaned ')
(out=' ix 0 orphaned ')
(out=' ix 0 orphaned ')
(out=' ix 0 orphaned ')
(out=' ix 0 orphaned ')
(out=' ix 0 orphaned ')
(out=' ix 0 orphaned ')
(out=' ix 0 orphaned ')
(out=' ix 0 orphaned ')
(out=' ix 0 orphaned ')
(out=' ix 0 orphaned ')
(out=' ix 0 orphaned ')
(out=' ix 0 orphaned ')
(out=' ix 0 orphaned ')
(out=' ix 0 orphaned ')
(out=' ix 0 orphaned ')
(out=' ix 0 orphaned ')
(out=' ix 0 orphaned ')
(out=' ix 0 orphaned ')
(out=' ix 0 orphaned ')
(out=' ix 0 orphaned ')
(out=' ix 0 orphaned ')
(out=' ix 0 orphaned ')
(out=' ix 0 orphaned ')
(out=' ix 0 orphaned ')
(out=' ix 0 orphaned ')
(out=' ix 0 orphaned ')
(out=' ix 0 orphaned ')
(out=' ix 0 orphaned ')
(out=' ix 0 orphaned ')
(out=' ix 0 orphaned ')
(out=' orphaned blob 0
(out=' orphaned blob 0
(out=' orphaned blob 0
(out=' orphaned blob 0
(out=' orphaned blob 0
(out=' orphaned blob 0
(out=' orphaned blob 0
(out=' orphaned blob 0
(out=' orphaned blob 0
(out=' orphaned blob 0
(out=' orphaned blob 0
(out=' orphaned blob 0
(out=' orphaned blob 0
(out=' orphaned blob 0
(out=' orphaned blob 0
(out=' orphaned blob 0
(out=' orphaned blob 0
(out=' orphaned blob 0
(out=' orphaned blob 0
(out=' orphaned blob 0
(out=' orphaned blob 0
(out=' orphaned blob 0
(out=' orphaned blob 0
(out=' orphaned blob 0
(out=' orphaned blob 0
(out=' orphaned blob 0
(out=' orphaned blob 0
(out=' orphaned blob 0
(out=' orphaned blob 0
(out=' orphaned blob 0
(out=' orphaned blob 0
(out=' orphaned blob 0
(out=' orphaned blob 0
(out=' orphaned blob 0
(out=' orphaned blob 0
(out=' orphaned blob 0
(out=' orphaned blob 0
(out=' orphaned blob 0
(out=' orphaned blob 0
(out=' orphaned blob 0
(out=' orphaned blob 0
(out=' orphaned blob 0
(out=' orphaned blob 0
(out=' orphaned blob 0
(out=' orphaned blob 0
(out=' orphaned blob 0
(out=' orphaned blob 0
(out=' orphaned blob 0
(out=' orphaned blob 0
(out=' orphaned blob 0
(out=' orphaned blob 0
(out=' orphaned blob 0
(out=' orphaned blob 0
(out=' orphaned blob 0
(out=' orphaned blob 0
(out=' orphaned blob 0
(out=' orphaned blob 0
(out=' orphaned blob 0
(out=' orphaned blob 0
(out=' orphaned blob 0
(out=' orphaned blob 0
(out=' orphaned blob 0
(out=' orphaned blob 0
(out=' orphaned blob 0
(out=' orphaned blob 0
(out=' orphaned blob 0
(out=' orphaned blob 0
(out=' orphaned blob 0
(out=' orphaned blob 0
(out=' orphaned blob 0
(out=' orphaned blob 0
(out=' orphaned blob 0
(out=' orphaned blob 0
(out=' orphaned blob 0
(out=' orphaned blob 0
(out=' orphaned blob 0
(out=' orphaned blob 0
(out=' orphaned blob 0
(out=' orphaned blob 0
(out=' orphaned blob 0
(out=' orphaned blob 0
(out=' orphaned blob 0
(out=' orphaned blob 0
(out=' orphaned blob 0
(out=' orphaned blob 0
(out=' orphaned blob 0
(out=' orphaned blob 0
(out=' orphaned blob 0
(out=' orphaned blob 0
(out=' orphaned blob 0
(out=' orphaned blob 0
(out=' orphaned blob 0
(out=' orphaned blob 0
(out=' orphaned blob 0
(out=' orphaned blob 0
(out=' orphaned blob 0
(out=' orphaned blob 0
(out=' orphaned blob 0
(out=' orphaned blob 0
(out=' orphaned blob 0
(out=' orphaned blob 1
(out=' orphaned blob 1
(out=' orphaned blob 1
(out=' orphaned blob 1
(out=' orphaned blob 1
(out=' orphaned blob 1
(out=' orphaned blob 1
(out=' orphaned blob 1
(out=' orphaned blob 1
(out=' orphaned blob 1
(out=' orphaned blob 1
(out=' orphaned blob 1
(out=' orphaned blob 1
(out=' orphaned blob 1
(out=' orphaned blob 1
(out=' orphaned blob 1
(out=' orphaned blob 1
(out=' orphaned blob 1
(out=' orphaned blob 1
(out=' orphaned blob 1
(out=' orphaned blob 1
(out=' orphaned blob 1
(out=' orphaned blob 1
(out=' orphaned blob 1
(out=' orphaned blob 1
(out=' orphaned blob 1
(out=' orphaned blob 1
(out=' orphaned blob 1
(out=' orphaned blob 1
(out=' orphaned blob 1
(out=' orphaned blob 1
(out=' orphaned blob 1
(out=' orphaned blob 1
(out=' orphaned blob 1
(out=' orphaned blob 1
(out=' orphaned blob 1
(out=' orphaned blob 1
(out=' orphaned blob 1
(out=' orphaned blob 1
(out=' orphaned blob 1
(out=' orphaned blob 1
(out=' orphaned blob 1
(out=' orphaned blob 1
(out=' orphaned blob 1
(out=' orphaned blob 1
(out=' orphaned blob 1
(out=' orphaned blob 1
(out=' orphaned blob 1
(out=' orphaned blob 1
(out=' orphaned blob 1
(out=' orphaned blob 1
(out=' orphaned blob 1
(out=' orphaned blob 1
(out=' orphaned blob 1
(out=' orphaned blob 1
(out=' orphaned blob 1
(out=' orphaned blob 1
(out=' orphaned blob 1
(out=' orphaned blob 1
(out=' orphaned blob 1
(out=' orphaned blob 1
(out=' orphaned blob 1
(out=' orphaned blob 1
(out=' orphaned blob 1
(out=' orphaned blob 1
(out=' orphaned blob 1
(out=' orphaned blob 1
(out=' orphaned blob 1
(out=' orphaned blob 1
(out=' orphaned blob 1
(out=' orphaned blob 1
(out=' orphaned blob 1
(out=' orphaned blob 1
(out=' orphaned blob 1
(out=' orphaned blob 1
(out=' orphaned blob 1
(out=' orphaned blob 1
(out=' orphaned blob 1
(out=' orphaned blob 1
(out=' orphaned blob 1
(out=' orphaned blob 1
(out=' orphaned blob 1
(out=' orphaned blob 1
(out=' orphaned blob 1
(out=' orphaned blob 1
(out=' orphaned blob 1
(out=' orphaned blob 1
(out=' orphaned blob 1
(out=' orphaned blob 1
(out=' orphaned blob 1
(out=' orphaned blob 1
(out=' orphaned blob 1
(out=' orphaned blob 1
(out=' orphaned blob 1
(out=' orphaned blob 1
(out=' orphaned blob 1
(out=' orphaned blob 1
(out=' orphaned blob 1
(out=' orphaned blob 1
(out=' orphaned blob 1
