(out=' ix 0 orphaned ')
(out=' ix 0 orphaned ')
(out=' ix 0 orphaned ')
(out=' ix 0 orphaned ')
(out=' ix 0 orphaned ')
(out=' ix 0 orphaned ')
(out=' ix 0 orphaned ')
(out=' ix 0 orphaned ')
(out=' ix 0 orphaned ')
(out=' ix 0 orphaned ')
(out=' ix 0 orphaned ')
(out=' ix 0 orphaned ')
(out=' ix 0 orphaned ')
(out=' ix 0 orphaned ')
(out=' ix 0 orphaned ')
(out=' ix 0 orphaned ')
(out=' ix 0 orphaned ')
(out=' ix 0 orphaned ')
(out=' ix 0 orphaned ')
(out=' ix 0 orphaned ')
(out=' ix 0 orphaned ')
(out=' ix 0 orphaned ')
(out=' ix 0 orphaned ')
(out=' ix 0 orphaned ')
(out=' ix 0 orphaned ')
(out=' ix 0 orphaned ')
(out=' ix 0 orphaned ')
(out=' ix 0 orphaned ')
(out=' ix 0 orphaned ')
(out=' ix 0 orphaned ')
(out=' ix 0 orphaned ')
(out=' ix 0 orphaned ')
(out=' ix 0 orphaned ')
(out=' ix 0 orphaned ')
(out=' ix 0 orphaned ')
(out=' ix 0 orphaned ')
(out=' ix 0 orphaned ')
(out=' ix 0 orphaned ')
(out=' ix 0 orphaned ')
(out=' ix 0 orphaned ')
(out=' ix 0 orphaned ')
(out=' ix 0 orphaned ')
(out=' ix 0 orphaned ')
(out=' ix 0 orphaned ')
(out=' ix 0 orphaned ')
(out=' ix 0 orphaned ')
(out=' ix 0 orphaned ')
(out=' ix 0 orphaned ')
(out=' ix 0 orphaned ')
(out=' ix 0 orphaned ')
(out=' ix 0 orphaned ')
(out=' ix 0 orphaned ')
(out=' ix 0 orphaned ')
(out=' ix 0 orphaned ')
(out=' ix 0 orphaned ')
(out=' ix 0 orphaned ')
(out=' ix 0 orphaned ')
(out=' ix 0 orphaned ')
(out=' ix 0 orphaned ')
(out=' ix 0 orphaned ')
(out=' ix 0 orphaned ')
(out=' ix 0 orphaned ')
(out=' ix 0 orphaned ')
(out=' ix 0 orphaned ')
(out=' ix 0 orphaned ')
(out=' ix 0 orphaned ')
(out=' ix 0 orphaned ')
(out=' ix 0 orphaned ')
(out=' ix 0 orphaned ')
(out=' ix 0 orphaned ')
(out=' ix 0 orphaned ')
(out=' ix 0 orphaned ')
(out=' ix 0 orphaned ')
(out=' ix 0 orphaned ')
(out=' ix 0 orphaned ')
(out=' ix 0 orphaned ')
(out=' ix 0 orphaned ')
(out=' ix 0 orphaned ')
(out=' ix 0 orphaned ')
(out=' ix 0 orphaned ')
(out=' ix 0 orphaned ')
(out=' ix 0 orphaned ')
(out=' ix 0 orphaned ')
(out=' ix 0 orphaned ')
(out=' ix 0 orphaned ')
(out=' ix 0 orphaned ')
(out=' ix 0 orphaned ')
(out=' ix 0 orphaned ')
(out=' ix 0 orphaned ')
(out=' ix 0 orphaned ')
(out=' ix 0 orphaned ')
(out=' ix 0 orphaned ')
(out=' ix 0 orphaned ')
(out=' ix 0 orphaned ')
(out=' ix 0 orphaned ')
(out=' ix 0 orphaned ')
(out=' ix 0 orphaned ')
(out=' ix 0 orphaned ')
(out=' ix 0 orphaned ')
(out=' ix 0 orphaned ')
(out=' orphaned blob
(out=' orphaned blob
(out=' orphaned blob
(out=' orphaned blob
(out=' orphaned blob
(out=' orphaned blob
(out=' orphaned blob
(out=' orphaned blob
(out=' orphaned blob
(out=' orphaned blob
(out=' orphaned blob
(out=' orphaned blob
(out=' orphaned blob
(out=' orphaned blob
(out=' orphaned blob
(out=' orphaned blob
(out=' orphaned blob
(out=' orphaned blob
(out=' orphaned blob
(out=' orphaned blob
(out=' orphaned blob
(out=' orphaned blob
(out=' orphaned blob
(out=' orphaned blob
(out=' orphaned blob
(out=' orphaned blob
(out=' orphaned blob
(out=' orphaned blob
(out=' orphaned blob
(out=' orphaned blob
(out=' orphaned blob
(out=' orphaned blob
(out=' orphaned blob
(out=' orphaned blob
(out=' orphaned blob
(out=' orphaned blob
(out=' orphaned blob
(out=' orphaned blob
(out=' orphaned blob
(out=' orphaned blob
(out=' orphaned blob
(out=' orphaned blob
(out=' orphaned blob
(out=' orphaned blob
(out=' orphaned blob
(out=' orphaned blob
(out=' orphaned blob
(out=' orphaned blob
(out=' orphaned blob
(out=' orphaned blob
(out=' orphaned blob
(out=' orphaned blob
(out=' orphaned blob
(out=' orphaned blob
(out=' orphaned blob
(out=' orphaned blob
(out=' orphaned blob
(out=' orphaned blob
(out=' orphaned blob
(out=' orphaned blob
(out=' orphaned blob
(out=' orphaned blob
(out=' orphaned blob
(out=' orphaned blob
(out=' orphaned blob
(out=' orphaned blob
(out=' orphaned blob
(out=' orphaned blob
(out=' orphaned blob
(out=' orphaned blob
(out=' orphaned blob
(out=' orphaned blob
(out=' orphaned blob
(out=' orphaned blob
(out=' orphaned blob
(out=' orphaned blob
(out=' orphaned blob
(out=' orphaned blob
(out=' orphaned blob
(out=' orphaned blob
(out=' orphaned blob
(out=' orphaned blob
(out=' orphaned blob
(out=' orphaned blob
(out=' orphaned blob
(out=' orphaned blob
(out=' orphaned blob
(out=' orphaned blob
(out=' orphaned blob
(out=' orphaned blob
(out=' orphaned blob
(out=' orphaned blob
(out=' orphaned blob
(out=' orphaned blob
(out=' orphaned blob
(out=' orphaned blob
(out=' orphaned blob
(out=' orphaned blob
(out=' orphaned blob
(out=' orphaned blob
(out=' orphaned blob
(out=' orphaned blob
(out=' orphaned blob
(out=' orphaned blob
(out=' orphaned blob
(out=' orphaned blob
(out=' orphaned blob
(out=' orphaned blob
(out=' orphaned blob
(out=' orphaned blob
(out=' orphaned blob
(out=' orphaned blob
(out=' orphaned blob
(out=' orphaned blob
(out=' orphaned blob
(out=' orphaned blob
(out=' orphaned blob
(out=' orphaned blob
(out=' orphaned blob
(out=' orphaned blob
(out=' orphaned blob
(out=' orphaned blob
(out=' orphaned blob
(out=' orphaned blob
(out=' orphaned blob
(out=' orphaned blob
(out=' orphaned blob
(out=' orphaned blob
(out=' orphaned blob
(out=' orphaned blob
(out=' orphaned blob
(out=' orphaned blob
(out=' orphaned blob
(out=' orphaned blob
(out=' orphaned blob
(out=' orphaned blob
(out=' orphaned blob
(out=' orphaned blob
(out=' orphaned blob
(out=' orphaned blob
(out=' orphaned blob
(out=' orphaned blob
(out=' orphaned blob
(out=' orphaned blob
(out=' orphaned blob
(out=' orphaned blob
(out=' orphaned blob
(out=' orphaned blob
(out=' orphaned blob
(out=' orphaned blob
(out=' orphaned blob
(out=' orphaned blob
(out=' orphaned blob
(out=' orphaned blob
(out=' orphaned blob
(out=' orphaned blob
(out=' orphaned blob
(out=' orphaned blob
(out=' orphaned blob
(out=' orphaned blob
(out=' orphaned blob
(out=' orphaned blob
(out=' orphaned blob
(out=' orphaned blob
(out=' orphaned blob
(out=' orphaned blob
(out=' orphaned blob
(out=' orphaned blob
(out=' orphaned blob
(out=' orphaned blob
(out=' orphaned blob
(out=' orphaned blob
(out=' orphaned blob
(out=' orphaned blob
(out=' orphaned blob
(out=' orphaned blob
(out=' orphaned blob
(out=' orphaned blob
(out=' orphaned blob
(out=' orphaned blob
(out=' orphaned blob
(out=' orphaned blob
(out=' orphaned blob
(out=' orphaned blob
(out=' orphaned blob
(out=' orphaned blob
(out=' orphaned blob
(out=' orphaned blob
(out=' orphaned blob
(out=' orphaned blob
(out=' orphaned blob
(out=' orphaned blob
(out=' orphaned blob
(out=' orphaned blob
(out=' orphaned blob
(out=' orphaned blob
(out=' orphaned blob
(out=' orphaned blob
(out=' orphaned blob
(out=' orphaned blob
