(test='-- Test#1: Ensure ALTER ignores IX_EMPTY error --')
(rows inserted=1)
(id=1, i=NULL)
(test='-- Test#2 : Test to ensure ALTER fails if we change partial index in the referenced key --')
(rows inserted=1)
(rows inserted=1)
[alter table t1 {
    tag ondisk{
        int id
    }

    keys{
        "idx1" = id {WHERE id IN (0)}
    }
}] failed with rc 240 Record violates foreign constraints rrn 2 genid 0x0000
(id=1)
(id=1)
(test='-- Test#3: Ensure ALTER ignores IX_PASTEOF error --')
(rows inserted=1)
(rows inserted=1)
(rows inserted=1)
(id=0)
(id=1)
(id=0)
(test='-- Test#4: Ensure ALTER ignores IX_NOTFND error --')
(rows inserted=1)
(rows inserted=1)
(rows inserted=1)
(rows inserted=1)
(rows inserted=1)
(id=0)
(id=1)
(id=2)
(id=0)
(id=2)
