[put authentication on] failed with rc -3 User does not have OP credentials
(tablename='dummy', username='mohit', READ='Y', WRITE='Y', DDL='Y')
(tablename='sqlite_stat1', username='mohit', READ='Y', WRITE='Y', DDL='Y')
(tablename='sqlite_stat4', username='mohit', READ='Y', WRITE='Y', DDL='Y')
(tablename='t1', username='mohit', READ='Y', WRITE='Y', DDL='Y')
(tablename='t2', username='mohit', READ='Y', WRITE='Y', DDL='Y')
@inject_systables ((tablename='/pattern/', username='mohit', READ='Y', WRITE='Y', DDL='Y'))
(username='mohit', isOP='Y')
