[select * from test] failed with rc -106 access denied
[select * from comdb2_tablepermissions order by tablename] failed with rc -106 access denied
(t=2)
(t=2)
(t=2)
(t=2)
(tablename='forecast@dcba', username='abcd', READ='N', WRITE='N', DDL='N')
(tablename='forecast@dcba', username='dcba', READ='Y', WRITE='Y', DDL='Y')
(tablename='forecast@dcba', username='mohit', READ='Y', WRITE='Y', DDL='Y')
(tablename='test@dcba', username='abcd', READ='N', WRITE='N', DDL='N')
(tablename='test@dcba', username='dcba', READ='Y', WRITE='Y', DDL='Y')
(tablename='test@dcba', username='mohit', READ='Y', WRITE='Y', DDL='Y')
[select * from test] failed with rc -106 access denied
[select * from comdb2_tablepermissions order by tablename] failed with rc -106 access denied
[select * from test] failed with rc -3 set user: '1234567890123456' exceeds 15 characters
[select * from comdb2_tablepermissions order by tablename] failed with rc -3 set user: '1234567890123456' exceeds 15 characters
[select * from test] failed with rc -3 set password: password length exceeds 18 characters
[select * from comdb2_tablepermissions order by tablename] failed with rc -3 set password: password length exceeds 18 characters
[select * from test] failed with rc -3 set user: '1234567890123456' exceeds 15 characters
[select * from comdb2_tablepermissions order by tablename] failed with rc -3 set user: '1234567890123456' exceeds 15 characters
[select * from test] failed with rc -3 set user: '1234567890123456' exceeds 15 characters
[select * from comdb2_tablepermissions order by tablename] failed with rc -3 set user: '1234567890123456' exceeds 15 characters
[select * from test] failed with rc -3 set password: password length exceeds 18 characters
[select * from comdb2_tablepermissions order by tablename] failed with rc -3 set password: password length exceeds 18 characters
[select * from test] failed with rc -3 set user: '1234567890123456' exceeds 15 characters
[select * from comdb2_tablepermissions order by tablename] failed with rc -3 set user: '1234567890123456' exceeds 15 characters
(comdb2_user()='mohit')
[put password '1234567890123456789' for '1234567890123456'] failed with rc -3 Password is too long
[put password '1234567890123456789' for '123456789012345'] failed with rc -3 Password is too long
[put password '123456789012345678' for '1234567890123456'] failed with rc -3 User name is too long
(username='123456789012345', isOP='Y')
(username='abcd', isOP='N')
(username='dcba', isOP='N')
(username='mohit', isOP='Y')
[select 1] failed with rc -3 set user: '1234567890123456' exceeds 15 characters
[select 1] failed with rc -3 set password: password length exceeds 18 characters
(1=1)
(comdb2_user()='123456789012345')
(comdb2_user()='mohit')
(comdb2_user()='mohit')
