(rows inserted=1)
(i=1=1)
(username='', isOP='N')
(rows inserted=1)
(i=2=1)
(tablename='t_anon@')
[select * from 't_anon@mohit'] failed with rc -106 Read access denied to t_anon@mohit for user  bdberr=15
[select * from 'xxxxxx@mohit'] failed with rc -3 no such table: xxxxxx@mohit
[select * from 't_anon@xxxxxx'] failed with rc -3 no such table: t_anon@xxxxxx
(i=2=1)
(tablename='t_anon@mohit')
(tablename='t_anon@')
