Number of rows affected 0
Number of rows selected 0
Number of rows deleted 0
Number of rows updated 0
Number of rows inserted 0
Number of rows affected 0
Number of rows selected 0
Number of rows deleted 0
Number of rows updated 0
Number of rows inserted 0
---------------- INSERT -----------------
Number of rows affected 0
Number of rows selected 1
Number of rows deleted 0
Number of rows updated 0
Number of rows inserted 0
Effects not sent by comdb2 server. 
Number of rows affected 0
Number of rows selected 0
Number of rows deleted 0
Number of rows updated 0
Number of rows inserted 0
Number of rows affected 1
Number of rows selected 0
Number of rows deleted 0
Number of rows updated 0
Number of rows inserted 1
Number of rows affected 2
Number of rows selected 0
Number of rows deleted 0
Number of rows updated 0
Number of rows inserted 2
Number of rows affected 3
Number of rows selected 0
Number of rows deleted 0
Number of rows updated 0
Number of rows inserted 3
Number of rows affected 4
Number of rows selected 0
Number of rows deleted 0
Number of rows updated 0
Number of rows inserted 4
Number of rows affected 4
Number of rows selected 0
Number of rows deleted 0
Number of rows updated 0
Number of rows inserted 4
---------------- ON-CONFLICT-DO-UPDATE -----------------
Number of rows affected 0
Number of rows selected 1
Number of rows deleted 0
Number of rows updated 0
Number of rows inserted 0
Effects not sent by comdb2 server. 
Number of rows affected 0
Number of rows selected 0
Number of rows deleted 0
Number of rows updated 0
Number of rows inserted 0
Number of rows affected 1
Number of rows selected 0
Number of rows deleted 0
Number of rows updated 1
Number of rows inserted 0
Number of rows affected 2
Number of rows selected 0
Number of rows deleted 0
Number of rows updated 2
Number of rows inserted 0
Number of rows affected 3
Number of rows selected 0
Number of rows deleted 0
Number of rows updated 3
Number of rows inserted 0
Number of rows affected 4
Number of rows selected 0
Number of rows deleted 0
Number of rows updated 4
Number of rows inserted 0
Number of rows affected 4
Number of rows selected 0
Number of rows deleted 0
Number of rows updated 4
Number of rows inserted 0
---------------- ON-CONFLICT-DO-NOTHING -----------------
Number of rows affected 0
Number of rows selected 1
Number of rows deleted 0
Number of rows updated 0
Number of rows inserted 0
Effects not sent by comdb2 server. 
Number of rows affected 0
Number of rows selected 0
Number of rows deleted 0
Number of rows updated 0
Number of rows inserted 0
Number of rows affected 1
Number of rows selected 0
Number of rows deleted 0
Number of rows updated 0
Number of rows inserted 1
Number of rows affected 2
Number of rows selected 0
Number of rows deleted 0
Number of rows updated 0
Number of rows inserted 2
Number of rows affected 3
Number of rows selected 0
Number of rows deleted 0
Number of rows updated 0
Number of rows inserted 3
Number of rows affected 4
Number of rows selected 0
Number of rows deleted 0
Number of rows updated 0
Number of rows inserted 4
Number of rows affected 0
Number of rows selected 0
Number of rows deleted 0
Number of rows updated 0
Number of rows inserted 0
11
12
13
14
Number of rows affected 0
Number of rows selected 4
Number of rows deleted 0
Number of rows updated 0
Number of rows inserted 0
