[drop table if exists t] rc 0
[create table t (b blob)] rc 0
(version='t')
[create procedure p version 't' {
    local function main()
        local t = db:table("t")
        local b = db:cast("text", 'blob')
        return t:insert({b=b})
    end
}] rc 0
[exec procedure p()] rc 0
(b=x'74657874')
[select * from t] rc 0
