("------table and procedure creation------"='------table and procedure creation------')
(tablename='$audit_t')
(tablename='sqlite_stat1')
(tablename='sqlite_stat4')
(tablename='t')
(rows inserted=1)
(rows inserted=1)
(rows deleted=1)
(sleep(1)=1)
("------table filling------"='------table filling------')
(type='add', tbl='t', old_num=NULL, new_num=5)
(type='add', tbl='t', old_num=NULL, new_num=10)
