(rows inserted=1)
(rows inserted=1)
(rows deleted=1)
(rows inserted=1)
(sleep(1)=1)
("-------------first selection------------"='-------------first selection------------')
(old_i=4, new_i=NULL, old_c='abc', new_c=NULL, old_b=1232, new_b=NULL)
(old_a=NULL, new_a=1, old_bloop=NULL, new_bloop='a duck walked up to a lemonade stand')
[CREATE LUA AUDIT TRIGGER world ON (TABLE t1 FOR INSERT AND UPDATE AND DELETE)] failed with rc -3 trigger already exists: world
(rows inserted=1)
(rows deleted=1)
(rows inserted=1)
(sleep(1)=1)
("-------------second selection------------"='-------------second selection------------')
(tablename='sqlite_stat1')
(tablename='sqlite_stat4')
(tablename='t1')
(tablename='t2')
(tablename='$audit_t2')
(tablename='$audit_t1$2')
(tablename='$audit_t1')
(name='world2', type='trigger', tbl_name='t1', event='add', col='b', seq='N')
(name='hello2', type='trigger', tbl_name='t1', event='add', col='b', seq='N')
(name='world2', type='trigger', tbl_name='t1', event='add', col='c', seq='N')
(name='hello2', type='trigger', tbl_name='t1', event='add', col='c', seq='N')
(name='world2', type='trigger', tbl_name='t1', event='add', col='i', seq='N')
(name='hello2', type='trigger', tbl_name='t1', event='add', col='i', seq='N')
(name='world2', type='trigger', tbl_name='t1', event='del', col='b', seq='N')
(name='hello2', type='trigger', tbl_name='t1', event='del', col='b', seq='N')
(name='world2', type='trigger', tbl_name='t1', event='del', col='c', seq='N')
(name='hello2', type='trigger', tbl_name='t1', event='del', col='c', seq='N')
(name='world2', type='trigger', tbl_name='t1', event='del', col='i', seq='N')
(name='hello2', type='trigger', tbl_name='t1', event='del', col='i', seq='N')
(name='world2', type='trigger', tbl_name='t1', event='upd', col='b', seq='N')
(name='hello2', type='trigger', tbl_name='t1', event='upd', col='b', seq='N')
(name='world2', type='trigger', tbl_name='t1', event='upd', col='c', seq='N')
(name='hello2', type='trigger', tbl_name='t1', event='upd', col='c', seq='N')
(name='world2', type='trigger', tbl_name='t1', event='upd', col='i', seq='N')
(name='hello2', type='trigger', tbl_name='t1', event='upd', col='i', seq='N')
(name='world', type='trigger', tbl_name='t2', event='add', col='a', seq='N')
(name='world', type='trigger', tbl_name='t2', event='add', col='bloop', seq='N')
(name='world', type='trigger', tbl_name='t2', event='upd', col='a', seq='N')
(name='world', type='trigger', tbl_name='t2', event='upd', col='bloop', seq='N')
(old_i=NULL, new_i=100, old_c=NULL, new_c='doop3', old_b=NULL, new_b=4)
(old_i=0, new_i=NULL, old_c='doop', new_c=NULL, old_b=4, new_b=NULL)
(old_i=NULL, new_i=0, old_c=NULL, new_c='doop', old_b=NULL, new_b=4)
(old_i=NULL, new_i=100, old_c=NULL, new_c='doop3', old_b=NULL, new_b=4)
(old_i=0, new_i=NULL, old_c='doop', new_c=NULL, old_b=4, new_b=NULL)
