Starting
Inserting 20 rows in 2 chunks, will alter the table after first chunk
[commit] failed with rc 300 Failed to renew locks, table schema changed
(count(*)=10)
(a=1, b=NULL)
(a=2, b=NULL)
(a=3, b=NULL)
(a=4, b=NULL)
(a=5, b=NULL)
(a=6, b=NULL)
(a=7, b=NULL)
(a=8, b=NULL)
(a=9, b=NULL)
(a=10, b=NULL)
Inserting 10 more rows in 1 chunks
(rows inserted=1)
(rows inserted=1)
(rows inserted=1)
(rows inserted=1)
(rows inserted=1)
(rows inserted=1)
(rows inserted=1)
(rows inserted=1)
(rows inserted=1)
(rows inserted=1)
(count(*)=20)
(a=1, b=NULL)
(a=2, b=NULL)
(a=3, b=NULL)
(a=4, b=NULL)
(a=5, b=NULL)
(a=6, b=NULL)
(a=7, b=NULL)
(a=8, b=NULL)
(a=9, b=NULL)
(a=10, b=NULL)
(a=100, b=0)
(a=101, b=1)
(a=102, b=2)
(a=103, b=3)
(a=104, b=4)
(a=105, b=5)
(a=106, b=6)
(a=107, b=7)
(a=108, b=8)
(a=109, b=9)
Deleting the rows, will drop the table after first chunk
[commit] failed with rc 300 Failed to renew locks, table schema changed
[select count(*) from t] failed with rc -3 no such table: t
[select * from t order by a] failed with rc -3 no such table: t
