idx:t.$K5_BE9A5B5D samples:24 cols:2 aAvgEq: 1 1 
sample:0 anEq:24 1 anLt:0 0 anDLt:0 0 
sample:1 anEq:24 1 anLt:0 1 anDLt:0 1 
sample:2 anEq:24 1 anLt:0 2 anDLt:0 2 
sample:3 anEq:24 1 anLt:0 3 anDLt:0 3 
sample:4 anEq:24 1 anLt:0 4 anDLt:0 4 
sample:5 anEq:24 1 anLt:0 5 anDLt:0 5 
sample:6 anEq:24 1 anLt:0 6 anDLt:0 6 
sample:7 anEq:24 1 anLt:0 7 anDLt:0 7 
sample:8 anEq:24 1 anLt:0 8 anDLt:0 8 
sample:9 anEq:24 1 anLt:0 9 anDLt:0 9 
sample:10 anEq:24 1 anLt:0 10 anDLt:0 10 
sample:11 anEq:24 1 anLt:0 11 anDLt:0 11 
sample:12 anEq:24 1 anLt:0 12 anDLt:0 12 
sample:13 anEq:24 1 anLt:0 13 anDLt:0 13 
sample:14 anEq:24 1 anLt:0 14 anDLt:0 14 
sample:15 anEq:24 1 anLt:0 15 anDLt:0 15 
sample:16 anEq:24 1 anLt:0 16 anDLt:0 16 
sample:17 anEq:24 1 anLt:0 17 anDLt:0 17 
sample:18 anEq:24 1 anLt:0 18 anDLt:0 18 
sample:19 anEq:24 1 anLt:0 19 anDLt:0 19 
sample:20 anEq:24 1 anLt:0 20 anDLt:0 20 
sample:21 anEq:24 1 anLt:0 21 anDLt:0 21 
sample:22 anEq:24 1 anLt:0 22 anDLt:0 22 
sample:23 anEq:24 1 anLt:0 23 anDLt:0 23 
idx:t.$K4_34FA7E3D samples:8 cols:1 aAvgEq: 1 
sample:0 anEq:24 anLt:0 anDLt:0 
sample:1 anEq:24 anLt:0 anDLt:0 
sample:2 anEq:24 anLt:0 anDLt:0 
sample:3 anEq:24 anLt:0 anDLt:0 
sample:4 anEq:24 anLt:0 anDLt:0 
sample:5 anEq:24 anLt:0 anDLt:0 
sample:6 anEq:24 anLt:0 anDLt:0 
sample:7 anEq:24 anLt:0 anDLt:0 
idx:t.$K3_13B40F47 samples:8 cols:1 aAvgEq: 1 
sample:0 anEq:24 anLt:0 anDLt:0 
sample:1 anEq:24 anLt:0 anDLt:0 
sample:2 anEq:24 anLt:0 anDLt:0 
sample:3 anEq:24 anLt:0 anDLt:0 
sample:4 anEq:24 anLt:0 anDLt:0 
sample:5 anEq:24 anLt:0 anDLt:0 
sample:6 anEq:24 anLt:0 anDLt:0 
sample:7 anEq:24 anLt:0 anDLt:0 
idx:t.$K2_B5E14136 samples:24 cols:2 aAvgEq: 1 1 
sample:0 anEq:24 1 anLt:0 0 anDLt:0 0 
sample:1 anEq:24 1 anLt:0 1 anDLt:0 1 
sample:2 anEq:24 1 anLt:0 2 anDLt:0 2 
sample:3 anEq:24 1 anLt:0 3 anDLt:0 3 
sample:4 anEq:24 1 anLt:0 4 anDLt:0 4 
sample:5 anEq:24 1 anLt:0 5 anDLt:0 5 
sample:6 anEq:24 1 anLt:0 6 anDLt:0 6 
sample:7 anEq:24 1 anLt:0 7 anDLt:0 7 
sample:8 anEq:24 1 anLt:0 8 anDLt:0 8 
sample:9 anEq:24 1 anLt:0 9 anDLt:0 9 
sample:10 anEq:24 1 anLt:0 10 anDLt:0 10 
sample:11 anEq:24 1 anLt:0 11 anDLt:0 11 
sample:12 anEq:24 1 anLt:0 12 anDLt:0 12 
sample:13 anEq:24 1 anLt:0 13 anDLt:0 13 
sample:14 anEq:24 1 anLt:0 14 anDLt:0 14 
sample:15 anEq:24 1 anLt:0 15 anDLt:0 15 
sample:16 anEq:24 1 anLt:0 16 anDLt:0 16 
sample:17 anEq:24 1 anLt:0 17 anDLt:0 17 
sample:18 anEq:24 1 anLt:0 18 anDLt:0 18 
sample:19 anEq:24 1 anLt:0 19 anDLt:0 19 
sample:20 anEq:24 1 anLt:0 20 anDLt:0 20 
sample:21 anEq:24 1 anLt:0 21 anDLt:0 21 
sample:22 anEq:24 1 anLt:0 22 anDLt:0 22 
sample:23 anEq:24 1 anLt:0 23 anDLt:0 23 
idx:t.$K1_F484E90C samples:8 cols:1 aAvgEq: 1 
sample:0 anEq:24 anLt:0 anDLt:0 
sample:1 anEq:24 anLt:0 anDLt:0 
sample:2 anEq:24 anLt:0 anDLt:0 
sample:3 anEq:24 anLt:0 anDLt:0 
sample:4 anEq:24 anLt:0 anDLt:0 
sample:5 anEq:24 anLt:0 anDLt:0 
sample:6 anEq:24 anLt:0 anDLt:0 
sample:7 anEq:24 anLt:0 anDLt:0 
idx:t.$K0_3AA4168B samples:8 cols:1 aAvgEq: 1 
sample:0 anEq:24 anLt:0 anDLt:0 
sample:1 anEq:24 anLt:0 anDLt:0 
sample:2 anEq:24 anLt:0 anDLt:0 
sample:3 anEq:24 anLt:0 anDLt:0 
sample:4 anEq:24 anLt:0 anDLt:0 
sample:5 anEq:24 anLt:0 anDLt:0 
sample:6 anEq:24 anLt:0 anDLt:0 
sample:7 anEq:24 anLt:0 anDLt:0 
