(INTEGER rows inserted=1)
(INTEGER rows inserted=1)
(INTEGER rows inserted=1)
(INTEGER rows inserted=1)
(INTEGER rows inserted=1)
(INTEGER rows inserted=1)
(NULL x1=NULL, NULL x2=NULL, NULL x3=NULL, NULL x4=NULL, NULL x5=NULL)
(INTEGER x1=0, INTEGER x2=1, INTEGER x3=2, INTEGER x4=3, INTEGER x5=4)
(NULL x1=NULL, NULL x2=NULL, NULL x3=NULL)
(REAL x1=-1.000000, REAL x2=0.000000, REAL x3=1.000000)
(NULL x1=NULL, NULL x2=NULL, NULL x3=NULL)
(CSTRING x1='1', CSTRING x2='12', BLOB x3=x'616263')
