(rows inserted=1)
(rows inserted=1)
(rows inserted=1)
(rows inserted=1)
(rows inserted=1)
(rows inserted=1)
(rows inserted=1)
(rows inserted=1)
(id=1, order=99)
(id=5, order=95)
(id=3, order=97)
(id=7, order=93)
(TEST='REMSQL DEDUP TEST 1')
(a=0, b=0)
(a=2, b=2)
(a=3, b=3)
(TEST='REMSQL DEDUP TEST 2')
(a=0, b=0)
(a=3, b=3)
(TEST='REMSQL DEDUP TEST 3')
(a=0, b=0)
(a=3, b=3)
(rows inserted=1)
(hint='inserted 3 records from remote to source; source should have 3 records')
(COUNT(*)=3)
(hint='inserted 3 records from source to remote; source should have 6 records')
(COUNT(*)=6)
(hint='inserted 6 records from remote to remote; remote should have 12 records')
(COUNT(*)=12)
(a=0)
(a=0)
(a=0)
(a=0)
(a=1)
(a=1)
(a=1)
(a=1)
(a=2)
(a=2)
(a=2)
(a=2)
