get [/echo] service     : discover port for service
reg service             : obtain/discover port for new service
del service             : forget port assignment for service
use service port        : set specific port registration for service
stat                    : dump some stats
used                    : dump active port assignments
rte                     : get route to instance service/port
hello service           : keep active connection
active                  : list active connections
exit                    : shutdown pmux (may be restarted by system)

