(selectid=0, order=0, from=0, detail='SEARCH TABLE WorkItemAnalyst AS wia USING INDEX $AK_ANALYSTID_B8954B56 (analyst_id=?) (131072 rows)')
(selectid=0, order=0, from=0, detail='EXECUTE LIST SUBQUERY 1')
(selectid=1, order=0, from=0, detail='SCAN TABLE Analyst AS a (160 rows)')
(selectid=0, order=1, from=1, detail='SEARCH TABLE WorkItem AS wi USING INDEX $PK_9B9AB69C (work_item_id=?) (~1 row)')
(selectid=0, order=0, from=0, detail='EXECUTE LIST SUBQUERY 2')
(selectid=3, order=0, from=0, detail='SCAN TABLE SourceState (96 rows)')
(selectid=4, order=0, from=0, detail='EXECUTE SCALAR SUBQUERY 5')
(selectid=5, order=0, from=0, detail='SEARCH TABLE Analyst AS a USING AUTOMATIC PARTIAL COVERING INDEX (uuid=?) (20 rows)')
(selectid=2, order=0, from=0, detail='COMPOUND SUBQUERIES 3 AND 4 (UNION ALL)')
(selectid=0, order=2, from=2, detail='SEARCH TABLE Source AS s USING COVERING INDEX $AK_SOURCE_ID_5BDAA304 (source_id=?) (~1 row)')
