(selectid=0, order=0, from=0, detail='SCAN TABLE Analyst AS a (160 rows)')
(selectid=0, order=1, from=1, detail='SEARCH TABLE WorkItemAnalyst AS wia USING INDEX $AK_ANALYSTID_B8954B56 (analyst_id=?) (5632 rows)')
(selectid=0, order=2, from=2, detail='SEARCH TABLE WorkItem AS wi USING INDEX $PK_9B9AB69C (work_item_id=?) (~1 row)')
(selectid=0, order=0, from=0, detail='EXECUTE LIST SUBQUERY 1')
(selectid=23, order=0, from=0, detail='SCAN TABLE SourceState (96 rows)')
(selectid=22, order=0, from=0, detail='COMPOUND SUBQUERIES 23 AND 24 (UNION ALL)')
(selectid=21, order=0, from=0, detail='COMPOUND SUBQUERIES 22 AND 25 (UNION ALL)')
(selectid=20, order=0, from=0, detail='COMPOUND SUBQUERIES 21 AND 26 (UNION ALL)')
(selectid=19, order=0, from=0, detail='COMPOUND SUBQUERIES 20 AND 27 (UNION ALL)')
(selectid=18, order=0, from=0, detail='COMPOUND SUBQUERIES 19 AND 28 (UNION ALL)')
(selectid=17, order=0, from=0, detail='COMPOUND SUBQUERIES 18 AND 29 (UNION ALL)')
(selectid=16, order=0, from=0, detail='COMPOUND SUBQUERIES 17 AND 30 (UNION ALL)')
(selectid=15, order=0, from=0, detail='COMPOUND SUBQUERIES 16 AND 31 (UNION ALL)')
(selectid=14, order=0, from=0, detail='COMPOUND SUBQUERIES 15 AND 32 (UNION ALL)')
(selectid=13, order=0, from=0, detail='COMPOUND SUBQUERIES 14 AND 33 (UNION ALL)')
(selectid=12, order=0, from=0, detail='COMPOUND SUBQUERIES 13 AND 34 (UNION ALL)')
(selectid=11, order=0, from=0, detail='COMPOUND SUBQUERIES 12 AND 35 (UNION ALL)')
(selectid=10, order=0, from=0, detail='COMPOUND SUBQUERIES 11 AND 36 (UNION ALL)')
(selectid=9, order=0, from=0, detail='COMPOUND SUBQUERIES 10 AND 37 (UNION ALL)')
(selectid=8, order=0, from=0, detail='COMPOUND SUBQUERIES 9 AND 38 (UNION ALL)')
(selectid=7, order=0, from=0, detail='COMPOUND SUBQUERIES 8 AND 39 (UNION ALL)')
(selectid=6, order=0, from=0, detail='COMPOUND SUBQUERIES 7 AND 40 (UNION ALL)')
(selectid=5, order=0, from=0, detail='COMPOUND SUBQUERIES 6 AND 41 (UNION ALL)')
(selectid=4, order=0, from=0, detail='COMPOUND SUBQUERIES 5 AND 42 (UNION ALL)')
(selectid=3, order=0, from=0, detail='COMPOUND SUBQUERIES 4 AND 43 (UNION ALL)')
(selectid=2, order=0, from=0, detail='COMPOUND SUBQUERIES 3 AND 44 (UNION ALL)')
(selectid=1, order=0, from=0, detail='COMPOUND SUBQUERIES 2 AND 45 (UNION ALL)')
(selectid=0, order=3, from=3, detail='SEARCH TABLE Source AS s USING COVERING INDEX $AK_SOURCE_ID_5BDAA304 (source_id=?) (~1 row)')
(selectid=0, order=0, from=0, detail='EXECUTE LIST SUBQUERY 46')
