(selectid=0, order=0, from=0, detail='SEARCH TABLE events USING INDEX $SEC_18804D9C (bbgid=? AND delay_flag=? AND start_date<?) (6 rows)')
(selectid=0, order=0, from=0, detail='SEARCH TABLE events USING INDEX $SEC_18804D9C (bbgid=? AND delay_flag=? AND start_date<?) (6 rows)')
(selectid=0, order=0, from=0, detail='SEARCH TABLE events USING INDEX $SEC_18804D9C (bbgid=? AND delay_flag=? AND start_date<?) (6 rows)')
(selectid=0, order=0, from=0, detail='SEARCH TABLE events USING INDEX $SEC_18804D9C (bbgid=? AND delay_flag=? AND start_date<?) (6 rows)')
(selectid=0, order=0, from=0, detail='SEARCH TABLE events USING INDEX $SEC_18804D9C (bbgid=? AND delay_flag=? AND start_date<?) (6 rows)')
(selectid=0, order=0, from=0, detail='SEARCH TABLE events USING INDEX $SEC_18804D9C (bbgid=? AND delay_flag=? AND start_date<?) (6 rows)')
(selectid=0, order=0, from=0, detail='SEARCH TABLE events USING INDEX $SEC_18804D9C (bbgid=? AND delay_flag=? AND start_date<?) (6 rows)')
(selectid=0, order=0, from=0, detail='SEARCH TABLE events USING INDEX $SEC_18804D9C (bbgid=? AND delay_flag=? AND start_date<?) (6 rows)')
(selectid=0, order=0, from=0, detail='SEARCH TABLE events USING INDEX $SEC_18804D9C (bbgid=? AND delay_flag=? AND start_date<?) (6 rows)')
(selectid=0, order=0, from=0, detail='SEARCH TABLE events USING INDEX $SEC_18804D9C (bbgid=? AND delay_flag=? AND start_date<?) (6 rows)')
(selectid=0, order=0, from=0, detail='SEARCH TABLE events USING INDEX $SEC_18804D9C (bbgid=? AND delay_flag=? AND start_date<?) (6 rows)')
(selectid=0, order=0, from=0, detail='SEARCH TABLE events USING INDEX $SEC_18804D9C (bbgid=? AND delay_flag=? AND start_date<?) (6 rows)')
(selectid=0, order=0, from=0, detail='SEARCH TABLE events USING INDEX $SEC_18804D9C (bbgid=? AND delay_flag=? AND start_date<?) (6 rows)')
(selectid=0, order=0, from=0, detail='SEARCH TABLE events USING INDEX $SEC_18804D9C (bbgid=? AND delay_flag=? AND start_date<?) (6 rows)')
(selectid=0, order=0, from=0, detail='SEARCH TABLE events USING INDEX $SEC_18804D9C (bbgid=? AND delay_flag=? AND start_date<?) (6 rows)')
(selectid=0, order=0, from=0, detail='SEARCH TABLE events USING INDEX $SEC_18804D9C (bbgid=? AND delay_flag=? AND start_date<?) (6 rows)')
(selectid=0, order=0, from=0, detail='SEARCH TABLE events USING INDEX $SEC_18804D9C (bbgid=? AND delay_flag=? AND start_date<?) (6 rows)')
(selectid=0, order=0, from=0, detail='SEARCH TABLE events USING INDEX $SEC_18804D9C (bbgid=? AND delay_flag=? AND start_date<?) (6 rows)')
(selectid=0, order=0, from=0, detail='SEARCH TABLE events USING INDEX $SEC_18804D9C (bbgid=? AND delay_flag=? AND start_date<?) (6 rows)')
(selectid=0, order=0, from=0, detail='SEARCH TABLE events USING INDEX $SEC_18804D9C (bbgid=? AND delay_flag=? AND start_date<?) (6 rows)')
(selectid=0, order=0, from=0, detail='SEARCH TABLE events USING INDEX $SEC_18804D9C (bbgid=? AND delay_flag=? AND start_date<?) (6 rows)')
(selectid=0, order=0, from=0, detail='SEARCH TABLE events USING INDEX $SEC_18804D9C (bbgid=? AND delay_flag=? AND start_date<?) (6 rows)')
(selectid=0, order=0, from=0, detail='SEARCH TABLE events USING INDEX $SEC_18804D9C (bbgid=? AND delay_flag=? AND start_date<?) (6 rows)')
(selectid=0, order=0, from=0, detail='SEARCH TABLE events USING INDEX $SEC_18804D9C (bbgid=? AND delay_flag=? AND start_date<?) (6 rows)')
(selectid=0, order=0, from=0, detail='SEARCH TABLE events USING INDEX $SEC_18804D9C (bbgid=? AND delay_flag=? AND start_date<?) (6 rows)')
(selectid=0, order=0, from=0, detail='SEARCH TABLE events USING INDEX $SEC_18804D9C (bbgid=? AND delay_flag=? AND start_date<?) (6 rows)')
(selectid=0, order=0, from=0, detail='SEARCH TABLE events USING INDEX $SEC_18804D9C (bbgid=? AND delay_flag=? AND start_date<?) (6 rows)')
(selectid=0, order=0, from=0, detail='SEARCH TABLE events USING INDEX $SEC_18804D9C (bbgid=? AND delay_flag=? AND start_date<?) (6 rows)')
(selectid=0, order=0, from=0, detail='SEARCH TABLE events USING INDEX $SEC_18804D9C (bbgid=? AND delay_flag=? AND start_date<?) (6 rows)')
(selectid=0, order=0, from=0, detail='SEARCH TABLE events USING INDEX $SEC_18804D9C (bbgid=? AND delay_flag=? AND start_date<?) (6 rows)')
(selectid=0, order=0, from=0, detail='SEARCH TABLE events USING INDEX $SEC_18804D9C (bbgid=? AND delay_flag=? AND start_date<?) (6 rows)')
(selectid=0, order=0, from=0, detail='SEARCH TABLE events USING INDEX $SEC_18804D9C (bbgid=? AND delay_flag=? AND start_date<?) (6 rows)')
(selectid=0, order=0, from=0, detail='SEARCH TABLE events USING INDEX $SEC_18804D9C (bbgid=? AND delay_flag=? AND start_date<?) (6 rows)')
(selectid=0, order=0, from=0, detail='SEARCH TABLE events USING INDEX $SEC_18804D9C (bbgid=? AND delay_flag=? AND start_date<?) (6 rows)')
(selectid=0, order=0, from=0, detail='SEARCH TABLE events USING INDEX $SEC_18804D9C (bbgid=? AND delay_flag=? AND start_date<?) (6 rows)')
(selectid=0, order=0, from=0, detail='SEARCH TABLE events USING INDEX $SEC_18804D9C (bbgid=? AND delay_flag=? AND start_date<?) (6 rows)')
(selectid=0, order=0, from=0, detail='SEARCH TABLE events USING INDEX $SEC_18804D9C (bbgid=? AND delay_flag=? AND start_date<?) (6 rows)')
(selectid=0, order=0, from=0, detail='SEARCH TABLE events USING INDEX $SEC_18804D9C (bbgid=? AND delay_flag=? AND start_date<?) (6 rows)')
(selectid=0, order=0, from=0, detail='SEARCH TABLE events USING INDEX $SEC_18804D9C (bbgid=? AND delay_flag=? AND start_date<?) (6 rows)')
(selectid=0, order=0, from=0, detail='SEARCH TABLE events USING INDEX $SEC_18804D9C (bbgid=? AND delay_flag=? AND start_date<?) (6 rows)')
(selectid=0, order=0, from=0, detail='SEARCH TABLE events USING INDEX $SEC_18804D9C (bbgid=? AND delay_flag=? AND start_date<?) (6 rows)')
(selectid=0, order=0, from=0, detail='SEARCH TABLE events USING INDEX $SEC_18804D9C (bbgid=? AND delay_flag=? AND start_date<?) (6 rows)')
(selectid=0, order=0, from=0, detail='SEARCH TABLE events USING INDEX $SEC_18804D9C (bbgid=? AND delay_flag=? AND start_date<?) (6 rows)')
(selectid=0, order=0, from=0, detail='SEARCH TABLE events USING INDEX $SEC_18804D9C (bbgid=? AND delay_flag=? AND start_date<?) (6 rows)')
(selectid=0, order=0, from=0, detail='SEARCH TABLE events USING INDEX $SEC_18804D9C (bbgid=? AND delay_flag=? AND start_date<?) (6 rows)')
(selectid=0, order=0, from=0, detail='SEARCH TABLE events USING INDEX $SEC_18804D9C (bbgid=? AND delay_flag=? AND start_date<?) (6 rows)')
(selectid=0, order=0, from=0, detail='SEARCH TABLE events USING INDEX $SEC_18804D9C (bbgid=? AND delay_flag=? AND start_date<?) (6 rows)')
(selectid=0, order=0, from=0, detail='SEARCH TABLE events USING INDEX $SEC_18804D9C (bbgid=? AND delay_flag=? AND start_date<?) (6 rows)')
(selectid=0, order=0, from=0, detail='SEARCH TABLE events USING INDEX $SEC_18804D9C (bbgid=? AND delay_flag=? AND start_date<?) (6 rows)')
(selectid=0, order=0, from=0, detail='SEARCH TABLE events USING INDEX $SEC_18804D9C (bbgid=? AND delay_flag=? AND start_date<?) (6 rows)')
(selectid=0, order=0, from=0, detail='SEARCH TABLE events USING INDEX $SEC_18804D9C (bbgid=? AND delay_flag=? AND start_date<?) (6 rows)')
(selectid=0, order=0, from=0, detail='SEARCH TABLE events USING INDEX $SEC_18804D9C (bbgid=? AND delay_flag=? AND start_date<?) (6 rows)')
(selectid=0, order=0, from=0, detail='SEARCH TABLE events USING INDEX $SEC_18804D9C (bbgid=? AND delay_flag=? AND start_date<?) (6 rows)')
(selectid=0, order=0, from=0, detail='SEARCH TABLE events USING INDEX $SEC_18804D9C (bbgid=? AND delay_flag=? AND start_date<?) (6 rows)')
(selectid=0, order=0, from=0, detail='SEARCH TABLE events USING INDEX $SEC_18804D9C (bbgid=? AND delay_flag=? AND start_date<?) (6 rows)')
(selectid=0, order=0, from=0, detail='SEARCH TABLE events USING INDEX $SEC_18804D9C (bbgid=? AND delay_flag=? AND start_date<?) (6 rows)')
(selectid=0, order=0, from=0, detail='SEARCH TABLE events USING INDEX $SEC_18804D9C (bbgid=? AND delay_flag=? AND start_date<?) (6 rows)')
(selectid=0, order=0, from=0, detail='SEARCH TABLE events USING INDEX $SEC_18804D9C (bbgid=? AND delay_flag=? AND start_date<?) (6 rows)')
(selectid=0, order=0, from=0, detail='SEARCH TABLE events USING INDEX $SEC_18804D9C (bbgid=? AND delay_flag=? AND start_date<?) (6 rows)')
(selectid=0, order=0, from=0, detail='SEARCH TABLE events USING INDEX $SEC_18804D9C (bbgid=? AND delay_flag=? AND start_date<?) (6 rows)')
(selectid=0, order=0, from=0, detail='SEARCH TABLE events USING INDEX $SEC_18804D9C (bbgid=? AND delay_flag=? AND start_date<?) (6 rows)')
(selectid=0, order=0, from=0, detail='SEARCH TABLE events USING INDEX $SEC_18804D9C (bbgid=? AND delay_flag=? AND start_date<?) (6 rows)')
(selectid=0, order=0, from=0, detail='SEARCH TABLE events USING INDEX $SEC_18804D9C (bbgid=? AND delay_flag=? AND start_date<?) (6 rows)')
(selectid=0, order=0, from=0, detail='SEARCH TABLE events USING INDEX $SEC_18804D9C (bbgid=? AND delay_flag=? AND start_date<?) (6 rows)')
(selectid=0, order=0, from=0, detail='SEARCH TABLE events USING INDEX $SEC_18804D9C (bbgid=? AND delay_flag=? AND start_date<?) (6 rows)')
(selectid=0, order=0, from=0, detail='SEARCH TABLE events USING INDEX $SEC_18804D9C (bbgid=? AND delay_flag=? AND start_date<?) (6 rows)')
(selectid=0, order=0, from=0, detail='SEARCH TABLE events USING INDEX $SEC_18804D9C (bbgid=? AND delay_flag=? AND start_date<?) (6 rows)')
(selectid=0, order=0, from=0, detail='SEARCH TABLE events USING INDEX $SEC_18804D9C (bbgid=? AND delay_flag=? AND start_date<?) (6 rows)')
(selectid=0, order=0, from=0, detail='SEARCH TABLE events USING INDEX $SEC_18804D9C (bbgid=? AND delay_flag=? AND start_date<?) (6 rows)')
(selectid=0, order=0, from=0, detail='SEARCH TABLE events USING INDEX $SEC_18804D9C (bbgid=? AND delay_flag=? AND start_date<?) (6 rows)')
(selectid=0, order=0, from=0, detail='SEARCH TABLE events USING INDEX $SEC_18804D9C (bbgid=? AND delay_flag=? AND start_date<?) (6 rows)')
(selectid=0, order=0, from=0, detail='SEARCH TABLE events USING INDEX $SEC_18804D9C (bbgid=? AND delay_flag=? AND start_date<?) (6 rows)')
(selectid=0, order=0, from=0, detail='SEARCH TABLE events USING INDEX $SEC_18804D9C (bbgid=? AND delay_flag=? AND start_date<?) (6 rows)')
(selectid=0, order=0, from=0, detail='SEARCH TABLE events USING INDEX $SEC_18804D9C (bbgid=? AND delay_flag=? AND start_date<?) (6 rows)')
(selectid=0, order=0, from=0, detail='SEARCH TABLE events USING INDEX $SEC_18804D9C (bbgid=? AND delay_flag=? AND start_date<?) (6 rows)')
(selectid=0, order=0, from=0, detail='SEARCH TABLE events USING INDEX $SEC_18804D9C (bbgid=? AND delay_flag=? AND start_date<?) (6 rows)')
(selectid=0, order=0, from=0, detail='SEARCH TABLE events USING INDEX $SEC_18804D9C (bbgid=? AND delay_flag=? AND start_date<?) (6 rows)')
(selectid=0, order=0, from=0, detail='SEARCH TABLE events USING INDEX $SEC_18804D9C (bbgid=? AND delay_flag=? AND start_date<?) (6 rows)')
(selectid=0, order=0, from=0, detail='SEARCH TABLE events USING INDEX $SEC_18804D9C (bbgid=? AND delay_flag=? AND start_date<?) (6 rows)')
(selectid=0, order=0, from=0, detail='SEARCH TABLE events USING INDEX $SEC_18804D9C (bbgid=? AND delay_flag=? AND start_date<?) (6 rows)')
(selectid=0, order=0, from=0, detail='SEARCH TABLE events USING INDEX $SEC_18804D9C (bbgid=? AND delay_flag=? AND start_date<?) (6 rows)')
(selectid=0, order=0, from=0, detail='SEARCH TABLE events USING INDEX $SEC_18804D9C (bbgid=? AND delay_flag=? AND start_date<?) (6 rows)')
(selectid=0, order=0, from=0, detail='SEARCH TABLE events USING INDEX $SEC_18804D9C (bbgid=? AND delay_flag=? AND start_date<?) (6 rows)')
(selectid=0, order=0, from=0, detail='SEARCH TABLE events USING INDEX $SEC_18804D9C (bbgid=? AND delay_flag=? AND start_date<?) (6 rows)')
(selectid=0, order=0, from=0, detail='SEARCH TABLE events USING INDEX $SEC_18804D9C (bbgid=? AND delay_flag=? AND start_date<?) (6 rows)')
(selectid=0, order=0, from=0, detail='SEARCH TABLE events USING INDEX $SEC_18804D9C (bbgid=? AND delay_flag=? AND start_date<?) (6 rows)')
