[/* comment should print error */] failed with rc -3 no statement
[truncate nonexisttbl] failed with rc -3 Table not found
[drop table nonexisttbl] failed with rc -3 no such table: nonexisttbl
[alter table nonexisttbl {
    schema {
        int a
    }

    keys {
        dup "a" = a
    }
}] failed with rc -3 Table not found
