(1=1)
(candidate='ABORT')
(candidate='ACTION')
(candidate='ADD')
(candidate='AFTER')
(candidate='AGGREGATE')
(candidate='ALIAS')
(candidate='ALL')
(candidate='ALTER')
(candidate='ANALYZE')
(candidate='ANALYZEEXPERT')
(candidate='ANALYZESQLITE')
(candidate='AND')
(candidate='AS')
(candidate='ASC')
(candidate='ATTACH')
(candidate='AUTHENTICATION')
(candidate='BEFORE')
(candidate='BEGIN')
(candidate='BETWEEN')
(candidate='BLOBFIELD')
(candidate='BULKIMPORT')
(candidate='BY')
(candidate='CASCADE')
(candidate='CASE')
(candidate='CAST')
(candidate='CHECK')
(candidate='COLLATE')
(candidate='COLUMN')
(candidate='COMMIT')
(candidate='COMMITSLEEP')
(candidate='CONFLICT')
(candidate='CONSTRAINT')
(candidate='CONSUMER')
(candidate='CONVERTSLEEP')
(candidate='COUNTER')
(candidate='COVERAGE')
(candidate='CREATE')
(candidate='CRLE')
(candidate='CROSS')
(candidate='CURRENT')
(candidate='CURRENT_DATE')
(candidate='CURRENT_TIME')
(candidate='CURRENT_TIMESTAMP')
(candidate='DATA')
(candidate='DATABASE')
(candidate='DATABLOB')
(candidate='DATACOPY')
(candidate='DBPAD')
(candidate='DDL')
(candidate='DEFAULT')
(candidate='DEFERRABLE')
(candidate='DEFERRED')
(candidate='DELETE')
(candidate='DESC')
(candidate='DETACH')
(candidate='DISABLE')
(candidate='DISTINCT')
(candidate='DISTRIBUTION')
(candidate='DO')
(candidate='DROP')
(candidate='DRYRUN')
(candidate='EACH')
(candidate='ELSE')
(candidate='ENABLE')
(candidate='END')
(candidate='ESCAPE')
(candidate='EXCEPT')
(candidate='EXCLUDE')
(candidate='EXCLUSIVE')
(candidate='EXEC')
(candidate='EXECUTE')
(candidate='EXISTS')
(candidate='EXPLAIN')
(candidate='FAIL')
(candidate='FILTER')
(candidate='FOLLOWING')
(candidate='FOR')
(candidate='FOREIGN')
(candidate='FROM')
(candidate='FULL')
(candidate='FUNCTION')
(candidate='GENID48')
(candidate='GET')
(candidate='GLOB')
(candidate='GRANT')
(candidate='GROUP')
(candidate='GROUPS')
(candidate='HAVING')
(candidate='IF')
(candidate='IGNORE')
(candidate='IMMEDIATE')
(candidate='IN')
(candidate='INCREMENT')
(candidate='INDEX')
(candidate='INDEXED')
(candidate='INITIALLY')
(candidate='INNER')
(candidate='INSERT')
(candidate='INSTEAD')
(candidate='INTERSECT')
(candidate='INTO')
(candidate='IPU')
(candidate='IS')
(candidate='ISC')
(candidate='ISNULL')
(candidate='JOIN')
(candidate='KEY')
(candidate='KW')
(candidate='LEFT')
(candidate='LIKE')
(candidate='LIMIT')
(candidate='LUA')
(candidate='LZ4')
(candidate='MATCH')
(candidate='NATURAL')
(candidate='NO')
(candidate='NONE')
(candidate='NOT')
(candidate='NOTHING')
(candidate='NOTNULL')
(candidate='NULL')
(candidate='ODH')
(candidate='OF')
(candidate='OFF')
(candidate='OFFSET')
(candidate='ON')
(candidate='OP')
(candidate='OPTION')
(candidate='OPTIONS')
(candidate='OR')
(candidate='ORDER')
(candidate='OTHERS')
(candidate='OUTER')
(candidate='OVER')
(candidate='PAGEORDER')
(candidate='PARTITION')
(candidate='PASSWORD')
(candidate='PAUSE')
(candidate='PENDING')
(candidate='PERIOD')
(candidate='PLAN')
(candidate='PRAGMA')
(candidate='PRECEDING')
(candidate='PRIMARY')
(candidate='PROCEDURE')
(candidate='PUT')
(candidate='QUERY')
(candidate='RAISE')
(candidate='RANGE')
(candidate='READ')
(candidate='READONLY')
(candidate='REBUILD')
(candidate='REC')
(candidate='RECURSIVE')
(candidate='REFERENCES')
(candidate='REGEXP')
(candidate='REINDEX')
(candidate='RELEASE')
(candidate='RENAME')
(candidate='REPLACE')
(candidate='RESERVED')
(candidate='RESTRICT')
(candidate='RESUME')
(candidate='RETENTION')
(candidate='REVOKE')
(candidate='RIGHT')
(candidate='RLE')
(candidate='ROLLBACK')
(candidate='ROW')
(candidate='ROWLOCKS')
(candidate='ROWS')
(candidate='SAVEPOINT')
(candidate='SCALAR')
(candidate='SCHEMACHANGE')
(candidate='SELECT')
(candidate='SELECTV')
(candidate='SET')
(candidate='SKIPSCAN')
(candidate='START')
(candidate='SUMMARIZE')
(candidate='TABLE')
(candidate='TEMP')
(candidate='TEMPORARY')
(candidate='THEN')
(candidate='THREADS')
(candidate='THRESHOLD')
(candidate='TIES')
(candidate='TIME')
(candidate='TO')
(candidate='TRANSACTION')
(candidate='TRIGGER')
(candidate='TRUNCATE')
(candidate='TUNABLE')
(candidate='TYPE')
(candidate='UNBOUNDED')
(candidate='UNION')
(candidate='UNIQUE')
(candidate='UPDATE')
(candidate='USERSCHEMA')
(candidate='USING')
(candidate='VACUUM')
(candidate='VALUES')
(candidate='VERSION')
(candidate='VIEW')
(candidate='VIRTUAL')
(candidate='WHEN')
(candidate='WHERE')
(candidate='WINDOW')
(candidate='WITH')
(candidate='WITHOUT')
(candidate='WRITE')
(candidate='ZLIB')
(candidate='main')
(candidate='comdb2_active_osqls')
(candidate='comdb2_appsock_handlers')
(candidate='comdb2_blkseq')
(candidate='comdb2_clientstats')
(candidate='comdb2_cluster')
(candidate='comdb2_columns')
(candidate='comdb2_completion')
(candidate='comdb2_connections')
(candidate='comdb2_constraints')
(candidate='comdb2_cron_events')
(candidate='comdb2_cron_schedulers')
(candidate='comdb2_fingerprints')
(candidate='comdb2_keycomponents')
(candidate='comdb2_keys')
(candidate='comdb2_keywords')
(candidate='comdb2_limits')
(candidate='comdb2_locks')
(candidate='comdb2_logical_operations')
(candidate='comdb2_metrics')
(candidate='comdb2_net_userfuncs')
(candidate='comdb2_opcode_handlers')
(candidate='comdb2_plugins')
(candidate='comdb2_procedures')
(candidate='comdb2_queues')
(candidate='comdb2_repl_stats')
(candidate='comdb2_replication_netqueue')
(candidate='comdb2_sc_status')
(candidate='comdb2_sql_client_stats')
(candidate='comdb2_sqlpool_queue')
(candidate='comdb2_systables')
(candidate='comdb2_tablepermissions')
(candidate='comdb2_tables')
(candidate='comdb2_tablesizes')
(candidate='comdb2_threadpools')
(candidate='comdb2_timepartevents')
(candidate='comdb2_timepartitions')
(candidate='comdb2_timepartshards')
(candidate='comdb2_timeseries')
(candidate='comdb2_transaction_logs')
(candidate='comdb2_triggers')
(candidate='comdb2_tunables')
(candidate='comdb2_type_samples')
(candidate='comdb2_users')
(candidate='comdb2_views')
(candidate='generate_series')
(candidate='json_each')
(candidate='json_tree')
(candidate='comdb2_ctxinfo()')
(candidate='comdb2_dbname()')
(candidate='comdb2_host()')
(candidate='comdb2_port()')
(candidate='comdb2_prevquerycost()')
(candidate='comdb2_starttime()')
(candidate='comdb2_sysinfo()')
(candidate='comdb2_uptime()')
(candidate='comdb2_version()')
(candidate='partition_info()')
(candidate='sys.cmd.send()')
(candidate='table_version()')
(username='user1')
(username='user2')
(username='user3')
