[grant write on comdb2_metrics to 'sysmon'] failed with rc -3 Can't GRANT/REVOKE non-READ permissions on system table
[grant ddl on comdb2_metrics to 'sysmon'] failed with rc -3 Can't GRANT/REVOKE non-READ permissions on system table
(username='other', isOP='N')
(username='replicant', isOP='N')
(username='sysmon', isOP='N')
(username='user1', isOP='Y')
(username='user2', isOP='N')
(username='user3', isOP='N')
( user1 (OP user) =' can access all system tables ')
(1=1)
(1=1)
(1=1)
(1=1)
(1=1)
(1=1)
(1=1)
(1=1)
(1=1)
(count(*)=0)
(count(*)=0)
(1=1)
(1=1)
(1=1)
(1=1)
(1=1)
(1=1)
(1=1)
(1=1)
(1=1)
(1=1)
(1=1)
(1=1)
( replicant =' cannot access following system tables ')
[select 1 from comdb2_appsock_handlers limit 1] failed with rc -5 authorization denied
[select 1 from comdb2_clientstats limit 1] failed with rc -5 authorization denied
[select 1 from comdb2_cluster limit 1] failed with rc -5 authorization denied
[select 1 from comdb2_fingerprints limit 1] failed with rc -5 authorization denied
[select 1 from comdb2_locks limit 1] failed with rc -5 authorization denied
[select 1 from comdb2_logical_operations limit 1] failed with rc -5 authorization denied
[select 1 from comdb2_metrics limit 1] failed with rc -5 authorization denied
[select 1 from comdb2_net_userfuncs limit 1] failed with rc -5 authorization denied
[select 1 from comdb2_opcode_handlers limit 1] failed with rc -5 authorization denied
[select 1 from comdb2_plugins limit 1] failed with rc -5 authorization denied
[select 1 from comdb2_procedures limit 1] failed with rc -5 authorization denied
[select 1 from comdb2_queues limit 1] failed with rc -5 authorization denied
[select 1 from comdb2_repl_stats limit 1] failed with rc -5 authorization denied
[select 1 from comdb2_replication_netqueue limit 1] failed with rc -5 authorization denied
[select 1 from comdb2_sqlpool_queue limit 1] failed with rc -5 authorization denied
[select 1 from comdb2_threadpools limit 1] failed with rc -5 authorization denied
[select 1 from comdb2_timepartevents limit 1] failed with rc -5 authorization denied
[select 1 from comdb2_timepartitions limit 1] failed with rc -5 authorization denied
[select 1 from comdb2_timepartshards limit 1] failed with rc -5 authorization denied
[select 1 from comdb2_timeseries limit 1] failed with rc -5 authorization denied
[select 1 from comdb2_tunables limit 1] failed with rc -5 authorization denied
( replicant =' limited access to following system tables ')
(1=1)
( replicant =' can following system tables ')
(1=1)
(1=1)
(1=1)
(1=1)
(1=1)
( sysmon =' cannot access following system tables ')
[select 1 from comdb2_appsock_handlers limit 1] failed with rc -5 authorization denied
[select 1 from comdb2_clientstats limit 1] failed with rc -5 authorization denied
[select 1 from comdb2_cluster limit 1] failed with rc -5 authorization denied
[select 1 from comdb2_locks limit 1] failed with rc -5 authorization denied
[select 1 from comdb2_logical_operations limit 1] failed with rc -5 authorization denied
[select 1 from comdb2_net_userfuncs limit 1] failed with rc -5 authorization denied
[select 1 from comdb2_opcode_handlers limit 1] failed with rc -5 authorization denied
[select 1 from comdb2_plugins limit 1] failed with rc -5 authorization denied
[select 1 from comdb2_procedures limit 1] failed with rc -5 authorization denied
[select 1 from comdb2_queues limit 1] failed with rc -5 authorization denied
[select 1 from comdb2_repl_stats limit 1] failed with rc -5 authorization denied
[select 1 from comdb2_replication_netqueue limit 1] failed with rc -5 authorization denied
[select 1 from comdb2_sqlpool_queue limit 1] failed with rc -5 authorization denied
[select 1 from comdb2_threadpools limit 1] failed with rc -5 authorization denied
[select 1 from comdb2_timepartevents limit 1] failed with rc -5 authorization denied
[select 1 from comdb2_timepartitions limit 1] failed with rc -5 authorization denied
[select 1 from comdb2_timepartshards limit 1] failed with rc -5 authorization denied
[select 1 from comdb2_timeseries limit 1] failed with rc -5 authorization denied
[select 1 from comdb2_transaction_logs limit 1] failed with rc -5 authorization denied
[select 1 from comdb2_tunables limit 1] failed with rc -5 authorization denied
( sysmon =' limited access to following system tables ')
(1=1)
( sysmon =' can access following system tables ')
(1=1)
(1=1)
(1=1)
(1=1)
(1=1)
(1=1)
( other =' cannot access following system tables ')
[select 1 from comdb2_appsock_handlers limit 1] failed with rc -5 authorization denied
[select 1 from comdb2_clientstats limit 1] failed with rc -5 authorization denied
[select 1 from comdb2_cluster limit 1] failed with rc -5 authorization denied
[select 1 from comdb2_fingerprints limit 1] failed with rc -5 authorization denied
[select 1 from comdb2_locks limit 1] failed with rc -5 authorization denied
[select 1 from comdb2_logical_operations limit 1] failed with rc -5 authorization denied
[select 1 from comdb2_metrics limit 1] failed with rc -5 authorization denied
[select 1 from comdb2_net_userfuncs limit 1] failed with rc -5 authorization denied
[select 1 from comdb2_opcode_handlers limit 1] failed with rc -5 authorization denied
[select 1 from comdb2_plugins limit 1] failed with rc -5 authorization denied
[select 1 from comdb2_procedures limit 1] failed with rc -5 authorization denied
[select 1 from comdb2_queues limit 1] failed with rc -5 authorization denied
[select 1 from comdb2_repl_stats limit 1] failed with rc -5 authorization denied
[select 1 from comdb2_replication_netqueue limit 1] failed with rc -5 authorization denied
[select 1 from comdb2_sqlpool_queue limit 1] failed with rc -5 authorization denied
[select 1 from comdb2_threadpools limit 1] failed with rc -5 authorization denied
[select 1 from comdb2_timepartevents limit 1] failed with rc -5 authorization denied
[select 1 from comdb2_timepartitions limit 1] failed with rc -5 authorization denied
[select 1 from comdb2_timepartshards limit 1] failed with rc -5 authorization denied
[select 1 from comdb2_timeseries limit 1] failed with rc -5 authorization denied
[select 1 from comdb2_transaction_logs limit 1] failed with rc -5 authorization denied
[select 1 from comdb2_tunables limit 1] failed with rc -5 authorization denied
( other =' limited access to following system tables ')
(1=1)
( other =' can access following system tables ')
(1=1)
(1=1)
(1=1)
(1=1)
