(test='-- check allowed ANALYZE syntax --')
[SELECT '-- check allowed ANALYZE syntax --' AS test] rc 0
[TRUNCATE sqlite_stat1] rc 0
[TRUNCATE sqlite_stat4] rc 0
[CREATE TABLE t1(i INT)] rc 0
[CREATE UNIQUE INDEX idx1 ON t1(i)] rc 0
(rows inserted=1000)
[INSERT INTO t1 SELECT * FROM generate_series(1,1000)] rc 0
[CREATE TABLE t2(i INT)] rc 0
[CREATE UNIQUE INDEX idx1 ON t2(i)] rc 0
(rows inserted=1000)
[INSERT INTO t2 SELECT * FROM generate_series(1,1000)] rc 0
[SELECT * FROM sqlite_stat1] rc 0
[SELECT * FROM sqlite_stat4] rc 0
[ANALYZE t1] rc 0
(tbl='t1')
[SELECT DISTINCT tbl FROM sqlite_stat1] rc 0
(tbl='t1')
[SELECT DISTINCT tbl FROM sqlite_stat4] rc 0
[TRUNCATE sqlite_stat1] rc 0
[TRUNCATE sqlite_stat4] rc 0
[ANALYZE ALL] rc 0
(tbl='t1')
(tbl='t2')
[SELECT DISTINCT tbl FROM sqlite_stat1 ORDER BY tbl] rc 0
(tbl='t1')
(tbl='t2')
[SELECT DISTINCT tbl FROM sqlite_stat4 ORDER BY tbl] rc 0
[TRUNCATE sqlite_stat1] rc 0
[TRUNCATE sqlite_stat4] rc 0
[ANALYZE ALL OPTIONS THREADS 2, SUMMARIZE 2] rc 0
(tbl='t1')
(tbl='t2')
[SELECT DISTINCT tbl FROM sqlite_stat1 ORDER BY tbl] rc 0
(tbl='t1')
(tbl='t2')
[SELECT DISTINCT tbl FROM sqlite_stat4 ORDER BY tbl] rc 0
[TRUNCATE sqlite_stat1] rc 0
[TRUNCATE sqlite_stat4] rc 0
[DROP TABLE t1] rc 0
[DROP TABLE t2] rc 0
(test='-- ANALYZE table "all" --')
[SELECT '-- ANALYZE table "all" --' AS test] rc 0
[TRUNCATE sqlite_stat1] rc 0
[TRUNCATE sqlite_stat4] rc 0
[CREATE TABLE 'all'(i INT)] rc 0
[CREATE UNIQUE INDEX idx1 ON 'all'(i)] rc 0
(rows inserted=1000)
[INSERT INTO 'all' SELECT * FROM generate_series(1,1000)] rc 0
[CREATE TABLE other_tab(i INT)] rc 0
[CREATE UNIQUE INDEX idx1 ON other_tab(i)] rc 0
(rows inserted=1000)
[INSERT INTO other_tab SELECT * FROM generate_series(1,1000)] rc 0
[SELECT * FROM sqlite_stat1] rc 0
[SELECT * FROM sqlite_stat4] rc 0
[ANALYZE 'all'] rc 0
(tbl='all')
[SELECT DISTINCT tbl FROM sqlite_stat1 ORDER BY tbl] rc 0
(tbl='all')
[SELECT DISTINCT tbl FROM sqlite_stat4 ORDER BY tbl] rc 0
[DROP TABLE 'all'] rc 0
[DROP TABLE other_tab] rc 0
