(rows inserted=1)
(rows inserted=1)
(rows inserted=1)
(id=1, data=x'abcdefabcdef', inline_data=x'abcdefabcdef')
(id=2, data=x'abcdefabcdef', inline_data=x'abcdefabcdef')
(id=3, data=x'abcdefabcdef', inline_data=x'abcdefabcdef')
(id=1, data=x'abcdefabcdef', inline_data=x'abcdefabcdef')
(id=2, data=x'abcdefabcdef', inline_data=x'abcdefabcdef')
(id=3, data=x'abcdefabcdef', inline_data=x'abcdefabcdef')
(version='test')
