(rows inserted=1)
(rows inserted=1)
(rows inserted=1)
(id=1, data=x'abcdefabcdef', inline_data=x'abcdefabcdef', u=1)
(id=2, data=x'abcdefabcdef', inline_data=x'abcdefabcdef', u=2)
(id=3, data=x'abcdefabcdef', inline_data=x'abcdefabcdef', u=3)
(id=1, data=x'abcdefabcdef', inline_data=x'abcdefabcdef', u=1)
(id=2, data=x'abcdefabcdef', inline_data=x'abcdefabcdef', u=2)
(id=3, data=x'abcdefabcdef', inline_data=x'abcdefabcdef', u=3)
(version='test')
