(Message='Forcing table rebuild')
(Message='Table is already odh enabled.')
(Message='Table records are compressed.')
(Message='Table blobs are compressed.')
(Message='Table already supports in-place updates.')
(Message='Table already supports instant schema change.')
(Message='Live schema change running in parallel scan mode')
(Message='Forcing data file rebuild')
(Message='Schema change plan:-')
(Message='    Rebuild main data file')
(Message='    No action for blob 0.')
(Message='    No action for blob 1.')
(Message='    No action for index 0 (.NEW.KEY) [no datacopy]')
(Message='    No action for index 1 (.NEW.KEY_U) [no datacopy]')
(Message='    Schema change requires a table scan ')
(Message='There is no change in the schema')
(Message='Table is already odh enabled.')
(Message='Table records are compressed.')
(Message='Table blobs are compressed.')
(Message='Table already supports in-place updates.')
(Message='Table already supports instant schema change.')
(Message='Live schema change running in parallel scan mode')
(Message='Schema change plan:-')
(Message='    No changes to main data file')
(Message='    No action for blob 0.')
(Message='    No action for blob 1.')
(Message='    Rebuild index 0 (.NEW.KEY) [no datacopy]')
(Message='    No action for index 1 (.NEW.KEY_U) [no datacopy]')
(Message='    Schema change requires a table scan ')
(Message='There is no change in the schema')
(Message='Table is already odh enabled.')
(Message='Table records are compressed.')
(Message='Table blobs are compressed.')
(Message='Table already supports in-place updates.')
(Message='Table already supports instant schema change.')
(Message='Live schema change running in parallel scan mode')
(Message='Forcing data file rebuild')
(Message='Forcing blob file rebuild')
(Message='Schema change plan:-')
(Message='    Rebuild main data file')
(Message='    Blob file 0 rebuild forced')
(Message='    Blob file 1 rebuild forced')
(Message='    No action for index 0 (.NEW.KEY) [no datacopy]')
(Message='    No action for index 1 (.NEW.KEY_U) [no datacopy]')
(Message='    Schema change requires a table scan ')
(Message='There is no change in the schema')
(Message='Table is already odh enabled.')
(Message='Table records are compressed.')
(Message='Table blobs are compressed.')
(Message='Table already supports in-place updates.')
(Message='Table already supports instant schema change.')
(Message='Live schema change running in parallel scan mode')
