(Message='Schema change plan:-')
(Message='    Rebuild main data file: column server type changed')
(Message='    Schema change requires a table scan ')
(Message='Table is already odh enabled.')
(Message='Table records are compressed.')
(Message='Table blobs are compressed.')
(Message='Table already supports in-place updates.')
(Message='Table already supports instant schema change.')
(Message='Live schema change running in parallel scan mode')
(Message='Schema change plan:-')
(Message='    Rebuild main data file: column dropped')
(Message='    Schema change requires a table scan ')
(Message='Table is already odh enabled.')
(Message='Table records are compressed.')
(Message='Table blobs are compressed.')
(Message='Table already supports in-place updates.')
(Message='Table already supports instant schema change.')
(Message='Live schema change running in parallel scan mode')
(Message='Schema change plan:-')
(Message='    Rebuild main data file: column added, but dbstore too big to fit inline')
(Message='    Blob file 0 is new')
(Message='    Schema change requires a table scan ')
(Message='Table is already odh enabled.')
(Message='Table records are compressed.')
(Message='Table blobs are compressed.')
(Message='Table already supports in-place updates.')
(Message='Table already supports instant schema change.')
(Message='Live schema change running in parallel scan mode')
(Message='Schema change plan:-')
(Message='    Rebuild main data file: column dropped')
(Message='    Blob file 0 is new')
(Message='    Schema change requires a table scan ')
(Message='Table is already odh enabled.')
(Message='Table records are compressed.')
(Message='Table blobs are compressed.')
(Message='Table already supports in-place updates.')
(Message='Table already supports instant schema change.')
(Message='Live schema change running in parallel scan mode')
