[CREATE INDEX idx1 ON t1(i)] failed with rc -3 Index 'idx1' already exists.
[CREATE UNIQUE INDEX idx1 ON t1(i)] failed with rc -3 Index 'idx1' already exists.
[CREATE INDEX idx3 ON t2(i,j)] failed with rc -3 Index 'idx3' already exists.
[CREATE INDEX idx3 ON t2(i)] failed with rc -3 Index 'idx3' already exists.
[CREATE INDEX idx3 ON t3(i COLLATE DATACOPY)] failed with rc -3 Support for 'COLLATE DATACOPY' syntax has been removed; use WITH DATACOPY.
[DROP INDEX 'uniqueidxnameXXX'] failed with rc -3 Index 'uniqueidxnameXXX' not found.
[DROP INDEX 'sameidxname'] failed with rc -3 Multiple indexes with same name 'sameidxname'.
(tablename='t1')
(tablename='t2')
(tablename='t3')
(tablename='t4')
(tablename='t5')
(tablename='t1', columnname='i', type='int', size=5, sqltype='int', varinlinesize=NULL, defaultvalue=NULL, dbload=NULL, isnullable='Y')
(tablename='t2', columnname='i', type='int', size=5, sqltype='int', varinlinesize=NULL, defaultvalue=NULL, dbload=NULL, isnullable='Y')
(tablename='t2', columnname='j', type='int', size=5, sqltype='int', varinlinesize=NULL, defaultvalue=NULL, dbload=NULL, isnullable='Y')
(tablename='t3', columnname='i', type='int', size=5, sqltype='int', varinlinesize=NULL, defaultvalue=NULL, dbload=NULL, isnullable='Y')
(tablename='t3', columnname='j', type='int', size=5, sqltype='int', varinlinesize=NULL, defaultvalue=NULL, dbload=NULL, isnullable='Y')
(tablename='t4', columnname='i', type='int', size=5, sqltype='int', varinlinesize=NULL, defaultvalue=NULL, dbload=NULL, isnullable='Y')
(tablename='t5', columnname='i', type='int', size=5, sqltype='int', varinlinesize=NULL, defaultvalue=NULL, dbload=NULL, isnullable='Y')
(tablename='t1', keyname='IDX1', keynumber=0, isunique='N', isdatacopy='N', isrecnum='N', condition=NULL, uniqnulls='N')
(tablename='t1', keyname='IDX2', keynumber=1, isunique='Y', isdatacopy='N', isrecnum='N', condition=NULL, uniqnulls='Y')
(tablename='t1', keyname='IDX3', keynumber=2, isunique='N', isdatacopy='N', isrecnum='N', condition=NULL, uniqnulls='N')
(tablename='t1', keyname='IDX4', keynumber=3, isunique='N', isdatacopy='N', isrecnum='N', condition=NULL, uniqnulls='N')
(tablename='t1', keyname='IDX5', keynumber=4, isunique='N', isdatacopy='N', isrecnum='N', condition=NULL, uniqnulls='N')
(tablename='t1', keyname='IDX6', keynumber=5, isunique='N', isdatacopy='N', isrecnum='N', condition=NULL, uniqnulls='N')
(tablename='t1', keyname='IDX7', keynumber=6, isunique='N', isdatacopy='N', isrecnum='N', condition=NULL, uniqnulls='N')
(tablename='t2', keyname='IDX1', keynumber=0, isunique='N', isdatacopy='N', isrecnum='N', condition='where (j > 10) ', uniqnulls='N')
(tablename='t2', keyname='IDX3', keynumber=1, isunique='N', isdatacopy='N', isrecnum='N', condition=NULL, uniqnulls='N')
(tablename='t2', keyname='IDX4', keynumber=2, isunique='N', isdatacopy='N', isrecnum='N', condition=NULL, uniqnulls='N')
(tablename='t3', keyname='IDX1', keynumber=0, isunique='N', isdatacopy='Y', isrecnum='N', condition=NULL, uniqnulls='N')
(tablename='t3', keyname='IDX2', keynumber=1, isunique='N', isdatacopy='Y', isrecnum='N', condition='where (j > 10) ', uniqnulls='N')
(type='table', name='t1', tbl_name='t1', rootpage=4, sql='create table "t1"("i" int);', csc2='schema
	{
		int i null = yes 
	}
keys
	{
		dup "IDX1" = i 
		uniqnulls "IDX2" = i 
		dup "IDX3" = i 
		dup "IDX4" = i 
		dup "IDX5" = i 
		dup "IDX6" = i 
		dup "idx7" = i 
	}
')
(type='index', name='$IDX1_4DE4D8DB', tbl_name='t1', rootpage=5, sql='create index "$IDX1_4DE4D8DB" on "t1" ("i");', csc2=NULL)
(type='index', name='$IDX2_5E8AC7D0', tbl_name='t1', rootpage=6, sql='create index "$IDX2_5E8AC7D0" on "t1" ("i");', csc2=NULL)
(type='index', name='$IDX3_4DE4D8DB', tbl_name='t1', rootpage=7, sql='create index "$IDX3_4DE4D8DB" on "t1" ("i");', csc2=NULL)
(type='index', name='$IDX4_4DE4D8DB', tbl_name='t1', rootpage=8, sql='create index "$IDX4_4DE4D8DB" on "t1" ("i");', csc2=NULL)
(type='index', name='$IDX5_4DE4D8DB', tbl_name='t1', rootpage=9, sql='create index "$IDX5_4DE4D8DB" on "t1" ("i");', csc2=NULL)
(type='index', name='$IDX6_4DE4D8DB', tbl_name='t1', rootpage=10, sql='create index "$IDX6_4DE4D8DB" on "t1" ("i");', csc2=NULL)
(type='index', name='$IDX7_4DE4D8DB', tbl_name='t1', rootpage=11, sql='create index "$IDX7_4DE4D8DB" on "t1" ("i");', csc2=NULL)
(type='table', name='t2', tbl_name='t2', rootpage=12, sql='create table "t2"("i" int, "j" int);', csc2='schema
	{
		int i null = yes 
		int j null = yes 
	}
keys
	{
		dup "IDX1" = i { where (j > 10) } 
		dup "IDX3" = i + j 
		dup "idx4" = i + j 
	}
')
(type='index', name='$IDX1_A44A20B', tbl_name='t2', rootpage=13, sql='create index "$IDX1_A44A20B" on "t2" ("i") where ((j > 10) );', csc2=NULL)
(type='index', name='$IDX3_E8BDFAE1', tbl_name='t2', rootpage=14, sql='create index "$IDX3_E8BDFAE1" on "t2" ("i", "j");', csc2=NULL)
(type='index', name='$IDX4_E8BDFAE1', tbl_name='t2', rootpage=15, sql='create index "$IDX4_E8BDFAE1" on "t2" ("i", "j");', csc2=NULL)
(type='table', name='t3', tbl_name='t3', rootpage=16, sql='create table "t3"("i" int, "j" int);', csc2='schema
	{
		int i null = yes 
		int j null = yes 
	}
keys
	{
		dup datacopy "IDX1" = i 
		dup datacopy "idx2" = i { where (j > 10) } 
	}
')
(type='index', name='$IDX1_19767DE4', tbl_name='t3', rootpage=17, sql='create index "$IDX1_19767DE4" on "t3" ("i", "j" collate DATACOPY);', csc2=NULL)
(type='index', name='$IDX2_19767DE4', tbl_name='t3', rootpage=18, sql='create index "$IDX2_19767DE4" on "t3" ("i", "j" collate DATACOPY) where ((j > 10) );', csc2=NULL)
(type='table', name='t4', tbl_name='t4', rootpage=19, sql='create table "t4"("i" int);', csc2='schema
	{
		int i null = yes 
	}
')
(type='table', name='t5', tbl_name='t5', rootpage=20, sql='create table "t5"("i" int);', csc2='schema
	{
		int i null = yes 
	}
')
[CREATE INDEX 'COMDB2_PK' ON t1(i)] failed with rc -3 Index 'COMDB2_PK' already exists.
[CREATE INDEX 'COMDB2_PK' ON t2(i)] failed with rc -3 Invalid key name 'COMDB2_PK'.
(tablename='t1')
(tablename='t2')
(tablename='t1', columnname='i', type='int', size=5, sqltype='int', varinlinesize=NULL, defaultvalue=NULL, dbload=NULL, isnullable='N')
(tablename='t2', columnname='i', type='int', size=5, sqltype='int', varinlinesize=NULL, defaultvalue=NULL, dbload=NULL, isnullable='Y')
(type='table', name='t1', tbl_name='t1', rootpage=4, sql='create table "t1"("i" int);', csc2='schema
	{
		int i 
	}
')
(type='table', name='t2', tbl_name='t2', rootpage=5, sql='create table "t2"("i" int);', csc2='schema
	{
		int i null = yes 
	}
')
(type='table', name='t1', tbl_name='t1', rootpage=4, sql='create table "t1"("i" int);', csc2='schema
	{
		int i null = yes 
	}
keys
	{
		dup "IDX1" = i { where i > 1 } 
		dup "idx2" = i { where (i > 1) } 
	}
')
