(part='---------------------------------- PART #00 ----------------------------------')
[CREATE TABLE t6_copy like t6] failed with rc -3 Table 't6' not found.
(name='t1', COUNT(*)=2)
(name='t2', COUNT(*)=2)
(name='t3', COUNT(*)=2)
(name='t4', COUNT(*)=2)
(name='t5', COUNT(*)=2)
(part='---------------------------------- PART #01 ----------------------------------')
(SLEEP(5)=5)
(out='COMPRESSION FLAGS')
(out='These apply to new records only!')
(out='[sqlite_stat1    ] ODH: yes Compress: crle     Blob compress: lz4       in-place updates: yes  instant schema change: yes')
(out='[sqlite_stat4    ] ODH: yes Compress: crle     Blob compress: lz4       in-place updates: yes  instant schema change: yes')
(out='[t0              ] ODH: yes Compress: crle     Blob compress: lz4       in-place updates: yes  instant schema change: yes')
(out='[t1              ] ODH: yes Compress: none     Blob compress: none      in-place updates: yes  instant schema change: yes')
(out='[t2              ] ODH: yes Compress: crle     Blob compress: lz4       in-place updates: yes  instant schema change: yes')
(out='[t3              ] ODH: yes Compress: lz4      Blob compress: lz4       in-place updates: yes  instant schema change: yes')
(out='[t4              ] ODH: yes Compress: rle8     Blob compress: rle8      in-place updates: yes  instant schema change: yes')
(out='[t5              ] ODH: yes Compress: zlib     Blob compress: zlib      in-place updates: yes  instant schema change: yes')
(out='[t0a             ] ODH: yes Compress: crle     Blob compress: lz4       in-place updates: yes  instant schema change: yes')
(out='[t1a             ] ODH: yes Compress: none     Blob compress: none      in-place updates: yes  instant schema change: yes')
(out='[t2a             ] ODH: yes Compress: crle     Blob compress: lz4       in-place updates: yes  instant schema change: yes')
(out='[t3a             ] ODH: yes Compress: lz4      Blob compress: lz4       in-place updates: yes  instant schema change: yes')
(out='[t4a             ] ODH: yes Compress: rle8     Blob compress: rle8      in-place updates: yes  instant schema change: yes')
(out='[t5a             ] ODH: yes Compress: zlib     Blob compress: zlib      in-place updates: yes  instant schema change: yes')
