(csc2='schema
	{
		int i null = yes 
		int j null = yes 
	}
')
(rows inserted=1)
(rows inserted=1)
(rows inserted=1)
(rows inserted=1)
(result=1)
(csc2='schema
	{
		int i 
		int j null = yes 
	}
keys
	{
		uniqnulls "COMDB2_PK" = i 
	}
')
(csc2=NULL)
(rows inserted=1)
[INSERT INTO t1 values(1,1)] failed with rc 299 add key constraint duplicate key 'COMDB2_PK' on table 't1' index 0
[INSERT INTO t1 values(NULL, NULL)] failed with rc 4 Null constraint violation for column 'i' on table 't1'. null constraint error data .ONDISK->.ONDISK 'null constraint violation from bint4 field 'i' to bint4 field 'i' for table 't1'' unable to add record rc = 318
[INSERT INTO t1 values(NULL, NULL)] failed with rc 4 Null constraint violation for column 'i' on table 't1'. null constraint error data .ONDISK->.ONDISK 'null constraint violation from bint4 field 'i' to bint4 field 'i' for table 't1'' unable to add record rc = 318
(result=1)
[CREATE TABLE t1(i INT PRIMARY KEY NULL, j INT)] failed with rc -3 A primary key column must be NOT NULL.
(csc2='schema
	{
		int i 
		int j null = yes 
	}
keys
	{
		uniqnulls "COMDB2_PK" = i 
	}
')
(csc2=NULL)
(rows inserted=1)
[INSERT INTO t1 values(1,1)] failed with rc 299 add key constraint duplicate key 'COMDB2_PK' on table 't1' index 0
[INSERT INTO t1 values(NULL, NULL)] failed with rc 4 Null constraint violation for column 'i' on table 't1'. null constraint error data .ONDISK->.ONDISK 'null constraint violation from bint4 field 'i' to bint4 field 'i' for table 't1'' unable to add record rc = 318
[INSERT INTO t1 values(NULL, NULL)] failed with rc 4 Null constraint violation for column 'i' on table 't1'. null constraint error data .ONDISK->.ONDISK 'null constraint violation from bint4 field 'i' to bint4 field 'i' for table 't1'' unable to add record rc = 318
(result=1)
(csc2='schema
	{
		int i null = yes 
		int j null = yes 
	}
keys
	{
		uniqnulls "$KEY_877B2989" = i 
	}
')
(csc2=NULL)
(rows inserted=1)
[INSERT INTO t1 values(1,1)] failed with rc 299 add key constraint duplicate key '$KEY_877B2989' on table 't1' index 0
(rows inserted=1)
(rows inserted=1)
(result=1)
(csc2='schema
	{
		int i 
		int j null = yes 
	}
keys
	{
		uniqnulls "$KEY_877B2989" = i 
	}
')
(csc2=NULL)
(rows inserted=1)
[INSERT INTO t1 values(1,1)] failed with rc 299 add key constraint duplicate key '$KEY_877B2989' on table 't1' index 0
[INSERT INTO t1 values(NULL, NULL)] failed with rc 4 Null constraint violation for column 'i' on table 't1'. null constraint error data .ONDISK->.ONDISK 'null constraint violation from bint4 field 'i' to bint4 field 'i' for table 't1'' unable to add record rc = 318
[INSERT INTO t1 values(NULL, NULL)] failed with rc 4 Null constraint violation for column 'i' on table 't1'. null constraint error data .ONDISK->.ONDISK 'null constraint violation from bint4 field 'i' to bint4 field 'i' for table 't1'' unable to add record rc = 318
(result=1)
(csc2='schema
	{
		int i null = yes 
		int j null = yes 
	}
keys
	{
		dup "t1_i" = i 
	}
')
(csc2=NULL)
(rows inserted=1)
(rows inserted=1)
(rows inserted=1)
(rows inserted=1)
(result=1)
(csc2='schema
	{
		int i 
		int j null = yes 
	}
keys
	{
		dup "t1_i" = i 
	}
')
(csc2=NULL)
(rows inserted=1)
(rows inserted=1)
[INSERT INTO t1 values(NULL, NULL)] failed with rc 4 Null constraint violation for column 'i' on table 't1'. null constraint error data .ONDISK->.ONDISK 'null constraint violation from bint4 field 'i' to bint4 field 'i' for table 't1'' unable to add record rc = 318
[INSERT INTO t1 values(NULL, NULL)] failed with rc 4 Null constraint violation for column 'i' on table 't1'. null constraint error data .ONDISK->.ONDISK 'null constraint violation from bint4 field 'i' to bint4 field 'i' for table 't1'' unable to add record rc = 318
(result=1)
