(rows inserted=3)
(rows inserted=3)
(sleep(5)=5)
(i=1)
(i=2)
(i=3)
(i=1)
(i=2)
(i=3)
(i=1)
(i=2)
(i=3)
(name='t2_v', definition='CREATE VIEW t2_v as select * from t2')
(type='table', name='$1_383D642F', tbl_name='$1_383D642F', rootpage=6, sql='create table "$1_383D642F"("i" int);', csc2='schema
	{
		int i null = yes 
	}
')
(type='table', name='t2', tbl_name='t2', rootpage=5, sql='create table "t2"("i" int);', csc2='schema
	{
		int i null = yes 
	}
')
(type='view', name='t2_v', tbl_name=NULL, rootpage=-1, sql='CREATE VIEW t2_v as select * from t2', csc2=NULL)
(type='table', name='time_part_t', tbl_name='time_part_t', rootpage=4, sql='create table "time_part_t"("i" int);', csc2='schema
	{
		int i null = yes 
	}
')
