(name='ddl_cascade_drop', description='On DROP, also drop the dependent keys/constraints. (Default: 1)', type='BOOLEAN', value='ON', read_only='Y')
[CREATE TABLE t2(i INT PRIMARY KEY, j INT, FOREIGN KEY (i) REFERENCES t1(i))] failed with rc -3 Parent table 't1' of the FOREIGN KEY could not be found.
(csc2='schema
	{
		int i 
		int j null = yes 
	}
keys
	{
		uniqnulls "COMDB2_PK" = i 
	}
constraints
	{
		"COMDB2_PK" -> <"t1":"COMDB2_PK"> 
	}
')
(name='$CONSTRAINT_C6A17957')
[DROP TABLE t1] failed with rc 240 Can't drop tables with foreign constraints
[ALTER TABLE t1 DROP COLUMN 'i'] failed with rc -3 Table must have at least one column.
(csc2='schema
	{
		int j null = yes 
	}
')
