(rows inserted=3)
(sleep(5)=5)
(i=1)
(i=2)
(i=3)
(name='$1_383D642F', csc2='schema
	{
		int i null = yes 
	}
')
(name='$1_7FC6B09', csc2='schema
	{
		int i null = yes 
		int j null = yes 
	}
')
(name='t1', csc2='schema
	{
		int i null = yes 
		int j null = yes 
	}
')
(name='time_part_t', csc2='schema
	{
		int i null = yes 
	}
')
(i=1, j=NULL)
(i=2, j=NULL)
(i=3, j=NULL)
(name='$1_383D642F', csc2='schema
	{
		int i null = yes 
	}
')
(name='$1_7FC6B09', csc2='schema
	{
		int i null = yes 
		int j null = yes 
	}
keys
	{
		uniqnulls "IDX1" = i 
		dup "idx2" = i 
	}
')
(name='t1', csc2='schema
	{
		int i null = yes 
		int j null = yes 
	}
keys
	{
		uniqnulls "IDX1" = i 
		dup "idx2" = i 
	}
')
(name='time_part_t', csc2='schema
	{
		int i null = yes 
	}
')
(name='$1_383D642F', csc2='schema
	{
		int i null = yes 
	}
')
(name='$1_7FC6B09', csc2='schema
	{
		int j null = yes 
	}
')
(name='t1', csc2='schema
	{
		int j null = yes 
	}
')
(name='time_part_t', csc2='schema
	{
		int i null = yes 
	}
')
(j=NULL)
(j=NULL)
(j=NULL)
