(cast(uncompress(compress('hello world!')) as text)='hello world!')
(cast(uncompress(compress('hello world!')) as text) = 'hello world!'=1)
(length(cast(uncompress(compress('hello world!')) as text)) = length('hello world!')=1)
(uncompress(compress(zeroblob(1000000))) = zeroblob(1000000)=1)
(length(compress(zeroblob(1000000)))=991)
(compress(NULL)=NULL)
(uncompress(NULL)=NULL)
(uncompress(compress(NULL))=NULL)
[select compress(10)] failed with rc 300 zlib: data type not supported
[select compress(10.5)] failed with rc 300 zlib: data type not supported
[select uncompress('foo')] failed with rc 300 zlib: data type not supported
[select uncompress(x'cdb2')] failed with rc 300 zlib: internal error
(cast(uncompress_zlib(compress_zlib('hello world!')) as text)='hello world!')
(cast(uncompress_zlib(compress_zlib('hello world!')) as text) = 'hello world!'=1)
(length(cast(uncompress_zlib(compress_zlib('hello world!')) as text)) = length('hello world!')=1)
(uncompress_zlib(compress_zlib(zeroblob(1000000))) = zeroblob(1000000)=1)
(length(compress_zlib(zeroblob(1000000)))=991)
(compress_zlib(NULL)=NULL)
(uncompress_zlib(NULL)=NULL)
(uncompress_zlib(compress_zlib(NULL))=NULL)
[select compress_zlib(10)] failed with rc 300 zlib: data type not supported
[select compress_zlib(10.5)] failed with rc 300 zlib: data type not supported
[select uncompress_zlib('foo')] failed with rc 300 zlib: data type not supported
[select uncompress_zlib(x'cdb2')] failed with rc 300 zlib: internal error
