(rows inserted=1)
(rows inserted=1)
(rows inserted=1)
(rows inserted=1)
(rows inserted=1)
(rows inserted=1)
(rows inserted=1)
(rows inserted=1)
(rows inserted=1)
(rows inserted=1)
(rows inserted=1)
(rows inserted=1)
(rows inserted=1)
(rows inserted=1)
(rows inserted=1)
(rows inserted=1)
(rows inserted=1)
(rows inserted=1)
(rows inserted=1)
(rows inserted=1)
(rows inserted=1)
(rows inserted=1)
(rows inserted=1)
(rows inserted=1)
(rows inserted=1)
(rows inserted=1)
(rows inserted=1)
(rows inserted=1)
(rows inserted=1)
(rows inserted=1)
(rows inserted=1)
(rows inserted=1)
---------- Recommended Indexes --------------

CREATE INDEX t1_idx_00000069 ON t1(i); -- stat1: 16 1

---------------------------------------------

---------- Recommended Indexes --------------

CREATE INDEX t2_idx_00000069 ON t2(i); -- stat1: 16 1

---------------------------------------------

---------- Recommended Indexes --------------

CREATE INDEX t1_idx_00000069 ON t1(i); -- stat1: 16 1
CREATE INDEX t2_idx_00000069 ON t2(i); -- stat1: 16 1

---------------------------------------------

