(rows inserted=1)
(rows inserted=1)
(rows inserted=1)
(rows inserted=1)
(rows inserted=1)
(rows inserted=1)
(rows inserted=1)
(rows inserted=1)
(rows inserted=1)
(rows inserted=1)
---------- Recommended Indexes --------------

CREATE INDEX t5_idx_00000069 ON t5(i); -- stat1: 10 1

---------------------------------------------

