(username='foo', isOP='N')
(username='root', isOP='Y')
(sleep(5)=5)
(rows='time partition shards')
(name='t1_tp', shardname='$0_A2BDF977', low=1577854800, high=2147483647)
(name='t1_tp', shardname='$2_EDD2AB7A', low=-2147483648, high=1577854800)
(rows='time partition shard permissions')
(name='t1_tp', username='foo', READ='Y', WRITE='Y', DDL='N')
(name='t1_tp', username='root', READ='Y', WRITE='Y', DDL='Y')
(rows='table permissions')
(tablename='$2_EDD2AB7A', username='foo', READ='Y', WRITE='Y', DDL='N')
(tablename='$0_A2BDF977', username='foo', READ='Y', WRITE='Y', DDL='N')
(rows inserted=1)
(rows inserted=1)
(i=1)
(i=2)
(rows='table permissions')
(tablename='$2_EDD2AB7A', username='foo', READ='Y', WRITE='N', DDL='N')
(tablename='$0_A2BDF977', username='foo', READ='Y', WRITE='N', DDL='N')
[insert into t1_tp values(3)] failed with rc -106 Write access denied to $0_A2BDF977 for user foo bdberr=15
(i=1)
(i=2)
