(username='dba', isOP='Y')
(username='foo', isOP='N')
(username='root', isOP='Y')
(sleep(5)=5)
(rows='time partition shards')
(count(*)=2)
(rows='time partition shard permissions')
(name='t1_tp', username='dba', READ='Y', WRITE='Y', DDL='Y')
(name='t1_tp', username='foo', READ='Y', WRITE='Y', DDL='N')
(name='t1_tp', username='root', READ='Y', WRITE='Y', DDL='Y')
(rows='table permissions')
(username='foo', READ='Y', WRITE='Y', DDL='N')
(username='foo', READ='Y', WRITE='Y', DDL='N')
(rows inserted=1)
(rows inserted=1)
(i=1)
(i=2)
(rows='table permissions')
(username='foo', READ='Y', WRITE='N', DDL='N')
(username='foo', READ='Y', WRITE='N', DDL='N')
[insert into t1_tp values(3)] failed with rc -106 Write access denied to t1_tp for user foo bdberr=15
(i=1)
(i=2)
(username='dba', isOP='Y')
