(username='foo', isOP='N')
(username='root', isOP='Y')
(sleep(5)=5)
(rows='time partition shards')
(name='t1_tp', shardname='$0_A2BDF977', low=1577854800, high=2147483647)
(name='t1_tp', shardname='$2_EDD2AB7A', low=-2147483648, high=1577854800)
(name='t2_tp', shardname='$0_B1ED0A83', low=1577854800, high=2147483647)
(name='t2_tp', shardname='$2_FE82588E', low=-2147483648, high=1577854800)
(rows='time partition shard permissions')
(tablename='t1_tp', username='foo', READ='Y', WRITE='N', DDL='N')
(tablename='t1_tp', username='root', READ='Y', WRITE='Y', DDL='Y')
(tablename='t2_tp', username='foo', READ='Y', WRITE='Y', DDL='Y')
(tablename='t2_tp', username='root', READ='Y', WRITE='Y', DDL='Y')
(rows='table permissions')
(tablename='$2_EDD2AB7A', username='foo', READ='N', WRITE='N', DDL='N')
(tablename='$0_A2BDF977', username='foo', READ='N', WRITE='N', DDL='N')
(tablename='$2_FE82588E', username='foo', READ='Y', WRITE='Y', DDL='Y')
(tablename='$0_B1ED0A83', username='foo', READ='Y', WRITE='Y', DDL='Y')
(rows inserted=1)
(rows inserted=1)
(i=1, j=NULL)
(i=2, j=2)
(rows='table permissions')
(tablename='$2_EDD2AB7A', username='foo', READ='N', WRITE='N', DDL='N')
(tablename='$0_A2BDF977', username='foo', READ='N', WRITE='N', DDL='N')
(tablename='$2_FE82588E', username='foo', READ='Y', WRITE='N', DDL='N')
(tablename='$0_B1ED0A83', username='foo', READ='Y', WRITE='N', DDL='N')
[alter table t2_tp { schema { int i int j null=yes } }] failed with rc -3 User does not have OP credentials
(i=1, j=NULL)
(i=2, j=2)
