(username='dba', isOP='Y')
(username='foo', isOP='N')
(username='root', isOP='Y')
(sleep(5)=5)
(rows='time partition shards')
(count(*)=4)
(rows='time partition shard permissions')
(tablename='t1_tp', username='dba', READ='Y', WRITE='Y', DDL='Y')
(tablename='t1_tp', username='foo', READ='Y', WRITE='N', DDL='N')
(tablename='t1_tp', username='root', READ='Y', WRITE='Y', DDL='Y')
(tablename='t2_tp', username='dba', READ='Y', WRITE='Y', DDL='Y')
(tablename='t2_tp', username='foo', READ='Y', WRITE='Y', DDL='Y')
(tablename='t2_tp', username='root', READ='Y', WRITE='Y', DDL='Y')
(rows='table permissions')
(username='foo', READ='N', WRITE='N', DDL='N')
(username='foo', READ='N', WRITE='N', DDL='N')
(username='foo', READ='Y', WRITE='Y', DDL='Y')
(username='foo', READ='Y', WRITE='Y', DDL='Y')
(rows inserted=1)
(rows inserted=1)
(i=1, j=NULL)
(i=2, j=2)
(rows='table permissions')
(username='foo', READ='N', WRITE='N', DDL='N')
(username='foo', READ='N', WRITE='N', DDL='N')
(username='foo', READ='Y', WRITE='N', DDL='N')
(username='foo', READ='Y', WRITE='N', DDL='N')
[alter table t2_tp { schema { int i int j null=yes } }] failed with rc -3 User does not have OP credentials
(i=1, j=NULL)
(i=2, j=2)
(username='dba', isOP='Y')
