(k=99, j=0, i=0, v='comdb2')
(k=99, j=1, i=1, v='comdb2')
(k=99, j=2, i=2, v='comdb2')
(k=99, j=3, i=3, v='comdb2')
(k=99, j=4, i=4, v='comdb2')
(k=99, j=5, i=5, v='comdb2')
(k=99, j=6, i=6, v='comdb2')
(k=99, j=7, i=7, v='comdb2')
(k=99, j=8, i=8, v='comdb2')
(k=99, j=9, i=9, v='comdb2')
(k=99, j=10, i=10, v='comdb2')
(k=99, j=11, i=11, v='comdb2')
(k=99, j=12, i=12, v='comdb2')
(k=99, j=13, i=13, v='comdb2')
(k=99, j=14, i=14, v='comdb2')
(k=15, j=15, i=15, v='comdb2')
(k=16, j=16, i=16, v='comdb2')
(k=17, j=17, i=17, v='comdb2')
(k=18, j=18, i=18, v='comdb2')
(k=19, j=19, i=19, v='comdb2')
(k=999, j=20, i=20, v='comdb2')
(k=999, j=21, i=21, v='comdb2')
(k=999, j=22, i=22, v='comdb2')
(k=999, j=23, i=23, v='comdb2')
(k=999, j=24, i=24, v='comdb2')
(k=25, j=25, i=25, v='20+5')
(k=26, j=26, i=26, v='twenty six')
(k=27, j=27, i=27, v='twenty seven')
(k=28, j=28, i=28, v='twenty eight')
(k=29, j=29, i=29, v='twenty nine')
(k=30, j=3405691582, i=30, v='thirty')
(k=999, j=3735928559, i=31, v='comdb2')
(k=999, j=3735936685, i=32, v='comdb2')
(k=33, j=3735943886, i=33, v='thirty three')
