(a=NULL)
(a=NULL)
(a=NULL)
(a=NULL)
(a=NULL)
(a=NULL)
(a=NULL)
(a=NULL)
(a=NULL)
(a=NULL)
(a=NULL)
(a=NULL)
(a=NULL)
(a=NULL)
(a=NULL)
(a=NULL)
(a=NULL)
(a=NULL)
(a=NULL)
(a=NULL)
(a=NULL)
(a=NULL)
(a=NULL)
(a=NULL)
(a=NULL)
(a=NULL)
(a=NULL)
(a=NULL)
(a=NULL)
(a=NULL)
(a=NULL)
(a=NULL)
(a=NULL)
(a=NULL)
(a=NULL)
(a=NULL)
(a=NULL)
(a=NULL)
(a=NULL)
(a=NULL)
(a=NULL)
(a=NULL)
(a=NULL)
(a=NULL)
(a=NULL)
(a=NULL)
(a=NULL)
(a=NULL)
(a=NULL)
(a=NULL)
(a=NULL)
(a=NULL)
(a=NULL)
(a=NULL)
(a=NULL)
(a=NULL)
(a=NULL)
(a=NULL)
(a=NULL)
(a=NULL)
(a=NULL)
(a=NULL)
(a=NULL)
(a=NULL)
(a=NULL)
(a=NULL)
(a=NULL)
(a=NULL)
(a=NULL)
(a=NULL)
(a=NULL)
(a=NULL)
(rows inserted=1)
(rows inserted=1)
(a=NULL)
(a=NULL)
(a=NULL)
(a=NULL)
(a=NULL)
(a=NULL)
(a=NULL)
(a=NULL)
(a=NULL)
(a=NULL)
(a=NULL)
(a=NULL)
(a=NULL)
(a=NULL)
(a=NULL)
(a=NULL)
(a=NULL)
(a=NULL)
(a=NULL)
(a=NULL)
(a=NULL)
(a=NULL)
(a=NULL)
(a=NULL)
(a=NULL)
(a=NULL)
(a=NULL)
(a=NULL)
(a=NULL)
(a=NULL)
(a=NULL)
(a=NULL)
(a=NULL)
(a=NULL)
(a=NULL)
(a=NULL)
(a=NULL)
(a=37)
(a=NULL)
(a=NULL)
(a=NULL)
(a=NULL)
(a=NULL)
(a=NULL)
(a=NULL)
(a=NULL)
(a=NULL)
(a=NULL)
(a=NULL)
(a=NULL)
(a=NULL)
(a=NULL)
(a=NULL)
(a=NULL)
(a=NULL)
(a=NULL)
(a=NULL)
(a=NULL)
(a=NULL)
(a=NULL)
(a=NULL)
(a=NULL)
(a=NULL)
(a=NULL)
(a=NULL)
(a=NULL)
(a=NULL)
(a=NULL)
(a=NULL)
(a=NULL)
(a=NULL)
(a=NULL)
(a=NULL)
(a=NULL)
(a=NULL)
(a=37)
