[drop table compress_alter] failed with rc -3 no such table: compress_alter
(rows inserted=1)
Schema change plan:-
    No changes to main data file
    No action for index 0 (.NEW.A) [no datacopy]
    No action for index 1 (.NEW.ALL) [no datacopy]
    Schema change does not require a table scan 
There is no change in the schema
Table is already odh enabled.
Table records are not compressed.
Table blobs are not compressed.
Table already supports in-place updates.
Table already supports instant schema change.
Live schema change running in parallel scan mode
Schema change plan:-
    Will perform instant schema change
    No changes to main data file
    Blob file 0 is new
    No action for index 0 (.NEW.A) [no datacopy]
    No action for index 1 (.NEW.ALL) [no datacopy]
    Schema change does not require a table scan 
Table is already odh enabled.
Table records are not compressed.
Table blobs are not compressed.
Table already supports in-place updates.
Table already supports instant schema change.
Live schema change running in parallel scan mode
(rows inserted=1)
Schema change plan:-
    Will perform instant schema change
    No changes to main data file
    No action for blob 0.
    No action for index 0 (.NEW.A) [no datacopy]
    Rebuild index 1 (.NEW.ALL) [no datacopy]
    Schema change requires a table scan 
Table is already odh enabled.
Table records are not compressed.
Table blobs are not compressed.
Table already supports in-place updates.
Table already supports instant schema change.
Live schema change running in parallel scan mode
(rows inserted=1)
alter db without any compression
(a=0, bl=NULL, b=NULL)
(a=1, bl=NULL, b=NULL)
(a=2, bl=NULL, b=NULL)
Schema change plan:-
    Will perform instant schema change
    No changes to main data file
    No action for blob 0.
    No action for index 0 (.NEW.A) [no datacopy]
    Rebuild index 1 (.NEW.ALL) [no datacopy]
    Schema change requires a table scan 
Table is already odh enabled.
Table records are not compressed.
Table blobs are not compressed.
Table already supports in-place updates.
Table already supports instant schema change.
Live schema change running in parallel scan mode
(rows inserted=1)
(a=0, bl=NULL, b=NULL, c=NULL)
(a=1, bl=NULL, b=NULL, c=NULL)
(a=2, bl=NULL, b=NULL, c=NULL)
(a=3, bl=NULL, b=NULL, c=NULL)
(rows inserted=1)
Schema change plan:-
    Will perform instant schema change
    No changes to main data file
    Blob file 0 is new
    No action for index 0 (.NEW.A) [no datacopy]
    No action for index 1 (.NEW.ALL) [no datacopy]
    Schema change does not require a table scan 
Table is already odh enabled.
Table records are not compressed.
Table blobs are not compressed.
Table already supports in-place updates.
Table already supports instant schema change.
Live schema change running in parallel scan mode
(rows inserted=1)
Schema change plan:-
    Will perform instant schema change
    No changes to main data file
    No action for blob 0.
    No action for index 0 (.NEW.A) [no datacopy]
    Rebuild index 1 (.NEW.ALL) [no datacopy]
    Schema change requires a table scan 
Table is already odh enabled.
Table records are not compressed.
Table blobs are not compressed.
Table already supports in-place updates.
Table already supports instant schema change.
Live schema change running in parallel scan mode
(rows inserted=1)
alter db with data compression
(a=0, bl=NULL, b=NULL)
(a=1, bl=NULL, b=NULL)
(a=2, bl=NULL, b=NULL)
Schema change plan:-
    Rebuild main data file
    No action for blob 0.
    No action for index 0 (.NEW.A) [no datacopy]
    Rebuild index 1 (.NEW.ALL) [no datacopy]
    Schema change requires a table scan 
Table is already odh enabled.
Table records will be compressed.
Table blobs are not compressed.
Table already supports in-place updates.
Table already supports instant schema change.
Live schema change running in parallel scan mode
(rows inserted=1)
(a=0, bl=NULL, b=NULL, c=NULL)
(a=1, bl=NULL, b=NULL, c=NULL)
(a=2, bl=NULL, b=NULL, c=NULL)
(a=3, bl=NULL, b=NULL, c=NULL)
(rows inserted=1)
Schema change plan:-
    Will perform instant schema change
    No changes to main data file
    Blob file 0 is new
    No action for index 0 (.NEW.A) [no datacopy]
    No action for index 1 (.NEW.ALL) [no datacopy]
    Schema change does not require a table scan 
Table is already odh enabled.
Table records are not compressed.
Table blobs are not compressed.
Table already supports in-place updates.
Table already supports instant schema change.
Live schema change running in parallel scan mode
(rows inserted=1)
Schema change plan:-
    Will perform instant schema change
    No changes to main data file
    No action for blob 0.
    No action for index 0 (.NEW.A) [no datacopy]
    Rebuild index 1 (.NEW.ALL) [no datacopy]
    Schema change requires a table scan 
Table is already odh enabled.
Table records are not compressed.
Table blobs are not compressed.
Table already supports in-place updates.
Table already supports instant schema change.
Live schema change running in parallel scan mode
(rows inserted=1)
alter db with blob compression
(a=0, bl=NULL, b=NULL)
(a=1, bl=NULL, b=NULL)
(a=2, bl=NULL, b=NULL)
Schema change plan:-
    Rebuild main data file
    Blob file 0 rebuild forced
    No action for index 0 (.NEW.A) [no datacopy]
    Rebuild index 1 (.NEW.ALL) [no datacopy]
    Schema change requires a table scan 
Table is already odh enabled.
Table records are not compressed.
Table blobs will be compressed.
Table already supports in-place updates.
Table already supports instant schema change.
Live schema change running in parallel scan mode
(rows inserted=1)
(a=0, bl=NULL, b=NULL, c=NULL)
(a=1, bl=NULL, b=NULL, c=NULL)
(a=2, bl=NULL, b=NULL, c=NULL)
(a=3, bl=NULL, b=NULL, c=NULL)
(rows inserted=1)
Schema change plan:-
    Will perform instant schema change
    No changes to main data file
    Blob file 0 is new
    No action for index 0 (.NEW.A) [no datacopy]
    No action for index 1 (.NEW.ALL) [no datacopy]
    Schema change does not require a table scan 
Table is already odh enabled.
Table records are not compressed.
Table blobs are not compressed.
Table already supports in-place updates.
Table already supports instant schema change.
Live schema change running in parallel scan mode
(rows inserted=1)
Schema change plan:-
    Will perform instant schema change
    No changes to main data file
    No action for blob 0.
    No action for index 0 (.NEW.A) [no datacopy]
    Rebuild index 1 (.NEW.ALL) [no datacopy]
    Schema change requires a table scan 
Table is already odh enabled.
Table records are not compressed.
Table blobs are not compressed.
Table already supports in-place updates.
Table already supports instant schema change.
Live schema change running in parallel scan mode
(rows inserted=1)
alter db compress data and blobs
(a=0, bl=NULL, b=NULL)
(a=1, bl=NULL, b=NULL)
(a=2, bl=NULL, b=NULL)
Schema change plan:-
    Rebuild main data file
    Blob file 0 rebuild forced
    No action for index 0 (.NEW.A) [no datacopy]
    Rebuild index 1 (.NEW.ALL) [no datacopy]
    Schema change requires a table scan 
Table is already odh enabled.
Table records will be compressed.
Table blobs will be compressed.
Table already supports in-place updates.
Table already supports instant schema change.
Live schema change running in parallel scan mode
(rows inserted=1)
(a=0, bl=NULL, b=NULL, c=NULL)
(a=1, bl=NULL, b=NULL, c=NULL)
(a=2, bl=NULL, b=NULL, c=NULL)
(a=3, bl=NULL, b=NULL, c=NULL)
